[2019-12-13T17:13:47.709-0600][gc,heap] Heap region size: 1M
[2019-12-13T17:13:47.715-0600][gc     ] Using G1
[2019-12-13T17:13:47.715-0600][gc,heap,coops] Heap address: 0x00000000c0000000, size: 1024 MB, Compressed Oops mode: 32-bit
[2019-12-13T17:13:50.346-0600][gc,start     ] GC(0) Pause Young (Normal) (G1 Evacuation Pause)
[2019-12-13T17:13:50.346-0600][gc,task      ] GC(0) Using 1 workers of 1 for evacuation
[2019-12-13T17:13:50.359-0600][gc,phases    ] GC(0)   Pre Evacuate Collection Set: 0.0ms
[2019-12-13T17:13:50.359-0600][gc,phases    ] GC(0)   Evacuate Collection Set: 12.6ms
[2019-12-13T17:13:50.359-0600][gc,phases    ] GC(0)   Post Evacuate Collection Set: 0.3ms
[2019-12-13T17:13:50.359-0600][gc,phases    ] GC(0)   Other: 0.1ms
[2019-12-13T17:13:50.359-0600][gc,heap      ] GC(0) Eden regions: 51->0(44)
[2019-12-13T17:13:50.359-0600][gc,heap      ] GC(0) Survivor regions: 0->7(7)
[2019-12-13T17:13:50.359-0600][gc,heap      ] GC(0) Old regions: 0->0
[2019-12-13T17:13:50.359-0600][gc,heap      ] GC(0) Humongous regions: 0->0
[2019-12-13T17:13:50.359-0600][gc,metaspace ] GC(0) Metaspace: 17115K->17115K(1064960K)
[2019-12-13T17:13:50.360-0600][gc           ] GC(0) Pause Young (Normal) (G1 Evacuation Pause) 51M->6M(1024M) 13.138ms
[2019-12-13T17:13:50.360-0600][gc,cpu       ] GC(0) User=0.01s Sys=0.01s Real=0.02s
[2019-12-13T17:13:51.174-0600][gc,start     ] GC(1) Pause Young (Concurrent Start) (Metadata GC Threshold)
[2019-12-13T17:13:51.174-0600][gc,task      ] GC(1) Using 1 workers of 1 for evacuation
[2019-12-13T17:13:51.196-0600][gc,mmu       ] GC(1) MMU target violated: 21.0ms (20.0ms/21.0ms)
[2019-12-13T17:13:51.196-0600][gc,phases    ] GC(1)   Pre Evacuate Collection Set: 0.0ms
[2019-12-13T17:13:51.196-0600][gc,phases    ] GC(1)   Evacuate Collection Set: 22.0ms
[2019-12-13T17:13:51.196-0600][gc,phases    ] GC(1)   Post Evacuate Collection Set: 0.2ms
[2019-12-13T17:13:51.196-0600][gc,phases    ] GC(1)   Other: 0.2ms
[2019-12-13T17:13:51.196-0600][gc,heap      ] GC(1) Eden regions: 15->0(49)
[2019-12-13T17:13:51.196-0600][gc,heap      ] GC(1) Survivor regions: 7->2(7)
[2019-12-13T17:13:51.196-0600][gc,heap      ] GC(1) Old regions: 0->7
[2019-12-13T17:13:51.196-0600][gc,heap      ] GC(1) Humongous regions: 129->129
[2019-12-13T17:13:51.196-0600][gc,metaspace ] GC(1) Metaspace: 20535K->20535K(1067008K)
[2019-12-13T17:13:51.196-0600][gc           ] GC(1) Pause Young (Concurrent Start) (Metadata GC Threshold) 150M->136M(1024M) 22.483ms
[2019-12-13T17:13:51.196-0600][gc,cpu       ] GC(1) User=0.02s Sys=0.00s Real=0.02s
[2019-12-13T17:13:51.197-0600][gc           ] GC(2) Concurrent Cycle
[2019-12-13T17:13:51.197-0600][gc,marking   ] GC(2) Concurrent Clear Claimed Marks
[2019-12-13T17:13:51.197-0600][gc,marking   ] GC(2) Concurrent Clear Claimed Marks 0.036ms
[2019-12-13T17:13:51.197-0600][gc,marking   ] GC(2) Concurrent Scan Root Regions
[2019-12-13T17:13:51.199-0600][gc,marking   ] GC(2) Concurrent Scan Root Regions 2.572ms
[2019-12-13T17:13:51.199-0600][gc,marking   ] GC(2) Concurrent Mark (3.493s)
[2019-12-13T17:13:51.199-0600][gc,marking   ] GC(2) Concurrent Mark From Roots
[2019-12-13T17:13:51.199-0600][gc,task      ] GC(2) Using 1 workers of 1 for marking
[2019-12-13T17:13:51.226-0600][gc,marking   ] GC(2) Concurrent Mark From Roots 26.617ms
[2019-12-13T17:13:51.226-0600][gc,marking   ] GC(2) Concurrent Preclean
[2019-12-13T17:13:51.226-0600][gc,marking   ] GC(2) Concurrent Preclean 0.059ms
[2019-12-13T17:13:51.226-0600][gc,marking   ] GC(2) Concurrent Mark (3.493s, 3.520s) 26.711ms
[2019-12-13T17:13:51.226-0600][gc,start     ] GC(2) Pause Remark
[2019-12-13T17:13:51.230-0600][gc,stringtable] GC(2) Cleaned string and symbol table, strings: 9061 processed, 0 removed, symbols: 49876 processed, 47 removed
[2019-12-13T17:13:51.230-0600][gc            ] GC(2) Pause Remark 138M->138M(1024M) 3.542ms
[2019-12-13T17:13:51.230-0600][gc,cpu        ] GC(2) User=0.01s Sys=0.00s Real=0.00s
[2019-12-13T17:13:51.230-0600][gc,marking    ] GC(2) Concurrent Rebuild Remembered Sets
[2019-12-13T17:13:51.251-0600][gc,marking    ] GC(2) Concurrent Rebuild Remembered Sets 21.650ms
[2019-12-13T17:13:51.252-0600][gc,start      ] GC(2) Pause Cleanup
[2019-12-13T17:13:51.252-0600][gc            ] GC(2) Pause Cleanup 139M->139M(1024M) 0.234ms
[2019-12-13T17:13:51.252-0600][gc,cpu        ] GC(2) User=0.00s Sys=0.00s Real=0.00s
[2019-12-13T17:13:51.252-0600][gc,marking    ] GC(2) Concurrent Cleanup for Next Mark
[2019-12-13T17:13:51.262-0600][gc,marking    ] GC(2) Concurrent Cleanup for Next Mark 10.516ms
[2019-12-13T17:13:51.262-0600][gc            ] GC(2) Concurrent Cycle 65.616ms
[2019-12-13T17:14:05.988-0600][gc,start      ] GC(3) Pause Young (Normal) (G1 Evacuation Pause)
[2019-12-13T17:14:05.988-0600][gc,task       ] GC(3) Using 1 workers of 1 for evacuation
[2019-12-13T17:14:06.011-0600][gc,mmu        ] GC(3) MMU target violated: 21.0ms (20.0ms/21.0ms)
[2019-12-13T17:14:06.011-0600][gc,phases     ] GC(3)   Pre Evacuate Collection Set: 0.0ms
[2019-12-13T17:14:06.011-0600][gc,phases     ] GC(3)   Evacuate Collection Set: 22.0ms
[2019-12-13T17:14:06.011-0600][gc,phases     ] GC(3)   Post Evacuate Collection Set: 0.3ms
[2019-12-13T17:14:06.011-0600][gc,phases     ] GC(3)   Other: 0.1ms
[2019-12-13T17:14:06.011-0600][gc,heap       ] GC(3) Eden regions: 49->0(46)
[2019-12-13T17:14:06.011-0600][gc,heap       ] GC(3) Survivor regions: 2->5(7)
[2019-12-13T17:14:06.011-0600][gc,heap       ] GC(3) Old regions: 7->7
[2019-12-13T17:14:06.011-0600][gc,heap       ] GC(3) Humongous regions: 129->129
[2019-12-13T17:14:06.011-0600][gc,metaspace  ] GC(3) Metaspace: 30523K->30523K(1077248K)
[2019-12-13T17:14:06.011-0600][gc            ] GC(3) Pause Young (Normal) (G1 Evacuation Pause) 185M->140M(1024M) 22.509ms
[2019-12-13T17:14:06.011-0600][gc,cpu        ] GC(3) User=0.03s Sys=0.00s Real=0.02s
[2019-12-13T17:51:37.993-0600][gc,start      ] GC(4) Pause Young (Normal) (G1 Evacuation Pause)
[2019-12-13T17:51:37.998-0600][gc,task       ] GC(4) Using 1 workers of 1 for evacuation
[2019-12-13T17:51:38.013-0600][gc,phases     ] GC(4)   Pre Evacuate Collection Set: 0.0ms
[2019-12-13T17:51:38.013-0600][gc,phases     ] GC(4)   Evacuate Collection Set: 15.4ms
[2019-12-13T17:51:38.013-0600][gc,phases     ] GC(4)   Post Evacuate Collection Set: 0.3ms
[2019-12-13T17:51:38.013-0600][gc,phases     ] GC(4)   Other: 5.0ms
[2019-12-13T17:51:38.013-0600][gc,heap       ] GC(4) Eden regions: 46->0(50)
[2019-12-13T17:51:38.013-0600][gc,heap       ] GC(4) Survivor regions: 5->1(7)
[2019-12-13T17:51:38.013-0600][gc,heap       ] GC(4) Old regions: 7->12
[2019-12-13T17:51:38.013-0600][gc,heap       ] GC(4) Humongous regions: 129->129
[2019-12-13T17:51:38.013-0600][gc,metaspace  ] GC(4) Metaspace: 32804K->32804K(1079296K)
[2019-12-13T17:51:38.013-0600][gc            ] GC(4) Pause Young (Normal) (G1 Evacuation Pause) 186M->140M(1024M) 20.744ms
[2019-12-13T17:51:38.013-0600][gc,cpu        ] GC(4) User=0.02s Sys=0.00s Real=0.02s
[2019-12-13T18:42:52.090-0600][gc,start      ] GC(5) Pause Young (Normal) (G1 Evacuation Pause)
[2019-12-13T18:42:52.091-0600][gc,task       ] GC(5) Using 1 workers of 1 for evacuation
[2019-12-13T18:42:52.103-0600][gc,phases     ] GC(5)   Pre Evacuate Collection Set: 0.2ms
[2019-12-13T18:42:52.103-0600][gc,phases     ] GC(5)   Evacuate Collection Set: 10.9ms
[2019-12-13T18:42:52.103-0600][gc,phases     ] GC(5)   Post Evacuate Collection Set: 0.3ms
[2019-12-13T18:42:52.103-0600][gc,phases     ] GC(5)   Other: 1.5ms
[2019-12-13T18:42:52.103-0600][gc,heap       ] GC(5) Eden regions: 50->0(50)
[2019-12-13T18:42:52.103-0600][gc,heap       ] GC(5) Survivor regions: 1->1(7)
[2019-12-13T18:42:52.103-0600][gc,heap       ] GC(5) Old regions: 12->12
[2019-12-13T18:42:52.103-0600][gc,heap       ] GC(5) Humongous regions: 129->129
[2019-12-13T18:42:52.103-0600][gc,metaspace  ] GC(5) Metaspace: 33065K->33065K(1079296K)
[2019-12-13T18:42:52.103-0600][gc            ] GC(5) Pause Young (Normal) (G1 Evacuation Pause) 190M->140M(1024M) 12.949ms
[2019-12-13T18:42:52.103-0600][gc,cpu        ] GC(5) User=0.01s Sys=0.00s Real=0.02s
[2019-12-13T19:13:31.853-0600][gc,start      ] GC(6) Pause Young (Normal) (G1 Evacuation Pause)
[2019-12-13T19:13:31.855-0600][gc,task       ] GC(6) Using 1 workers of 1 for evacuation
[2019-12-13T19:13:31.923-0600][gc,mmu        ] GC(6) MMU target violated: 21.0ms (20.0ms/21.0ms)
[2019-12-13T19:13:31.923-0600][gc,phases     ] GC(6)   Pre Evacuate Collection Set: 0.8ms
[2019-12-13T19:13:31.923-0600][gc,phases     ] GC(6)   Evacuate Collection Set: 62.8ms
[2019-12-13T19:13:31.923-0600][gc,phases     ] GC(6)   Post Evacuate Collection Set: 3.5ms
[2019-12-13T19:13:31.923-0600][gc,phases     ] GC(6)   Other: 4.5ms
[2019-12-13T19:13:31.926-0600][gc,heap       ] GC(6) Eden regions: 50->0(49)
[2019-12-13T19:13:31.926-0600][gc,heap       ] GC(6) Survivor regions: 1->2(7)
[2019-12-13T19:13:31.926-0600][gc,heap       ] GC(6) Old regions: 12->12
[2019-12-13T19:13:31.926-0600][gc,heap       ] GC(6) Humongous regions: 129->129
[2019-12-13T19:13:31.926-0600][gc,metaspace  ] GC(6) Metaspace: 33714K->33714K(1079296K)
[2019-12-13T19:13:31.927-0600][gc            ] GC(6) Pause Young (Normal) (G1 Evacuation Pause) 190M->141M(1024M) 72.751ms
[2019-12-13T19:13:31.927-0600][gc,cpu        ] GC(6) User=0.03s Sys=0.00s Real=0.07s
[2019-12-13T19:13:32.160-0600][gc,start      ] GC(7) Pause Young (Concurrent Start) (Metadata GC Threshold)
[2019-12-13T19:13:32.160-0600][gc,task       ] GC(7) Using 1 workers of 1 for evacuation
[2019-12-13T19:13:32.186-0600][gc,mmu        ] GC(7) MMU target violated: 21.0ms (20.0ms/21.0ms)
[2019-12-13T19:13:32.186-0600][gc,phases     ] GC(7)   Pre Evacuate Collection Set: 0.1ms
[2019-12-13T19:13:32.186-0600][gc,phases     ] GC(7)   Evacuate Collection Set: 23.7ms
[2019-12-13T19:13:32.186-0600][gc,phases     ] GC(7)   Post Evacuate Collection Set: 0.7ms
[2019-12-13T19:13:32.186-0600][gc,phases     ] GC(7)   Other: 1.8ms
[2019-12-13T19:13:32.186-0600][gc,heap       ] GC(7) Eden regions: 4->0(49)
[2019-12-13T19:13:32.186-0600][gc,heap       ] GC(7) Survivor regions: 2->2(7)
[2019-12-13T19:13:32.186-0600][gc,heap       ] GC(7) Old regions: 12->12
[2019-12-13T19:13:32.186-0600][gc,heap       ] GC(7) Humongous regions: 129->129
[2019-12-13T19:13:32.186-0600][gc,metaspace  ] GC(7) Metaspace: 33965K->33965K(1079296K)
[2019-12-13T19:13:32.186-0600][gc            ] GC(7) Pause Young (Concurrent Start) (Metadata GC Threshold) 144M->141M(1024M) 25.992ms
[2019-12-13T19:13:32.186-0600][gc,cpu        ] GC(7) User=0.01s Sys=0.00s Real=0.02s
[2019-12-13T19:13:32.186-0600][gc            ] GC(8) Concurrent Cycle
[2019-12-13T19:13:32.186-0600][gc,marking    ] GC(8) Concurrent Clear Claimed Marks
[2019-12-13T19:13:32.186-0600][gc,marking    ] GC(8) Concurrent Clear Claimed Marks 0.103ms
[2019-12-13T19:13:32.186-0600][gc,marking    ] GC(8) Concurrent Scan Root Regions
[2019-12-13T19:13:32.210-0600][gc,marking    ] GC(8) Concurrent Scan Root Regions 23.512ms
[2019-12-13T19:13:32.210-0600][gc,marking    ] GC(8) Concurrent Mark (7184.504s)
[2019-12-13T19:13:32.210-0600][gc,marking    ] GC(8) Concurrent Mark From Roots
[2019-12-13T19:13:32.210-0600][gc,task       ] GC(8) Using 1 workers of 1 for marking
[2019-12-13T19:13:32.493-0600][gc,marking    ] GC(8) Concurrent Mark From Roots 282.687ms
[2019-12-13T19:13:32.493-0600][gc,marking    ] GC(8) Concurrent Preclean
[2019-12-13T19:13:32.493-0600][gc,marking    ] GC(8) Concurrent Preclean 0.134ms
[2019-12-13T19:13:32.493-0600][gc,marking    ] GC(8) Concurrent Mark (7184.504s, 7184.787s) 282.862ms
[2019-12-13T19:13:32.493-0600][gc,start      ] GC(8) Pause Remark
[2019-12-13T19:13:32.616-0600][gc,stringtable] GC(8) Cleaned string and symbol table, strings: 15156 processed, 297 removed, symbols: 74717 processed, 19 removed
[2019-12-13T19:13:32.617-0600][gc,mmu        ] GC(8) MMU target violated: 21.0ms (20.0ms/21.0ms)
[2019-12-13T19:13:32.617-0600][gc            ] GC(8) Pause Remark 145M->145M(1024M) 124.159ms
[2019-12-13T19:13:32.617-0600][gc,cpu        ] GC(8) User=0.03s Sys=0.00s Real=0.12s
[2019-12-13T19:13:32.618-0600][gc,marking    ] GC(8) Concurrent Rebuild Remembered Sets
[2019-12-13T19:13:32.665-0600][gc,marking    ] GC(8) Concurrent Rebuild Remembered Sets 47.107ms
[2019-12-13T19:13:32.665-0600][gc,start      ] GC(8) Pause Cleanup
[2019-12-13T19:13:32.666-0600][gc            ] GC(8) Pause Cleanup 145M->145M(1024M) 0.553ms
[2019-12-13T19:13:32.666-0600][gc,cpu        ] GC(8) User=0.00s Sys=0.00s Real=0.00s
[2019-12-13T19:13:32.666-0600][gc,marking    ] GC(8) Concurrent Cleanup for Next Mark
[2019-12-13T19:13:32.704-0600][gc,marking    ] GC(8) Concurrent Cleanup for Next Mark 37.662ms
[2019-12-13T19:13:32.704-0600][gc            ] GC(8) Concurrent Cycle 517.400ms
[2019-12-13T19:30:35.761-0600][gc,start      ] GC(9) Pause Young (Concurrent Start) (G1 Evacuation Pause)
[2019-12-13T19:30:35.761-0600][gc,task       ] GC(9) Using 1 workers of 1 for evacuation
[2019-12-13T19:30:35.796-0600][gc,mmu        ] GC(9) MMU target violated: 21.0ms (20.0ms/21.0ms)
[2019-12-13T19:30:35.796-0600][gc,phases     ] GC(9)   Pre Evacuate Collection Set: 0.3ms
[2019-12-13T19:30:35.796-0600][gc,phases     ] GC(9)   Evacuate Collection Set: 33.8ms
[2019-12-13T19:30:35.796-0600][gc,phases     ] GC(9)   Post Evacuate Collection Set: 0.4ms
[2019-12-13T19:30:35.796-0600][gc,phases     ] GC(9)   Other: 0.7ms
[2019-12-13T19:30:35.796-0600][gc,heap       ] GC(9) Eden regions: 49->0(48)
[2019-12-13T19:30:35.796-0600][gc,heap       ] GC(9) Survivor regions: 2->3(7)
[2019-12-13T19:30:35.796-0600][gc,heap       ] GC(9) Old regions: 12->12
[2019-12-13T19:30:35.796-0600][gc,heap       ] GC(9) Humongous regions: 129->129
[2019-12-13T19:30:35.796-0600][gc,metaspace  ] GC(9) Metaspace: 35513K->35513K(1081344K)
[2019-12-13T19:30:35.796-0600][gc            ] GC(9) Pause Young (Concurrent Start) (G1 Evacuation Pause) 190M->142M(1024M) 35.206ms
[2019-12-13T19:30:35.796-0600][gc,cpu        ] GC(9) User=0.02s Sys=0.00s Real=0.03s
[2019-12-13T19:30:35.796-0600][gc            ] GC(10) Concurrent Cycle
[2019-12-13T19:30:35.796-0600][gc,marking    ] GC(10) Concurrent Clear Claimed Marks
[2019-12-13T19:30:35.796-0600][gc,marking    ] GC(10) Concurrent Clear Claimed Marks 0.113ms
[2019-12-13T19:30:35.796-0600][gc,marking    ] GC(10) Concurrent Scan Root Regions
[2019-12-13T19:30:35.800-0600][gc,marking    ] GC(10) Concurrent Scan Root Regions 3.551ms
[2019-12-13T19:30:35.800-0600][gc,marking    ] GC(10) Concurrent Mark (8208.094s)
[2019-12-13T19:30:35.800-0600][gc,marking    ] GC(10) Concurrent Mark From Roots
[2019-12-13T19:30:35.800-0600][gc,task       ] GC(10) Using 1 workers of 1 for marking
[2019-12-13T19:30:35.816-0600][gc,marking    ] GC(10) Concurrent Mark From Roots 16.232ms
[2019-12-13T19:30:35.816-0600][gc,marking    ] GC(10) Concurrent Preclean
[2019-12-13T19:30:35.816-0600][gc,marking    ] GC(10) Concurrent Preclean 0.047ms
[2019-12-13T19:30:35.816-0600][gc,marking    ] GC(10) Concurrent Mark (8208.094s, 8208.110s) 16.311ms
[2019-12-13T19:30:35.816-0600][gc,start      ] GC(10) Pause Remark
[2019-12-13T19:30:35.824-0600][gc,stringtable] GC(10) Cleaned string and symbol table, strings: 15267 processed, 7 removed, symbols: 75544 processed, 9 removed
[2019-12-13T19:30:35.824-0600][gc            ] GC(10) Pause Remark 142M->142M(1024M) 7.857ms
[2019-12-13T19:30:35.824-0600][gc,cpu        ] GC(10) User=0.01s Sys=0.00s Real=0.01s
[2019-12-13T19:30:35.824-0600][gc,marking    ] GC(10) Concurrent Rebuild Remembered Sets
[2019-12-13T19:30:35.834-0600][gc,marking    ] GC(10) Concurrent Rebuild Remembered Sets 10.075ms
[2019-12-13T19:30:35.834-0600][gc,start      ] GC(10) Pause Cleanup
[2019-12-13T19:30:35.834-0600][gc            ] GC(10) Pause Cleanup 142M->142M(1024M) 0.139ms
[2019-12-13T19:30:35.835-0600][gc,cpu        ] GC(10) User=0.00s Sys=0.00s Real=0.00s
[2019-12-13T19:30:35.835-0600][gc,marking    ] GC(10) Concurrent Cleanup for Next Mark
[2019-12-13T19:30:35.952-0600][gc,marking    ] GC(10) Concurrent Cleanup for Next Mark 117.452ms
[2019-12-13T19:30:35.952-0600][gc            ] GC(10) Concurrent Cycle 155.839ms
[2019-12-13T19:52:21.018-0600][gc,start      ] GC(11) Pause Young (Normal) (G1 Evacuation Pause)
[2019-12-13T19:52:21.019-0600][gc,task       ] GC(11) Using 1 workers of 1 for evacuation
[2019-12-13T19:52:21.050-0600][gc,mmu        ] GC(11) MMU target violated: 21.0ms (20.0ms/21.0ms)
[2019-12-13T19:52:21.050-0600][gc,phases     ] GC(11)   Pre Evacuate Collection Set: 0.1ms
[2019-12-13T19:52:21.050-0600][gc,phases     ] GC(11)   Evacuate Collection Set: 30.5ms
[2019-12-13T19:52:21.050-0600][gc,phases     ] GC(11)   Post Evacuate Collection Set: 0.5ms
[2019-12-13T19:52:21.050-0600][gc,phases     ] GC(11)   Other: 0.5ms
[2019-12-13T19:52:21.050-0600][gc,heap       ] GC(11) Eden regions: 48->0(48)
[2019-12-13T19:52:21.050-0600][gc,heap       ] GC(11) Survivor regions: 3->3(7)
[2019-12-13T19:52:21.050-0600][gc,heap       ] GC(11) Old regions: 12->12
[2019-12-13T19:52:21.050-0600][gc,heap       ] GC(11) Humongous regions: 129->129
[2019-12-13T19:52:21.050-0600][gc,metaspace  ] GC(11) Metaspace: 35536K->35536K(1081344K)
[2019-12-13T19:52:21.050-0600][gc            ] GC(11) Pause Young (Normal) (G1 Evacuation Pause) 190M->142M(1024M) 31.663ms
[2019-12-13T19:52:21.050-0600][gc,cpu        ] GC(11) User=0.03s Sys=0.00s Real=0.03s
[2019-12-13T20:14:26.138-0600][gc,start      ] GC(12) Pause Young (Normal) (G1 Evacuation Pause)
[2019-12-13T20:14:26.138-0600][gc,task       ] GC(12) Using 1 workers of 1 for evacuation
[2019-12-13T20:14:26.149-0600][gc,phases     ] GC(12)   Pre Evacuate Collection Set: 0.0ms
[2019-12-13T20:14:26.149-0600][gc,phases     ] GC(12)   Evacuate Collection Set: 10.5ms
[2019-12-13T20:14:26.149-0600][gc,phases     ] GC(12)   Post Evacuate Collection Set: 0.4ms
[2019-12-13T20:14:26.149-0600][gc,phases     ] GC(12)   Other: 0.1ms
[2019-12-13T20:14:26.149-0600][gc,heap       ] GC(12) Eden regions: 48->0(48)
[2019-12-13T20:14:26.149-0600][gc,heap       ] GC(12) Survivor regions: 3->3(7)
[2019-12-13T20:14:26.149-0600][gc,heap       ] GC(12) Old regions: 12->12
[2019-12-13T20:14:26.149-0600][gc,heap       ] GC(12) Humongous regions: 129->129
[2019-12-13T20:14:26.149-0600][gc,metaspace  ] GC(12) Metaspace: 35576K->35576K(1081344K)
[2019-12-13T20:14:26.149-0600][gc            ] GC(12) Pause Young (Normal) (G1 Evacuation Pause) 190M->142M(1024M) 11.523ms
[2019-12-13T20:14:26.149-0600][gc,cpu        ] GC(12) User=0.01s Sys=0.00s Real=0.01s
[2019-12-13T20:36:50.749-0600][gc,start      ] GC(13) Pause Young (Normal) (G1 Evacuation Pause)
[2019-12-13T20:36:50.750-0600][gc,task       ] GC(13) Using 1 workers of 1 for evacuation
[2019-12-13T20:36:50.761-0600][gc,phases     ] GC(13)   Pre Evacuate Collection Set: 0.1ms
[2019-12-13T20:36:50.761-0600][gc,phases     ] GC(13)   Evacuate Collection Set: 11.1ms
[2019-12-13T20:36:50.761-0600][gc,phases     ] GC(13)   Post Evacuate Collection Set: 0.3ms
[2019-12-13T20:36:50.761-0600][gc,phases     ] GC(13)   Other: 0.5ms
[2019-12-13T20:36:50.761-0600][gc,heap       ] GC(13) Eden regions: 48->0(48)
[2019-12-13T20:36:50.761-0600][gc,heap       ] GC(13) Survivor regions: 3->3(7)
[2019-12-13T20:36:50.761-0600][gc,heap       ] GC(13) Old regions: 12->12
[2019-12-13T20:36:50.761-0600][gc,heap       ] GC(13) Humongous regions: 129->129
[2019-12-13T20:36:50.761-0600][gc,metaspace  ] GC(13) Metaspace: 35593K->35593K(1081344K)
[2019-12-13T20:36:50.761-0600][gc            ] GC(13) Pause Young (Normal) (G1 Evacuation Pause) 190M->142M(1024M) 12.004ms
[2019-12-13T20:36:50.761-0600][gc,cpu        ] GC(13) User=0.01s Sys=0.00s Real=0.02s
[2019-12-13T20:59:11.139-0600][gc,start      ] GC(14) Pause Young (Normal) (G1 Evacuation Pause)
[2019-12-13T20:59:11.139-0600][gc,task       ] GC(14) Using 1 workers of 1 for evacuation
[2019-12-13T20:59:11.168-0600][gc,mmu        ] GC(14) MMU target violated: 21.0ms (20.0ms/21.0ms)
[2019-12-13T20:59:11.168-0600][gc,phases     ] GC(14)   Pre Evacuate Collection Set: 0.1ms
[2019-12-13T20:59:11.168-0600][gc,phases     ] GC(14)   Evacuate Collection Set: 28.1ms
[2019-12-13T20:59:11.168-0600][gc,phases     ] GC(14)   Post Evacuate Collection Set: 0.5ms
[2019-12-13T20:59:11.168-0600][gc,phases     ] GC(14)   Other: 1.1ms
[2019-12-13T20:59:11.168-0600][gc,heap       ] GC(14) Eden regions: 48->0(48)
[2019-12-13T20:59:11.168-0600][gc,heap       ] GC(14) Survivor regions: 3->3(7)
[2019-12-13T20:59:11.168-0600][gc,heap       ] GC(14) Old regions: 12->12
[2019-12-13T20:59:11.168-0600][gc,heap       ] GC(14) Humongous regions: 129->129
[2019-12-13T20:59:11.168-0600][gc,metaspace  ] GC(14) Metaspace: 35596K->35596K(1081344K)
[2019-12-13T20:59:11.169-0600][gc            ] GC(14) Pause Young (Normal) (G1 Evacuation Pause) 190M->142M(1024M) 29.819ms
[2019-12-13T20:59:11.169-0600][gc,cpu        ] GC(14) User=0.03s Sys=0.00s Real=0.03s
[2019-12-13T21:21:41.137-0600][gc,start      ] GC(15) Pause Young (Normal) (G1 Evacuation Pause)
[2019-12-13T21:21:41.137-0600][gc,task       ] GC(15) Using 1 workers of 1 for evacuation
[2019-12-13T21:21:41.148-0600][gc,phases     ] GC(15)   Pre Evacuate Collection Set: 0.0ms
[2019-12-13T21:21:41.148-0600][gc,phases     ] GC(15)   Evacuate Collection Set: 10.1ms
[2019-12-13T21:21:41.148-0600][gc,phases     ] GC(15)   Post Evacuate Collection Set: 0.3ms
[2019-12-13T21:21:41.148-0600][gc,phases     ] GC(15)   Other: 0.2ms
[2019-12-13T21:21:41.148-0600][gc,heap       ] GC(15) Eden regions: 48->0(48)
[2019-12-13T21:21:41.148-0600][gc,heap       ] GC(15) Survivor regions: 3->3(7)
[2019-12-13T21:21:41.148-0600][gc,heap       ] GC(15) Old regions: 12->12
[2019-12-13T21:21:41.148-0600][gc,heap       ] GC(15) Humongous regions: 129->129
[2019-12-13T21:21:41.148-0600][gc,metaspace  ] GC(15) Metaspace: 35603K->35603K(1081344K)
[2019-12-13T21:21:41.148-0600][gc            ] GC(15) Pause Young (Normal) (G1 Evacuation Pause) 190M->142M(1024M) 10.977ms
[2019-12-13T21:21:41.148-0600][gc,cpu        ] GC(15) User=0.01s Sys=0.00s Real=0.01s
[2019-12-13T21:44:11.138-0600][gc,start      ] GC(16) Pause Young (Normal) (G1 Evacuation Pause)
[2019-12-13T21:44:11.138-0600][gc,task       ] GC(16) Using 1 workers of 1 for evacuation
[2019-12-13T21:44:11.149-0600][gc,phases     ] GC(16)   Pre Evacuate Collection Set: 0.0ms
[2019-12-13T21:44:11.149-0600][gc,phases     ] GC(16)   Evacuate Collection Set: 10.8ms
[2019-12-13T21:44:11.149-0600][gc,phases     ] GC(16)   Post Evacuate Collection Set: 0.5ms
[2019-12-13T21:44:11.150-0600][gc,phases     ] GC(16)   Other: 0.2ms
[2019-12-13T21:44:11.150-0600][gc,heap       ] GC(16) Eden regions: 48->0(48)
[2019-12-13T21:44:11.150-0600][gc,heap       ] GC(16) Survivor regions: 3->3(7)
[2019-12-13T21:44:11.150-0600][gc,heap       ] GC(16) Old regions: 12->12
[2019-12-13T21:44:11.150-0600][gc,heap       ] GC(16) Humongous regions: 129->129
[2019-12-13T21:44:11.150-0600][gc,metaspace  ] GC(16) Metaspace: 35620K->35620K(1081344K)
[2019-12-13T21:44:11.150-0600][gc            ] GC(16) Pause Young (Normal) (G1 Evacuation Pause) 190M->142M(1024M) 11.958ms
[2019-12-13T21:44:11.150-0600][gc,cpu        ] GC(16) User=0.02s Sys=0.00s Real=0.01s
[2019-12-13T22:06:11.139-0600][gc,start      ] GC(17) Pause Young (Normal) (G1 Evacuation Pause)
[2019-12-13T22:06:11.139-0600][gc,task       ] GC(17) Using 1 workers of 1 for evacuation
[2019-12-13T22:06:11.153-0600][gc,phases     ] GC(17)   Pre Evacuate Collection Set: 0.2ms
[2019-12-13T22:06:11.153-0600][gc,phases     ] GC(17)   Evacuate Collection Set: 13.5ms
[2019-12-13T22:06:11.153-0600][gc,phases     ] GC(17)   Post Evacuate Collection Set: 0.3ms
[2019-12-13T22:06:11.153-0600][gc,phases     ] GC(17)   Other: 0.5ms
[2019-12-13T22:06:11.153-0600][gc,heap       ] GC(17) Eden regions: 48->0(48)
[2019-12-13T22:06:11.153-0600][gc,heap       ] GC(17) Survivor regions: 3->3(7)
[2019-12-13T22:06:11.153-0600][gc,heap       ] GC(17) Old regions: 12->12
[2019-12-13T22:06:11.153-0600][gc,heap       ] GC(17) Humongous regions: 129->129
[2019-12-13T22:06:11.153-0600][gc,metaspace  ] GC(17) Metaspace: 35626K->35626K(1081344K)
[2019-12-13T22:06:11.153-0600][gc            ] GC(17) Pause Young (Normal) (G1 Evacuation Pause) 190M->143M(1024M) 14.430ms
[2019-12-13T22:06:11.153-0600][gc,cpu        ] GC(17) User=0.01s Sys=0.00s Real=0.02s
[2019-12-13T22:28:33.900-0600][gc,start      ] GC(18) Pause Young (Normal) (G1 Evacuation Pause)
[2019-12-13T22:28:33.900-0600][gc,task       ] GC(18) Using 1 workers of 1 for evacuation
[2019-12-13T22:28:33.912-0600][gc,phases     ] GC(18)   Pre Evacuate Collection Set: 0.1ms
[2019-12-13T22:28:33.912-0600][gc,phases     ] GC(18)   Evacuate Collection Set: 11.4ms
[2019-12-13T22:28:33.912-0600][gc,phases     ] GC(18)   Post Evacuate Collection Set: 0.3ms
[2019-12-13T22:28:33.912-0600][gc,phases     ] GC(18)   Other: 0.5ms
[2019-12-13T22:28:33.912-0600][gc,heap       ] GC(18) Eden regions: 48->0(48)
[2019-12-13T22:28:33.912-0600][gc,heap       ] GC(18) Survivor regions: 3->3(7)
[2019-12-13T22:28:33.912-0600][gc,heap       ] GC(18) Old regions: 12->12
[2019-12-13T22:28:33.912-0600][gc,heap       ] GC(18) Humongous regions: 129->129
[2019-12-13T22:28:33.912-0600][gc,metaspace  ] GC(18) Metaspace: 35628K->35628K(1081344K)
[2019-12-13T22:28:33.912-0600][gc            ] GC(18) Pause Young (Normal) (G1 Evacuation Pause) 191M->142M(1024M) 12.325ms
[2019-12-13T22:28:33.912-0600][gc,cpu        ] GC(18) User=0.01s Sys=0.00s Real=0.01s
[2019-12-13T22:50:54.940-0600][gc,start      ] GC(19) Pause Young (Normal) (G1 Evacuation Pause)
[2019-12-13T22:50:54.940-0600][gc,task       ] GC(19) Using 1 workers of 1 for evacuation
[2019-12-13T22:50:54.949-0600][gc,phases     ] GC(19)   Pre Evacuate Collection Set: 0.0ms
[2019-12-13T22:50:54.949-0600][gc,phases     ] GC(19)   Evacuate Collection Set: 8.9ms
[2019-12-13T22:50:54.949-0600][gc,phases     ] GC(19)   Post Evacuate Collection Set: 0.3ms
[2019-12-13T22:50:54.949-0600][gc,phases     ] GC(19)   Other: 0.1ms
[2019-12-13T22:50:54.949-0600][gc,heap       ] GC(19) Eden regions: 48->0(48)
[2019-12-13T22:50:54.949-0600][gc,heap       ] GC(19) Survivor regions: 3->3(7)
[2019-12-13T22:50:54.949-0600][gc,heap       ] GC(19) Old regions: 12->12
[2019-12-13T22:50:54.949-0600][gc,heap       ] GC(19) Humongous regions: 129->129
[2019-12-13T22:50:54.949-0600][gc,metaspace  ] GC(19) Metaspace: 35633K->35633K(1081344K)
[2019-12-13T22:50:54.949-0600][gc            ] GC(19) Pause Young (Normal) (G1 Evacuation Pause) 190M->142M(1024M) 9.446ms
[2019-12-13T22:50:54.949-0600][gc,cpu        ] GC(19) User=0.01s Sys=0.00s Real=0.00s
[2019-12-13T23:13:21.020-0600][gc,start      ] GC(20) Pause Young (Normal) (G1 Evacuation Pause)
[2019-12-13T23:13:21.020-0600][gc,task       ] GC(20) Using 1 workers of 1 for evacuation
[2019-12-13T23:13:21.029-0600][gc,phases     ] GC(20)   Pre Evacuate Collection Set: 0.0ms
[2019-12-13T23:13:21.029-0600][gc,phases     ] GC(20)   Evacuate Collection Set: 8.2ms
[2019-12-13T23:13:21.029-0600][gc,phases     ] GC(20)   Post Evacuate Collection Set: 0.3ms
[2019-12-13T23:13:21.029-0600][gc,phases     ] GC(20)   Other: 0.1ms
[2019-12-13T23:13:21.029-0600][gc,heap       ] GC(20) Eden regions: 48->0(50)
[2019-12-13T23:13:21.029-0600][gc,heap       ] GC(20) Survivor regions: 3->3(7)
[2019-12-13T23:13:21.029-0600][gc,heap       ] GC(20) Old regions: 12->12
[2019-12-13T23:13:21.029-0600][gc,heap       ] GC(20) Humongous regions: 129->129
[2019-12-13T23:13:21.029-0600][gc,metaspace  ] GC(20) Metaspace: 35634K->35634K(1081344K)
[2019-12-13T23:13:21.029-0600][gc            ] GC(20) Pause Young (Normal) (G1 Evacuation Pause) 190M->142M(1024M) 8.782ms
[2019-12-13T23:13:21.029-0600][gc,cpu        ] GC(20) User=0.01s Sys=0.00s Real=0.00s
[2019-12-13T23:36:38.009-0600][gc,start      ] GC(21) Pause Young (Normal) (G1 Evacuation Pause)
[2019-12-13T23:36:38.009-0600][gc,task       ] GC(21) Using 1 workers of 1 for evacuation
[2019-12-13T23:36:38.037-0600][gc,mmu        ] GC(21) MMU target violated: 21.0ms (20.0ms/21.0ms)
[2019-12-13T23:36:38.037-0600][gc,phases     ] GC(21)   Pre Evacuate Collection Set: 0.0ms
[2019-12-13T23:36:38.037-0600][gc,phases     ] GC(21)   Evacuate Collection Set: 27.7ms
[2019-12-13T23:36:38.037-0600][gc,phases     ] GC(21)   Post Evacuate Collection Set: 0.2ms
[2019-12-13T23:36:38.037-0600][gc,phases     ] GC(21)   Other: 0.3ms
[2019-12-13T23:36:38.037-0600][gc,heap       ] GC(21) Eden regions: 50->0(49)
[2019-12-13T23:36:38.037-0600][gc,heap       ] GC(21) Survivor regions: 3->2(7)
[2019-12-13T23:36:38.037-0600][gc,heap       ] GC(21) Old regions: 12->12
[2019-12-13T23:36:38.037-0600][gc,heap       ] GC(21) Humongous regions: 129->129
[2019-12-13T23:36:38.037-0600][gc,metaspace  ] GC(21) Metaspace: 35636K->35636K(1081344K)
[2019-12-13T23:36:38.037-0600][gc            ] GC(21) Pause Young (Normal) (G1 Evacuation Pause) 192M->142M(1024M) 28.312ms
[2019-12-13T23:36:38.037-0600][gc,cpu        ] GC(21) User=0.00s Sys=0.01s Real=0.03s
[2019-12-13T23:59:22.291-0600][gc,start      ] GC(22) Pause Young (Normal) (G1 Evacuation Pause)
[2019-12-13T23:59:22.291-0600][gc,task       ] GC(22) Using 1 workers of 1 for evacuation
[2019-12-13T23:59:22.302-0600][gc,phases     ] GC(22)   Pre Evacuate Collection Set: 0.2ms
[2019-12-13T23:59:22.302-0600][gc,phases     ] GC(22)   Evacuate Collection Set: 9.9ms
[2019-12-13T23:59:22.302-0600][gc,phases     ] GC(22)   Post Evacuate Collection Set: 0.3ms
[2019-12-13T23:59:22.302-0600][gc,phases     ] GC(22)   Other: 0.5ms
[2019-12-13T23:59:22.302-0600][gc,heap       ] GC(22) Eden regions: 49->0(49)
[2019-12-13T23:59:22.302-0600][gc,heap       ] GC(22) Survivor regions: 2->2(7)
[2019-12-13T23:59:22.302-0600][gc,heap       ] GC(22) Old regions: 12->12
[2019-12-13T23:59:22.302-0600][gc,heap       ] GC(22) Humongous regions: 129->129
[2019-12-13T23:59:22.302-0600][gc,metaspace  ] GC(22) Metaspace: 35663K->35663K(1081344K)
[2019-12-13T23:59:22.302-0600][gc            ] GC(22) Pause Young (Normal) (G1 Evacuation Pause) 191M->142M(1024M) 10.842ms
[2019-12-13T23:59:22.302-0600][gc,cpu        ] GC(22) User=0.01s Sys=0.00s Real=0.02s
[2019-12-14T00:22:21.019-0600][gc,start      ] GC(23) Pause Young (Normal) (G1 Evacuation Pause)
[2019-12-14T00:22:21.020-0600][gc,task       ] GC(23) Using 1 workers of 1 for evacuation
[2019-12-14T00:22:21.031-0600][gc,phases     ] GC(23)   Pre Evacuate Collection Set: 0.1ms
[2019-12-14T00:22:21.031-0600][gc,phases     ] GC(23)   Evacuate Collection Set: 10.7ms
[2019-12-14T00:22:21.031-0600][gc,phases     ] GC(23)   Post Evacuate Collection Set: 0.3ms
[2019-12-14T00:22:21.031-0600][gc,phases     ] GC(23)   Other: 1.5ms
[2019-12-14T00:22:21.031-0600][gc,heap       ] GC(23) Eden regions: 49->0(50)
[2019-12-14T00:22:21.031-0600][gc,heap       ] GC(23) Survivor regions: 2->1(7)
[2019-12-14T00:22:21.031-0600][gc,heap       ] GC(23) Old regions: 12->13
[2019-12-14T00:22:21.031-0600][gc,heap       ] GC(23) Humongous regions: 129->129
[2019-12-14T00:22:21.031-0600][gc,metaspace  ] GC(23) Metaspace: 35665K->35665K(1081344K)
[2019-12-14T00:22:21.031-0600][gc            ] GC(23) Pause Young (Normal) (G1 Evacuation Pause) 191M->142M(1024M) 12.468ms
[2019-12-14T00:22:21.031-0600][gc,cpu        ] GC(23) User=0.01s Sys=0.00s Real=0.01s
[2019-12-14T00:45:39.895-0600][gc,start      ] GC(24) Pause Young (Normal) (G1 Evacuation Pause)
[2019-12-14T00:45:39.895-0600][gc,task       ] GC(24) Using 1 workers of 1 for evacuation
[2019-12-14T00:45:39.916-0600][gc,mmu        ] GC(24) MMU target violated: 21.0ms (20.0ms/21.0ms)
[2019-12-14T00:45:39.916-0600][gc,phases     ] GC(24)   Pre Evacuate Collection Set: 0.1ms
[2019-12-14T00:45:39.916-0600][gc,phases     ] GC(24)   Evacuate Collection Set: 19.9ms
[2019-12-14T00:45:39.916-0600][gc,phases     ] GC(24)   Post Evacuate Collection Set: 0.8ms
[2019-12-14T00:45:39.916-0600][gc,phases     ] GC(24)   Other: 0.6ms
[2019-12-14T00:45:39.916-0600][gc,heap       ] GC(24) Eden regions: 50->0(50)
[2019-12-14T00:45:39.916-0600][gc,heap       ] GC(24) Survivor regions: 1->1(7)
[2019-12-14T00:45:39.916-0600][gc,heap       ] GC(24) Old regions: 13->13
[2019-12-14T00:45:39.916-0600][gc,heap       ] GC(24) Humongous regions: 129->129
[2019-12-14T00:45:39.916-0600][gc,metaspace  ] GC(24) Metaspace: 35665K->35665K(1081344K)
[2019-12-14T00:45:39.916-0600][gc            ] GC(24) Pause Young (Normal) (G1 Evacuation Pause) 192M->142M(1024M) 21.540ms
[2019-12-14T00:45:39.916-0600][gc,cpu        ] GC(24) User=0.02s Sys=0.00s Real=0.02s
[2019-12-14T01:09:02.302-0600][gc,start      ] GC(25) Pause Young (Normal) (G1 Evacuation Pause)
[2019-12-14T01:09:02.302-0600][gc,task       ] GC(25) Using 1 workers of 1 for evacuation
[2019-12-14T01:09:02.309-0600][gc,phases     ] GC(25)   Pre Evacuate Collection Set: 0.1ms
[2019-12-14T01:09:02.310-0600][gc,phases     ] GC(25)   Evacuate Collection Set: 7.1ms
[2019-12-14T01:09:02.310-0600][gc,phases     ] GC(25)   Post Evacuate Collection Set: 0.2ms
[2019-12-14T01:09:02.310-0600][gc,phases     ] GC(25)   Other: 0.4ms
[2019-12-14T01:09:02.310-0600][gc,heap       ] GC(25) Eden regions: 50->0(51)
[2019-12-14T01:09:02.310-0600][gc,heap       ] GC(25) Survivor regions: 1->1(7)
[2019-12-14T01:09:02.310-0600][gc,heap       ] GC(25) Old regions: 13->14
[2019-12-14T01:09:02.310-0600][gc,heap       ] GC(25) Humongous regions: 129->129
[2019-12-14T01:09:02.310-0600][gc,metaspace  ] GC(25) Metaspace: 35665K->35665K(1081344K)
[2019-12-14T01:09:02.310-0600][gc            ] GC(25) Pause Young (Normal) (G1 Evacuation Pause) 192M->142M(1024M) 7.939ms
[2019-12-14T01:09:02.310-0600][gc,cpu        ] GC(25) User=0.00s Sys=0.01s Real=0.00s
[2019-12-14T01:32:56.653-0600][gc,start      ] GC(26) Pause Young (Normal) (G1 Evacuation Pause)
[2019-12-14T01:32:56.653-0600][gc,task       ] GC(26) Using 1 workers of 1 for evacuation
[2019-12-14T01:32:56.661-0600][gc,phases     ] GC(26)   Pre Evacuate Collection Set: 0.1ms
[2019-12-14T01:32:56.661-0600][gc,phases     ] GC(26)   Evacuate Collection Set: 6.2ms
[2019-12-14T01:32:56.661-0600][gc,phases     ] GC(26)   Post Evacuate Collection Set: 0.9ms
[2019-12-14T01:32:56.661-0600][gc,phases     ] GC(26)   Other: 0.5ms
[2019-12-14T01:32:56.661-0600][gc,heap       ] GC(26) Eden regions: 51->0(52)
[2019-12-14T01:32:56.661-0600][gc,heap       ] GC(26) Survivor regions: 1->1(7)
[2019-12-14T01:32:56.661-0600][gc,heap       ] GC(26) Old regions: 14->14
[2019-12-14T01:32:56.661-0600][gc,heap       ] GC(26) Humongous regions: 129->129
[2019-12-14T01:32:56.661-0600][gc,metaspace  ] GC(26) Metaspace: 35665K->35665K(1081344K)
[2019-12-14T01:32:56.661-0600][gc            ] GC(26) Pause Young (Normal) (G1 Evacuation Pause) 193M->142M(1024M) 8.183ms
[2019-12-14T01:32:56.662-0600][gc,cpu        ] GC(26) User=0.00s Sys=0.01s Real=0.01s
[2019-12-14T01:57:21.018-0600][gc,start      ] GC(27) Pause Young (Normal) (G1 Evacuation Pause)
[2019-12-14T01:57:21.018-0600][gc,task       ] GC(27) Using 1 workers of 1 for evacuation
[2019-12-14T01:57:21.025-0600][gc,phases     ] GC(27)   Pre Evacuate Collection Set: 0.1ms
[2019-12-14T01:57:21.025-0600][gc,phases     ] GC(27)   Evacuate Collection Set: 6.0ms
[2019-12-14T01:57:21.025-0600][gc,phases     ] GC(27)   Post Evacuate Collection Set: 1.0ms
[2019-12-14T01:57:21.025-0600][gc,phases     ] GC(27)   Other: 0.6ms
[2019-12-14T01:57:21.025-0600][gc,heap       ] GC(27) Eden regions: 52->0(66)
[2019-12-14T01:57:21.025-0600][gc,heap       ] GC(27) Survivor regions: 1->1(7)
[2019-12-14T01:57:21.026-0600][gc,heap       ] GC(27) Old regions: 14->14
[2019-12-14T01:57:21.026-0600][gc,heap       ] GC(27) Humongous regions: 129->129
[2019-12-14T01:57:21.026-0600][gc,metaspace  ] GC(27) Metaspace: 35696K->35696K(1081344K)
[2019-12-14T01:57:21.026-0600][gc            ] GC(27) Pause Young (Normal) (G1 Evacuation Pause) 194M->142M(1024M) 8.067ms
[2019-12-14T01:57:21.026-0600][gc,cpu        ] GC(27) User=0.01s Sys=0.00s Real=0.01s
[2019-12-14T02:28:21.019-0600][gc,start      ] GC(28) Pause Young (Normal) (G1 Evacuation Pause)
[2019-12-14T02:28:21.019-0600][gc,task       ] GC(28) Using 1 workers of 1 for evacuation
[2019-12-14T02:28:21.024-0600][gc,phases     ] GC(28)   Pre Evacuate Collection Set: 0.1ms
[2019-12-14T02:28:21.024-0600][gc,phases     ] GC(28)   Evacuate Collection Set: 2.9ms
[2019-12-14T02:28:21.024-0600][gc,phases     ] GC(28)   Post Evacuate Collection Set: 1.8ms
[2019-12-14T02:28:21.024-0600][gc,phases     ] GC(28)   Other: 0.5ms
[2019-12-14T02:28:21.024-0600][gc,heap       ] GC(28) Eden regions: 66->0(108)
[2019-12-14T02:28:21.024-0600][gc,heap       ] GC(28) Survivor regions: 1->1(9)
[2019-12-14T02:28:21.024-0600][gc,heap       ] GC(28) Old regions: 14->14
[2019-12-14T02:28:21.024-0600][gc,heap       ] GC(28) Humongous regions: 129->129
[2019-12-14T02:28:21.024-0600][gc,metaspace  ] GC(28) Metaspace: 35697K->35697K(1081344K)
[2019-12-14T02:28:21.024-0600][gc            ] GC(28) Pause Young (Normal) (G1 Evacuation Pause) 208M->142M(1024M) 5.288ms
[2019-12-14T02:28:21.024-0600][gc,cpu        ] GC(28) User=0.00s Sys=0.00s Real=0.01s
[2019-12-14T03:19:33.203-0600][gc,start      ] GC(29) Pause Young (Normal) (G1 Evacuation Pause)
[2019-12-14T03:19:33.203-0600][gc,task       ] GC(29) Using 1 workers of 1 for evacuation
[2019-12-14T03:19:33.217-0600][gc,phases     ] GC(29)   Pre Evacuate Collection Set: 0.1ms
[2019-12-14T03:19:33.217-0600][gc,phases     ] GC(29)   Evacuate Collection Set: 6.1ms
[2019-12-14T03:19:33.217-0600][gc,phases     ] GC(29)   Post Evacuate Collection Set: 6.7ms
[2019-12-14T03:19:33.217-0600][gc,phases     ] GC(29)   Other: 0.6ms
[2019-12-14T03:19:33.217-0600][gc,heap       ] GC(29) Eden regions: 108->0(133)
[2019-12-14T03:19:33.217-0600][gc,heap       ] GC(29) Survivor regions: 1->1(14)
[2019-12-14T03:19:33.217-0600][gc,heap       ] GC(29) Old regions: 14->14
[2019-12-14T03:19:33.217-0600][gc,heap       ] GC(29) Humongous regions: 129->129
[2019-12-14T03:19:33.217-0600][gc,metaspace  ] GC(29) Metaspace: 35700K->35700K(1081344K)
[2019-12-14T03:19:33.217-0600][gc            ] GC(29) Pause Young (Normal) (G1 Evacuation Pause) 250M->142M(1024M) 13.788ms
[2019-12-14T03:19:33.217-0600][gc,cpu        ] GC(29) User=0.00s Sys=0.01s Real=0.01s
[2019-12-14T04:22:47.505-0600][gc,start      ] GC(30) Pause Young (Normal) (G1 Evacuation Pause)
[2019-12-14T04:22:47.507-0600][gc,task       ] GC(30) Using 1 workers of 1 for evacuation
[2019-12-14T04:22:47.512-0600][gc,phases     ] GC(30)   Pre Evacuate Collection Set: 0.0ms
[2019-12-14T04:22:47.512-0600][gc,phases     ] GC(30)   Evacuate Collection Set: 2.1ms
[2019-12-14T04:22:47.512-0600][gc,phases     ] GC(30)   Post Evacuate Collection Set: 1.7ms
[2019-12-14T04:22:47.512-0600][gc,phases     ] GC(30)   Other: 7.4ms
[2019-12-14T04:22:47.512-0600][gc,heap       ] GC(30) Eden regions: 133->0(181)
[2019-12-14T04:22:47.512-0600][gc,heap       ] GC(30) Survivor regions: 1->1(17)
[2019-12-14T04:22:47.512-0600][gc,heap       ] GC(30) Old regions: 14->14
[2019-12-14T04:22:47.512-0600][gc,heap       ] GC(30) Humongous regions: 129->129
[2019-12-14T04:22:47.512-0600][gc,metaspace  ] GC(30) Metaspace: 35702K->35702K(1081344K)
[2019-12-14T04:22:47.512-0600][gc            ] GC(30) Pause Young (Normal) (G1 Evacuation Pause) 275M->142M(1024M) 7.092ms
[2019-12-14T04:22:47.512-0600][gc,cpu        ] GC(30) User=0.00s Sys=0.00s Real=0.01s
[2019-12-14T05:48:56.201-0600][gc,start      ] GC(31) Pause Young (Normal) (G1 Evacuation Pause)
[2019-12-14T05:48:56.202-0600][gc,task       ] GC(31) Using 1 workers of 1 for evacuation
[2019-12-14T05:48:56.210-0600][gc,phases     ] GC(31)   Pre Evacuate Collection Set: 0.1ms
[2019-12-14T05:48:56.210-0600][gc,phases     ] GC(31)   Evacuate Collection Set: 4.6ms
[2019-12-14T05:48:56.210-0600][gc,phases     ] GC(31)   Post Evacuate Collection Set: 3.2ms
[2019-12-14T05:48:56.210-0600][gc,phases     ] GC(31)   Other: 1.6ms
[2019-12-14T05:48:56.211-0600][gc,heap       ] GC(31) Eden regions: 181->0(220)
[2019-12-14T05:48:56.211-0600][gc,heap       ] GC(31) Survivor regions: 1->1(23)
[2019-12-14T05:48:56.211-0600][gc,heap       ] GC(31) Old regions: 14->14
[2019-12-14T05:48:56.211-0600][gc,heap       ] GC(31) Humongous regions: 129->129
[2019-12-14T05:48:56.211-0600][gc,metaspace  ] GC(31) Metaspace: 35707K->35707K(1081344K)
[2019-12-14T05:48:56.211-0600][gc            ] GC(31) Pause Young (Normal) (G1 Evacuation Pause) 323M->142M(1024M) 9.436ms
[2019-12-14T05:48:56.211-0600][gc,cpu        ] GC(31) User=0.01s Sys=0.00s Real=0.00s
[2019-12-14T07:33:40.746-0600][gc,start      ] GC(32) Pause Young (Normal) (G1 Evacuation Pause)
[2019-12-14T07:33:40.750-0600][gc,task       ] GC(32) Using 1 workers of 1 for evacuation
[2019-12-14T07:33:40.778-0600][gc,mmu        ] GC(32) MMU target violated: 21.0ms (20.0ms/21.0ms)
[2019-12-14T07:33:40.779-0600][gc,phases     ] GC(32)   Pre Evacuate Collection Set: 0.9ms
[2019-12-14T07:33:40.779-0600][gc,phases     ] GC(32)   Evacuate Collection Set: 11.2ms
[2019-12-14T07:33:40.779-0600][gc,phases     ] GC(32)   Post Evacuate Collection Set: 7.9ms
[2019-12-14T07:33:40.779-0600][gc,phases     ] GC(32)   Other: 17.2ms
[2019-12-14T07:33:40.779-0600][gc,heap       ] GC(32) Eden regions: 220->0(239)
[2019-12-14T07:33:40.779-0600][gc,heap       ] GC(32) Survivor regions: 1->1(28)
[2019-12-14T07:33:40.779-0600][gc,heap       ] GC(32) Old regions: 14->14
[2019-12-14T07:33:40.779-0600][gc,heap       ] GC(32) Humongous regions: 129->129
[2019-12-14T07:33:40.780-0600][gc,metaspace  ] GC(32) Metaspace: 35718K->35718K(1081344K)
[2019-12-14T07:33:40.781-0600][gc            ] GC(32) Pause Young (Normal) (G1 Evacuation Pause) 362M->142M(1024M) 35.065ms
[2019-12-14T07:33:40.782-0600][gc,cpu        ] GC(32) User=0.02s Sys=0.00s Real=0.04s
[2019-12-14T09:27:27.904-0600][gc,start      ] GC(33) Pause Young (Normal) (G1 Evacuation Pause)
[2019-12-14T09:27:27.910-0600][gc,task       ] GC(33) Using 1 workers of 1 for evacuation
[2019-12-14T09:27:27.939-0600][gc,mmu        ] GC(33) MMU target violated: 21.0ms (20.0ms/21.0ms)
[2019-12-14T09:27:27.939-0600][gc,phases     ] GC(33)   Pre Evacuate Collection Set: 5.6ms
[2019-12-14T09:27:27.939-0600][gc,phases     ] GC(33)   Evacuate Collection Set: 17.9ms
[2019-12-14T09:27:27.939-0600][gc,phases     ] GC(33)   Post Evacuate Collection Set: 3.4ms
[2019-12-14T09:27:27.939-0600][gc,phases     ] GC(33)   Other: 15.6ms
[2019-12-14T09:27:27.939-0600][gc,heap       ] GC(33) Eden regions: 239->0(256)
[2019-12-14T09:27:27.939-0600][gc,heap       ] GC(33) Survivor regions: 1->1(30)
[2019-12-14T09:27:27.939-0600][gc,heap       ] GC(33) Old regions: 14->14
[2019-12-14T09:27:27.939-0600][gc,heap       ] GC(33) Humongous regions: 129->129
[2019-12-14T09:27:27.939-0600][gc,metaspace  ] GC(33) Metaspace: 35720K->35720K(1081344K)
[2019-12-14T09:27:27.939-0600][gc            ] GC(33) Pause Young (Normal) (G1 Evacuation Pause) 381M->142M(1024M) 34.770ms
[2019-12-14T09:27:27.939-0600][gc,cpu        ] GC(33) User=0.01s Sys=0.00s Real=0.04s
[2019-12-14T11:21:21.030-0600][gc,start      ] GC(34) Pause Young (Normal) (G1 Evacuation Pause)
[2019-12-14T11:21:21.030-0600][gc,task       ] GC(34) Using 1 workers of 1 for evacuation
[2019-12-14T11:21:21.051-0600][gc,mmu        ] GC(34) MMU target violated: 21.0ms (20.0ms/21.0ms)
[2019-12-14T11:21:21.051-0600][gc,phases     ] GC(34)   Pre Evacuate Collection Set: 0.1ms
[2019-12-14T11:21:21.051-0600][gc,phases     ] GC(34)   Evacuate Collection Set: 18.7ms
[2019-12-14T11:21:21.051-0600][gc,phases     ] GC(34)   Post Evacuate Collection Set: 2.3ms
[2019-12-14T11:21:21.051-0600][gc,phases     ] GC(34)   Other: 0.6ms
[2019-12-14T11:21:21.051-0600][gc,heap       ] GC(34) Eden regions: 256->0(260)
[2019-12-14T11:21:21.051-0600][gc,heap       ] GC(34) Survivor regions: 1->2(33)
[2019-12-14T11:21:21.051-0600][gc,heap       ] GC(34) Old regions: 14->14
[2019-12-14T11:21:21.051-0600][gc,heap       ] GC(34) Humongous regions: 129->129
[2019-12-14T11:21:21.051-0600][gc,metaspace  ] GC(34) Metaspace: 36538K->36538K(1081344K)
[2019-12-14T11:21:21.051-0600][gc            ] GC(34) Pause Young (Normal) (G1 Evacuation Pause) 398M->143M(1024M) 21.603ms
[2019-12-14T11:21:21.051-0600][gc,cpu        ] GC(34) User=0.02s Sys=0.00s Real=0.02s
[2019-12-14T12:26:21.896-0600][gc,start      ] GC(35) Pause Young (Normal) (G1 Evacuation Pause)
[2019-12-14T12:26:21.896-0600][gc,task       ] GC(35) Using 1 workers of 1 for evacuation
[2019-12-14T12:26:21.924-0600][gc,mmu        ] GC(35) MMU target violated: 21.0ms (20.0ms/21.0ms)
[2019-12-14T12:26:21.924-0600][gc,phases     ] GC(35)   Pre Evacuate Collection Set: 0.0ms
[2019-12-14T12:26:21.924-0600][gc,phases     ] GC(35)   Evacuate Collection Set: 27.5ms
[2019-12-14T12:26:21.924-0600][gc,phases     ] GC(35)   Post Evacuate Collection Set: 0.8ms
[2019-12-14T12:26:21.924-0600][gc,phases     ] GC(35)   Other: 0.2ms
[2019-12-14T12:26:21.924-0600][gc,heap       ] GC(35) Eden regions: 260->0(47)
[2019-12-14T12:26:21.924-0600][gc,heap       ] GC(35) Survivor regions: 2->4(33)
[2019-12-14T12:26:21.924-0600][gc,heap       ] GC(35) Old regions: 14->14
[2019-12-14T12:26:21.924-0600][gc,heap       ] GC(35) Humongous regions: 129->129
[2019-12-14T12:26:21.924-0600][gc,metaspace  ] GC(35) Metaspace: 37068K->37068K(1083392K)
[2019-12-14T12:26:21.924-0600][gc            ] GC(35) Pause Young (Normal) (G1 Evacuation Pause) 403M->146M(1024M) 28.515ms
[2019-12-14T12:26:21.924-0600][gc,cpu        ] GC(35) User=0.02s Sys=0.00s Real=0.03s
[2019-12-14T12:34:48.667-0600][gc,start      ] GC(36) Pause Young (Normal) (G1 Evacuation Pause)
[2019-12-14T12:34:48.667-0600][gc,task       ] GC(36) Using 1 workers of 1 for evacuation
[2019-12-14T12:34:48.698-0600][gc,mmu        ] GC(36) MMU target violated: 21.0ms (20.0ms/21.0ms)
[2019-12-14T12:34:48.698-0600][gc,phases     ] GC(36)   Pre Evacuate Collection Set: 0.0ms
[2019-12-14T12:34:48.698-0600][gc,phases     ] GC(36)   Evacuate Collection Set: 25.6ms
[2019-12-14T12:34:48.698-0600][gc,phases     ] GC(36)   Post Evacuate Collection Set: 5.4ms
[2019-12-14T12:34:48.699-0600][gc,phases     ] GC(36)   Other: 0.2ms
[2019-12-14T12:34:48.699-0600][gc,heap       ] GC(36) Eden regions: 47->0(47)
[2019-12-14T12:34:48.699-0600][gc,heap       ] GC(36) Survivor regions: 4->4(7)
[2019-12-14T12:34:48.699-0600][gc,heap       ] GC(36) Old regions: 14->14
[2019-12-14T12:34:48.699-0600][gc,heap       ] GC(36) Humongous regions: 129->129
[2019-12-14T12:34:48.699-0600][gc,metaspace  ] GC(36) Metaspace: 37077K->37077K(1083392K)
[2019-12-14T12:34:48.699-0600][gc            ] GC(36) Pause Young (Normal) (G1 Evacuation Pause) 193M->146M(1024M) 31.238ms
[2019-12-14T12:34:48.699-0600][gc,cpu        ] GC(36) User=0.01s Sys=0.00s Real=0.03s
[2019-12-14T12:41:47.157-0600][gc,start      ] GC(37) Pause Young (Normal) (G1 Evacuation Pause)
[2019-12-14T12:41:47.157-0600][gc,task       ] GC(37) Using 1 workers of 1 for evacuation
[2019-12-14T12:41:47.167-0600][gc,phases     ] GC(37)   Pre Evacuate Collection Set: 0.0ms
[2019-12-14T12:41:47.167-0600][gc,phases     ] GC(37)   Evacuate Collection Set: 9.5ms
[2019-12-14T12:41:47.167-0600][gc,phases     ] GC(37)   Post Evacuate Collection Set: 0.3ms
[2019-12-14T12:41:47.167-0600][gc,phases     ] GC(37)   Other: 0.1ms
[2019-12-14T12:41:47.167-0600][gc,heap       ] GC(37) Eden regions: 47->0(48)
[2019-12-14T12:41:47.167-0600][gc,heap       ] GC(37) Survivor regions: 4->3(7)
[2019-12-14T12:41:47.167-0600][gc,heap       ] GC(37) Old regions: 14->15
[2019-12-14T12:41:47.167-0600][gc,heap       ] GC(37) Humongous regions: 129->129
[2019-12-14T12:41:47.167-0600][gc,metaspace  ] GC(37) Metaspace: 37094K->37094K(1083392K)
[2019-12-14T12:41:47.167-0600][gc            ] GC(37) Pause Young (Normal) (G1 Evacuation Pause) 193M->146M(1024M) 10.033ms
[2019-12-14T12:41:47.167-0600][gc,cpu        ] GC(37) User=0.01s Sys=0.00s Real=0.01s
[2019-12-14T12:48:21.017-0600][gc,start      ] GC(38) Pause Young (Normal) (G1 Evacuation Pause)
[2019-12-14T12:48:21.017-0600][gc,task       ] GC(38) Using 1 workers of 1 for evacuation
[2019-12-14T12:48:21.029-0600][gc,phases     ] GC(38)   Pre Evacuate Collection Set: 0.0ms
[2019-12-14T12:48:21.029-0600][gc,phases     ] GC(38)   Evacuate Collection Set: 11.2ms
[2019-12-14T12:48:21.029-0600][gc,phases     ] GC(38)   Post Evacuate Collection Set: 0.3ms
[2019-12-14T12:48:21.029-0600][gc,phases     ] GC(38)   Other: 0.2ms
[2019-12-14T12:48:21.029-0600][gc,heap       ] GC(38) Eden regions: 48->0(49)
[2019-12-14T12:48:21.029-0600][gc,heap       ] GC(38) Survivor regions: 3->2(7)
[2019-12-14T12:48:21.029-0600][gc,heap       ] GC(38) Old regions: 15->15
[2019-12-14T12:48:21.029-0600][gc,heap       ] GC(38) Humongous regions: 129->129
[2019-12-14T12:48:21.029-0600][gc,metaspace  ] GC(38) Metaspace: 37102K->37102K(1083392K)
[2019-12-14T12:48:21.029-0600][gc            ] GC(38) Pause Young (Normal) (G1 Evacuation Pause) 194M->145M(1024M) 11.757ms
[2019-12-14T12:48:21.029-0600][gc,cpu        ] GC(38) User=0.01s Sys=0.00s Real=0.01s
[2019-12-14T12:53:46.424-0600][gc,start      ] GC(39) Pause Young (Normal) (G1 Evacuation Pause)
[2019-12-14T12:53:46.424-0600][gc,task       ] GC(39) Using 1 workers of 1 for evacuation
[2019-12-14T12:53:46.432-0600][gc,phases     ] GC(39)   Pre Evacuate Collection Set: 0.2ms
[2019-12-14T12:53:46.432-0600][gc,phases     ] GC(39)   Evacuate Collection Set: 7.2ms
[2019-12-14T12:53:46.432-0600][gc,phases     ] GC(39)   Post Evacuate Collection Set: 0.3ms
[2019-12-14T12:53:46.432-0600][gc,phases     ] GC(39)   Other: 0.2ms
[2019-12-14T12:53:46.432-0600][gc,heap       ] GC(39) Eden regions: 49->0(49)
[2019-12-14T12:53:46.432-0600][gc,heap       ] GC(39) Survivor regions: 2->2(7)
[2019-12-14T12:53:46.432-0600][gc,heap       ] GC(39) Old regions: 15->15
[2019-12-14T12:53:46.432-0600][gc,heap       ] GC(39) Humongous regions: 129->129
[2019-12-14T12:53:46.432-0600][gc,metaspace  ] GC(39) Metaspace: 37110K->37110K(1083392K)
[2019-12-14T12:53:46.432-0600][gc            ] GC(39) Pause Young (Normal) (G1 Evacuation Pause) 194M->145M(1024M) 8.025ms
[2019-12-14T12:53:46.432-0600][gc,cpu        ] GC(39) User=0.01s Sys=0.00s Real=0.01s
[2019-12-14T12:58:49.370-0600][gc,start      ] GC(40) Pause Young (Normal) (G1 Evacuation Pause)
[2019-12-14T12:58:49.370-0600][gc,task       ] GC(40) Using 1 workers of 1 for evacuation
[2019-12-14T12:58:49.379-0600][gc,phases     ] GC(40)   Pre Evacuate Collection Set: 0.0ms
[2019-12-14T12:58:49.379-0600][gc,phases     ] GC(40)   Evacuate Collection Set: 8.4ms
[2019-12-14T12:58:49.379-0600][gc,phases     ] GC(40)   Post Evacuate Collection Set: 0.2ms
[2019-12-14T12:58:49.379-0600][gc,phases     ] GC(40)   Other: 0.4ms
[2019-12-14T12:58:49.379-0600][gc,heap       ] GC(40) Eden regions: 49->0(52)
[2019-12-14T12:58:49.379-0600][gc,heap       ] GC(40) Survivor regions: 2->2(7)
[2019-12-14T12:58:49.379-0600][gc,heap       ] GC(40) Old regions: 15->15
[2019-12-14T12:58:49.379-0600][gc,heap       ] GC(40) Humongous regions: 129->129
[2019-12-14T12:58:49.379-0600][gc,metaspace  ] GC(40) Metaspace: 37116K->37116K(1083392K)
[2019-12-14T12:58:49.379-0600][gc            ] GC(40) Pause Young (Normal) (G1 Evacuation Pause) 194M->145M(1024M) 9.128ms
[2019-12-14T12:58:49.379-0600][gc,cpu        ] GC(40) User=0.01s Sys=0.00s Real=0.01s
[2019-12-14T13:04:12.810-0600][gc,start      ] GC(41) Pause Young (Normal) (G1 Evacuation Pause)
[2019-12-14T13:04:12.810-0600][gc,task       ] GC(41) Using 1 workers of 1 for evacuation
[2019-12-14T13:04:12.819-0600][gc,phases     ] GC(41)   Pre Evacuate Collection Set: 0.1ms
[2019-12-14T13:04:12.819-0600][gc,phases     ] GC(41)   Evacuate Collection Set: 8.2ms
[2019-12-14T13:04:12.819-0600][gc,phases     ] GC(41)   Post Evacuate Collection Set: 0.2ms
[2019-12-14T13:04:12.819-0600][gc,phases     ] GC(41)   Other: 0.3ms
[2019-12-14T13:04:12.819-0600][gc,heap       ] GC(41) Eden regions: 52->0(55)
[2019-12-14T13:04:12.819-0600][gc,heap       ] GC(41) Survivor regions: 2->3(7)
[2019-12-14T13:04:12.819-0600][gc,heap       ] GC(41) Old regions: 15->15
[2019-12-14T13:04:12.819-0600][gc,heap       ] GC(41) Humongous regions: 129->129
[2019-12-14T13:04:12.819-0600][gc,metaspace  ] GC(41) Metaspace: 37122K->37122K(1083392K)
[2019-12-14T13:04:12.819-0600][gc            ] GC(41) Pause Young (Normal) (G1 Evacuation Pause) 197M->146M(1024M) 8.905ms
[2019-12-14T13:04:12.819-0600][gc,cpu        ] GC(41) User=0.01s Sys=0.00s Real=0.01s
[2019-12-14T13:09:56.137-0600][gc,start      ] GC(42) Pause Young (Normal) (G1 Evacuation Pause)
[2019-12-14T13:09:56.137-0600][gc,task       ] GC(42) Using 1 workers of 1 for evacuation
[2019-12-14T13:09:56.148-0600][gc,phases     ] GC(42)   Pre Evacuate Collection Set: 0.0ms
[2019-12-14T13:09:56.148-0600][gc,phases     ] GC(42)   Evacuate Collection Set: 9.9ms
[2019-12-14T13:09:56.148-0600][gc,phases     ] GC(42)   Post Evacuate Collection Set: 0.3ms
[2019-12-14T13:09:56.148-0600][gc,phases     ] GC(42)   Other: 0.2ms
[2019-12-14T13:09:56.148-0600][gc,heap       ] GC(42) Eden regions: 55->0(58)
[2019-12-14T13:09:56.148-0600][gc,heap       ] GC(42) Survivor regions: 3->3(8)
[2019-12-14T13:09:56.148-0600][gc,heap       ] GC(42) Old regions: 15->15
[2019-12-14T13:09:56.148-0600][gc,heap       ] GC(42) Humongous regions: 129->129
[2019-12-14T13:09:56.148-0600][gc,metaspace  ] GC(42) Metaspace: 37124K->37124K(1083392K)
[2019-12-14T13:09:56.148-0600][gc            ] GC(42) Pause Young (Normal) (G1 Evacuation Pause) 201M->146M(1024M) 10.665ms
[2019-12-14T13:09:56.148-0600][gc,cpu        ] GC(42) User=0.01s Sys=0.00s Real=0.01s
[2019-12-14T13:15:48.108-0600][gc,start      ] GC(43) Pause Young (Normal) (G1 Evacuation Pause)
[2019-12-14T13:15:48.108-0600][gc,task       ] GC(43) Using 1 workers of 1 for evacuation
[2019-12-14T13:15:48.123-0600][gc,phases     ] GC(43)   Pre Evacuate Collection Set: 0.1ms
[2019-12-14T13:15:48.123-0600][gc,phases     ] GC(43)   Evacuate Collection Set: 14.2ms
[2019-12-14T13:15:48.123-0600][gc,phases     ] GC(43)   Post Evacuate Collection Set: 0.3ms
[2019-12-14T13:15:48.123-0600][gc,phases     ] GC(43)   Other: 0.4ms
[2019-12-14T13:15:48.123-0600][gc,heap       ] GC(43) Eden regions: 58->0(59)
[2019-12-14T13:15:48.123-0600][gc,heap       ] GC(43) Survivor regions: 3->3(8)
[2019-12-14T13:15:48.123-0600][gc,heap       ] GC(43) Old regions: 15->15
[2019-12-14T13:15:48.123-0600][gc,heap       ] GC(43) Humongous regions: 129->129
[2019-12-14T13:15:48.123-0600][gc,metaspace  ] GC(43) Metaspace: 37131K->37131K(1083392K)
[2019-12-14T13:15:48.123-0600][gc            ] GC(43) Pause Young (Normal) (G1 Evacuation Pause) 204M->146M(1024M) 14.988ms
[2019-12-14T13:15:48.123-0600][gc,cpu        ] GC(43) User=0.02s Sys=0.00s Real=0.02s
[2019-12-14T13:21:58.654-0600][gc,start      ] GC(44) Pause Young (Normal) (G1 Evacuation Pause)
[2019-12-14T13:21:58.654-0600][gc,task       ] GC(44) Using 1 workers of 1 for evacuation
[2019-12-14T13:21:58.682-0600][gc,mmu        ] GC(44) MMU target violated: 21.0ms (20.0ms/21.0ms)
[2019-12-14T13:21:58.682-0600][gc,phases     ] GC(44)   Pre Evacuate Collection Set: 0.1ms
[2019-12-14T13:21:58.682-0600][gc,phases     ] GC(44)   Evacuate Collection Set: 27.2ms
[2019-12-14T13:21:58.682-0600][gc,phases     ] GC(44)   Post Evacuate Collection Set: 0.5ms
[2019-12-14T13:21:58.682-0600][gc,phases     ] GC(44)   Other: 0.7ms
[2019-12-14T13:21:58.682-0600][gc,heap       ] GC(44) Eden regions: 59->0(51)
[2019-12-14T13:21:58.682-0600][gc,heap       ] GC(44) Survivor regions: 3->3(8)
[2019-12-14T13:21:58.682-0600][gc,heap       ] GC(44) Old regions: 15->15
[2019-12-14T13:21:58.682-0600][gc,heap       ] GC(44) Humongous regions: 129->129
[2019-12-14T13:21:58.682-0600][gc,metaspace  ] GC(44) Metaspace: 37184K->37184K(1083392K)
[2019-12-14T13:21:58.682-0600][gc            ] GC(44) Pause Young (Normal) (G1 Evacuation Pause) 205M->146M(1024M) 28.535ms
[2019-12-14T13:21:58.682-0600][gc,cpu        ] GC(44) User=0.03s Sys=0.00s Real=0.03s
[2019-12-14T13:27:21.018-0600][gc,start      ] GC(45) Pause Young (Normal) (G1 Evacuation Pause)
[2019-12-14T13:27:21.018-0600][gc,task       ] GC(45) Using 1 workers of 1 for evacuation
[2019-12-14T13:27:21.028-0600][gc,phases     ] GC(45)   Pre Evacuate Collection Set: 0.1ms
[2019-12-14T13:27:21.028-0600][gc,phases     ] GC(45)   Evacuate Collection Set: 9.9ms
[2019-12-14T13:27:21.028-0600][gc,phases     ] GC(45)   Post Evacuate Collection Set: 0.2ms
[2019-12-14T13:27:21.028-0600][gc,phases     ] GC(45)   Other: 0.5ms
[2019-12-14T13:27:21.028-0600][gc,heap       ] GC(45) Eden regions: 51->0(54)
[2019-12-14T13:27:21.028-0600][gc,heap       ] GC(45) Survivor regions: 3->3(7)
[2019-12-14T13:27:21.028-0600][gc,heap       ] GC(45) Old regions: 15->15
[2019-12-14T13:27:21.028-0600][gc,heap       ] GC(45) Humongous regions: 129->129
[2019-12-14T13:27:21.028-0600][gc,metaspace  ] GC(45) Metaspace: 37186K->37186K(1083392K)
[2019-12-14T13:27:21.028-0600][gc            ] GC(45) Pause Young (Normal) (G1 Evacuation Pause) 197M->146M(1024M) 10.727ms
[2019-12-14T13:27:21.028-0600][gc,cpu        ] GC(45) User=0.02s Sys=0.00s Real=0.01s
[2019-12-14T13:32:59.161-0600][gc,start      ] GC(46) Pause Young (Normal) (G1 Evacuation Pause)
[2019-12-14T13:32:59.161-0600][gc,task       ] GC(46) Using 1 workers of 1 for evacuation
[2019-12-14T13:32:59.169-0600][gc,phases     ] GC(46)   Pre Evacuate Collection Set: 0.0ms
[2019-12-14T13:32:59.169-0600][gc,phases     ] GC(46)   Evacuate Collection Set: 7.5ms
[2019-12-14T13:32:59.169-0600][gc,phases     ] GC(46)   Post Evacuate Collection Set: 0.2ms
[2019-12-14T13:32:59.169-0600][gc,phases     ] GC(46)   Other: 0.1ms
[2019-12-14T13:32:59.169-0600][gc,heap       ] GC(46) Eden regions: 54->0(58)
[2019-12-14T13:32:59.169-0600][gc,heap       ] GC(46) Survivor regions: 3->3(8)
[2019-12-14T13:32:59.169-0600][gc,heap       ] GC(46) Old regions: 15->15
[2019-12-14T13:32:59.169-0600][gc,heap       ] GC(46) Humongous regions: 129->129
[2019-12-14T13:32:59.169-0600][gc,metaspace  ] GC(46) Metaspace: 37186K->37186K(1083392K)
[2019-12-14T13:32:59.169-0600][gc            ] GC(46) Pause Young (Normal) (G1 Evacuation Pause) 200M->146M(1024M) 7.906ms
[2019-12-14T13:32:59.169-0600][gc,cpu        ] GC(46) User=0.00s Sys=0.00s Real=0.00s
[2019-12-14T13:39:06.352-0600][gc,start      ] GC(47) Pause Young (Normal) (G1 Evacuation Pause)
[2019-12-14T13:39:06.352-0600][gc,task       ] GC(47) Using 1 workers of 1 for evacuation
[2019-12-14T13:39:06.377-0600][gc,mmu        ] GC(47) MMU target violated: 21.0ms (20.0ms/21.0ms)
[2019-12-14T13:39:06.377-0600][gc,phases     ] GC(47)   Pre Evacuate Collection Set: 0.1ms
[2019-12-14T13:39:06.377-0600][gc,phases     ] GC(47)   Evacuate Collection Set: 24.6ms
[2019-12-14T13:39:06.377-0600][gc,phases     ] GC(47)   Post Evacuate Collection Set: 0.5ms
[2019-12-14T13:39:06.377-0600][gc,phases     ] GC(47)   Other: 0.5ms
[2019-12-14T13:39:06.377-0600][gc,heap       ] GC(47) Eden regions: 58->0(54)
[2019-12-14T13:39:06.377-0600][gc,heap       ] GC(47) Survivor regions: 3->3(8)
[2019-12-14T13:39:06.377-0600][gc,heap       ] GC(47) Old regions: 15->15
[2019-12-14T13:39:06.377-0600][gc,heap       ] GC(47) Humongous regions: 129->129
[2019-12-14T13:39:06.377-0600][gc,metaspace  ] GC(47) Metaspace: 37197K->37197K(1083392K)
[2019-12-14T13:39:06.377-0600][gc            ] GC(47) Pause Young (Normal) (G1 Evacuation Pause) 204M->146M(1024M) 25.757ms
[2019-12-14T13:39:06.377-0600][gc,cpu        ] GC(47) User=0.03s Sys=0.00s Real=0.02s
[2019-12-14T13:44:49.095-0600][gc,start      ] GC(48) Pause Young (Normal) (G1 Evacuation Pause)
[2019-12-14T13:44:49.095-0600][gc,task       ] GC(48) Using 1 workers of 1 for evacuation
[2019-12-14T13:44:49.123-0600][gc,mmu        ] GC(48) MMU target violated: 21.0ms (20.0ms/21.0ms)
[2019-12-14T13:44:49.123-0600][gc,phases     ] GC(48)   Pre Evacuate Collection Set: 0.1ms
[2019-12-14T13:44:49.123-0600][gc,phases     ] GC(48)   Evacuate Collection Set: 26.8ms
[2019-12-14T13:44:49.123-0600][gc,phases     ] GC(48)   Post Evacuate Collection Set: 0.5ms
[2019-12-14T13:44:49.123-0600][gc,phases     ] GC(48)   Other: 0.7ms
[2019-12-14T13:44:49.123-0600][gc,heap       ] GC(48) Eden regions: 54->0(49)
[2019-12-14T13:44:49.123-0600][gc,heap       ] GC(48) Survivor regions: 3->3(8)
[2019-12-14T13:44:49.123-0600][gc,heap       ] GC(48) Old regions: 15->15
[2019-12-14T13:44:49.123-0600][gc,heap       ] GC(48) Humongous regions: 129->129
[2019-12-14T13:44:49.123-0600][gc,metaspace  ] GC(48) Metaspace: 37197K->37197K(1083392K)
[2019-12-14T13:44:49.123-0600][gc            ] GC(48) Pause Young (Normal) (G1 Evacuation Pause) 200M->146M(1024M) 28.196ms
[2019-12-14T13:44:49.124-0600][gc,cpu        ] GC(48) User=0.03s Sys=0.00s Real=0.03s
[2019-12-14T13:50:00.761-0600][gc,start      ] GC(49) Pause Young (Normal) (G1 Evacuation Pause)
[2019-12-14T13:50:00.761-0600][gc,task       ] GC(49) Using 1 workers of 1 for evacuation
[2019-12-14T13:50:00.769-0600][gc,phases     ] GC(49)   Pre Evacuate Collection Set: 0.0ms
[2019-12-14T13:50:00.769-0600][gc,phases     ] GC(49)   Evacuate Collection Set: 7.8ms
[2019-12-14T13:50:00.769-0600][gc,phases     ] GC(49)   Post Evacuate Collection Set: 0.2ms
[2019-12-14T13:50:00.769-0600][gc,phases     ] GC(49)   Other: 0.1ms
[2019-12-14T13:50:00.769-0600][gc,heap       ] GC(49) Eden regions: 49->0(51)
[2019-12-14T13:50:00.769-0600][gc,heap       ] GC(49) Survivor regions: 3->3(7)
[2019-12-14T13:50:00.769-0600][gc,heap       ] GC(49) Old regions: 15->15
[2019-12-14T13:50:00.769-0600][gc,heap       ] GC(49) Humongous regions: 129->129
[2019-12-14T13:50:00.769-0600][gc,metaspace  ] GC(49) Metaspace: 37198K->37198K(1083392K)
[2019-12-14T13:50:00.769-0600][gc            ] GC(49) Pause Young (Normal) (G1 Evacuation Pause) 195M->146M(1024M) 8.239ms
[2019-12-14T13:50:00.769-0600][gc,cpu        ] GC(49) User=0.01s Sys=0.00s Real=0.00s
[2019-12-14T13:55:21.138-0600][gc,start      ] GC(50) Pause Young (Normal) (G1 Evacuation Pause)
[2019-12-14T13:55:21.138-0600][gc,task       ] GC(50) Using 1 workers of 1 for evacuation
[2019-12-14T13:55:21.167-0600][gc,mmu        ] GC(50) MMU target violated: 21.0ms (20.0ms/21.0ms)
[2019-12-14T13:55:21.167-0600][gc,phases     ] GC(50)   Pre Evacuate Collection Set: 0.1ms
[2019-12-14T13:55:21.167-0600][gc,phases     ] GC(50)   Evacuate Collection Set: 27.6ms
[2019-12-14T13:55:21.167-0600][gc,phases     ] GC(50)   Post Evacuate Collection Set: 0.3ms
[2019-12-14T13:55:21.167-0600][gc,phases     ] GC(50)   Other: 0.4ms
[2019-12-14T13:55:21.167-0600][gc,heap       ] GC(50) Eden regions: 51->0(51)
[2019-12-14T13:55:21.167-0600][gc,heap       ] GC(50) Survivor regions: 3->3(7)
[2019-12-14T13:55:21.167-0600][gc,heap       ] GC(50) Old regions: 15->15
[2019-12-14T13:55:21.167-0600][gc,heap       ] GC(50) Humongous regions: 129->129
[2019-12-14T13:55:21.167-0600][gc,metaspace  ] GC(50) Metaspace: 37198K->37198K(1083392K)
[2019-12-14T13:55:21.167-0600][gc            ] GC(50) Pause Young (Normal) (G1 Evacuation Pause) 197M->146M(1024M) 28.422ms
[2019-12-14T13:55:21.167-0600][gc,cpu        ] GC(50) User=0.03s Sys=0.00s Real=0.03s
[2019-12-14T14:00:37.987-0600][gc,start      ] GC(51) Pause Young (Normal) (G1 Evacuation Pause)
[2019-12-14T14:00:37.993-0600][gc,task       ] GC(51) Using 1 workers of 1 for evacuation
[2019-12-14T14:00:38.030-0600][gc,mmu        ] GC(51) MMU target violated: 21.0ms (20.0ms/21.0ms)
[2019-12-14T14:00:38.030-0600][gc,phases     ] GC(51)   Pre Evacuate Collection Set: 0.4ms
[2019-12-14T14:00:38.030-0600][gc,phases     ] GC(51)   Evacuate Collection Set: 35.4ms
[2019-12-14T14:00:38.030-0600][gc,phases     ] GC(51)   Post Evacuate Collection Set: 0.3ms
[2019-12-14T14:00:38.030-0600][gc,phases     ] GC(51)   Other: 6.6ms
[2019-12-14T14:00:38.030-0600][gc,heap       ] GC(51) Eden regions: 51->0(47)
[2019-12-14T14:00:38.030-0600][gc,heap       ] GC(51) Survivor regions: 3->4(7)
[2019-12-14T14:00:38.030-0600][gc,heap       ] GC(51) Old regions: 15->15
[2019-12-14T14:00:38.030-0600][gc,heap       ] GC(51) Humongous regions: 129->129
[2019-12-14T14:00:38.030-0600][gc,metaspace  ] GC(51) Metaspace: 37201K->37201K(1083392K)
[2019-12-14T14:00:38.031-0600][gc            ] GC(51) Pause Young (Normal) (G1 Evacuation Pause) 197M->147M(1024M) 43.275ms
[2019-12-14T14:00:38.031-0600][gc,cpu        ] GC(51) User=0.02s Sys=0.00s Real=0.05s
[2019-12-14T14:05:30.328-0600][gc,start      ] GC(52) Pause Young (Normal) (G1 Evacuation Pause)
[2019-12-14T14:05:30.328-0600][gc,task       ] GC(52) Using 1 workers of 1 for evacuation
[2019-12-14T14:05:30.357-0600][gc,mmu        ] GC(52) MMU target violated: 21.0ms (20.0ms/21.0ms)
[2019-12-14T14:05:30.357-0600][gc,phases     ] GC(52)   Pre Evacuate Collection Set: 0.1ms
[2019-12-14T14:05:30.357-0600][gc,phases     ] GC(52)   Evacuate Collection Set: 28.8ms
[2019-12-14T14:05:30.357-0600][gc,phases     ] GC(52)   Post Evacuate Collection Set: 0.2ms
[2019-12-14T14:05:30.357-0600][gc,phases     ] GC(52)   Other: 0.5ms
[2019-12-14T14:05:30.357-0600][gc,heap       ] GC(52) Eden regions: 47->0(47)
[2019-12-14T14:05:30.357-0600][gc,heap       ] GC(52) Survivor regions: 4->4(7)
[2019-12-14T14:05:30.357-0600][gc,heap       ] GC(52) Old regions: 15->15
[2019-12-14T14:05:30.357-0600][gc,heap       ] GC(52) Humongous regions: 129->129
[2019-12-14T14:05:30.357-0600][gc,metaspace  ] GC(52) Metaspace: 37202K->37202K(1083392K)
[2019-12-14T14:05:30.357-0600][gc            ] GC(52) Pause Young (Normal) (G1 Evacuation Pause) 194M->147M(1024M) 29.580ms
[2019-12-14T14:05:30.357-0600][gc,cpu        ] GC(52) User=0.03s Sys=0.00s Real=0.03s
[2019-12-14T14:10:29.208-0600][gc,start      ] GC(53) Pause Young (Normal) (G1 Evacuation Pause)
[2019-12-14T14:10:29.212-0600][gc,task       ] GC(53) Using 1 workers of 1 for evacuation
[2019-12-14T14:10:29.226-0600][gc,phases     ] GC(53)   Pre Evacuate Collection Set: 0.0ms
[2019-12-14T14:10:29.226-0600][gc,phases     ] GC(53)   Evacuate Collection Set: 13.3ms
[2019-12-14T14:10:29.226-0600][gc,phases     ] GC(53)   Post Evacuate Collection Set: 0.3ms
[2019-12-14T14:10:29.226-0600][gc,phases     ] GC(53)   Other: 4.2ms
[2019-12-14T14:10:29.226-0600][gc,heap       ] GC(53) Eden regions: 47->0(47)
[2019-12-14T14:10:29.226-0600][gc,heap       ] GC(53) Survivor regions: 4->4(7)
[2019-12-14T14:10:29.226-0600][gc,heap       ] GC(53) Old regions: 15->15
[2019-12-14T14:10:29.226-0600][gc,heap       ] GC(53) Humongous regions: 129->129
[2019-12-14T14:10:29.226-0600][gc,metaspace  ] GC(53) Metaspace: 37202K->37202K(1083392K)
[2019-12-14T14:10:29.226-0600][gc            ] GC(53) Pause Young (Normal) (G1 Evacuation Pause) 194M->147M(1024M) 17.776ms
[2019-12-14T14:10:29.226-0600][gc,cpu        ] GC(53) User=0.01s Sys=0.00s Real=0.02s
[2019-12-14T14:15:14.310-0600][gc,start      ] GC(54) Pause Young (Normal) (G1 Evacuation Pause)
[2019-12-14T14:15:14.310-0600][gc,task       ] GC(54) Using 1 workers of 1 for evacuation
[2019-12-14T14:15:14.335-0600][gc,mmu        ] GC(54) MMU target violated: 21.0ms (20.0ms/21.0ms)
[2019-12-14T14:15:14.335-0600][gc,phases     ] GC(54)   Pre Evacuate Collection Set: 0.1ms
[2019-12-14T14:15:14.335-0600][gc,phases     ] GC(54)   Evacuate Collection Set: 24.2ms
[2019-12-14T14:15:14.335-0600][gc,phases     ] GC(54)   Post Evacuate Collection Set: 0.5ms
[2019-12-14T14:15:14.335-0600][gc,phases     ] GC(54)   Other: 0.5ms
[2019-12-14T14:15:14.335-0600][gc,heap       ] GC(54) Eden regions: 47->0(48)
[2019-12-14T14:15:14.335-0600][gc,heap       ] GC(54) Survivor regions: 4->3(7)
[2019-12-14T14:15:14.335-0600][gc,heap       ] GC(54) Old regions: 15->15
[2019-12-14T14:15:14.335-0600][gc,heap       ] GC(54) Humongous regions: 129->129
[2019-12-14T14:15:14.335-0600][gc,metaspace  ] GC(54) Metaspace: 37207K->37207K(1083392K)
[2019-12-14T14:15:14.335-0600][gc            ] GC(54) Pause Young (Normal) (G1 Evacuation Pause) 194M->146M(1024M) 25.423ms
[2019-12-14T14:15:14.335-0600][gc,cpu        ] GC(54) User=0.02s Sys=0.00s Real=0.03s
[2019-12-14T14:20:16.137-0600][gc,start      ] GC(55) Pause Young (Normal) (G1 Evacuation Pause)
[2019-12-14T14:20:16.139-0600][gc,task       ] GC(55) Using 1 workers of 1 for evacuation
[2019-12-14T14:20:16.156-0600][gc,phases     ] GC(55)   Pre Evacuate Collection Set: 0.0ms
[2019-12-14T14:20:16.156-0600][gc,phases     ] GC(55)   Evacuate Collection Set: 16.9ms
[2019-12-14T14:20:16.156-0600][gc,phases     ] GC(55)   Post Evacuate Collection Set: 0.3ms
[2019-12-14T14:20:16.156-0600][gc,phases     ] GC(55)   Other: 2.2ms
[2019-12-14T14:20:16.163-0600][gc,heap       ] GC(55) Eden regions: 48->0(48)
[2019-12-14T14:20:16.163-0600][gc,heap       ] GC(55) Survivor regions: 3->3(7)
[2019-12-14T14:20:16.163-0600][gc,heap       ] GC(55) Old regions: 15->15
[2019-12-14T14:20:16.163-0600][gc,heap       ] GC(55) Humongous regions: 129->129
[2019-12-14T14:20:16.163-0600][gc,metaspace  ] GC(55) Metaspace: 37213K->37213K(1083392K)
[2019-12-14T14:20:16.163-0600][gc            ] GC(55) Pause Young (Normal) (G1 Evacuation Pause) 194M->146M(1024M) 26.161ms
[2019-12-14T14:20:16.163-0600][gc,cpu        ] GC(55) User=0.01s Sys=0.00s Real=0.03s
[2019-12-14T14:25:00.335-0600][gc,start      ] GC(56) Pause Young (Normal) (G1 Evacuation Pause)
[2019-12-14T14:25:00.342-0600][gc,task       ] GC(56) Using 1 workers of 1 for evacuation
[2019-12-14T14:25:00.356-0600][gc,phases     ] GC(56)   Pre Evacuate Collection Set: 0.0ms
[2019-12-14T14:25:00.356-0600][gc,phases     ] GC(56)   Evacuate Collection Set: 14.5ms
[2019-12-14T14:25:00.356-0600][gc,phases     ] GC(56)   Post Evacuate Collection Set: 0.3ms
[2019-12-14T14:25:00.356-0600][gc,phases     ] GC(56)   Other: 6.5ms
[2019-12-14T14:25:00.356-0600][gc,heap       ] GC(56) Eden regions: 48->0(48)
[2019-12-14T14:25:00.356-0600][gc,heap       ] GC(56) Survivor regions: 3->3(7)
[2019-12-14T14:25:00.356-0600][gc,heap       ] GC(56) Old regions: 15->15
[2019-12-14T14:25:00.357-0600][gc,heap       ] GC(56) Humongous regions: 129->129
[2019-12-14T14:25:00.357-0600][gc,metaspace  ] GC(56) Metaspace: 37363K->37363K(1083392K)
[2019-12-14T14:25:00.357-0600][gc            ] GC(56) Pause Young (Normal) (G1 Evacuation Pause) 194M->146M(1024M) 21.388ms
[2019-12-14T14:25:00.357-0600][gc,cpu        ] GC(56) User=0.01s Sys=0.00s Real=0.02s
[2019-12-14T14:29:37.936-0600][gc,start      ] GC(57) Pause Young (Normal) (G1 Evacuation Pause)
[2019-12-14T14:29:37.938-0600][gc,task       ] GC(57) Using 1 workers of 1 for evacuation
[2019-12-14T14:29:37.973-0600][gc,mmu        ] GC(57) MMU target violated: 21.0ms (20.0ms/21.0ms)
[2019-12-14T14:29:37.973-0600][gc,phases     ] GC(57)   Pre Evacuate Collection Set: 0.0ms
[2019-12-14T14:29:37.973-0600][gc,phases     ] GC(57)   Evacuate Collection Set: 35.0ms
[2019-12-14T14:29:37.973-0600][gc,phases     ] GC(57)   Post Evacuate Collection Set: 0.3ms
[2019-12-14T14:29:37.973-0600][gc,phases     ] GC(57)   Other: 2.3ms
[2019-12-14T14:29:37.973-0600][gc,heap       ] GC(57) Eden regions: 48->0(47)
[2019-12-14T14:29:37.973-0600][gc,heap       ] GC(57) Survivor regions: 3->4(7)
[2019-12-14T14:29:37.973-0600][gc,heap       ] GC(57) Old regions: 15->15
[2019-12-14T14:29:37.973-0600][gc,heap       ] GC(57) Humongous regions: 129->129
[2019-12-14T14:29:37.973-0600][gc,metaspace  ] GC(57) Metaspace: 37376K->37376K(1083392K)
[2019-12-14T14:29:37.973-0600][gc            ] GC(57) Pause Young (Normal) (G1 Evacuation Pause) 194M->147M(1024M) 37.694ms
[2019-12-14T14:29:37.973-0600][gc,cpu        ] GC(57) User=0.02s Sys=0.00s Real=0.04s
[2019-12-14T14:34:12.693-0600][gc,start      ] GC(58) Pause Young (Normal) (G1 Evacuation Pause)
[2019-12-14T14:34:12.697-0600][gc,task       ] GC(58) Using 1 workers of 1 for evacuation
[2019-12-14T14:34:12.744-0600][gc,mmu        ] GC(58) MMU target violated: 21.0ms (20.0ms/21.0ms)
[2019-12-14T14:34:12.748-0600][gc,phases     ] GC(58)   Pre Evacuate Collection Set: 0.4ms
[2019-12-14T14:34:12.748-0600][gc,phases     ] GC(58)   Evacuate Collection Set: 40.7ms
[2019-12-14T14:34:12.748-0600][gc,phases     ] GC(58)   Post Evacuate Collection Set: 3.5ms
[2019-12-14T14:34:12.749-0600][gc,phases     ] GC(58)   Other: 12.7ms
[2019-12-14T14:34:12.750-0600][gc,heap       ] GC(58) Eden regions: 47->0(47)
[2019-12-14T14:34:12.750-0600][gc,heap       ] GC(58) Survivor regions: 4->4(7)
[2019-12-14T14:34:12.750-0600][gc,heap       ] GC(58) Old regions: 15->15
[2019-12-14T14:34:12.750-0600][gc,heap       ] GC(58) Humongous regions: 129->129
[2019-12-14T14:34:12.750-0600][gc,metaspace  ] GC(58) Metaspace: 37388K->37388K(1083392K)
[2019-12-14T14:34:12.751-0600][gc            ] GC(58) Pause Young (Normal) (G1 Evacuation Pause) 194M->147M(1024M) 57.962ms
[2019-12-14T14:34:12.751-0600][gc,cpu        ] GC(58) User=0.02s Sys=0.00s Real=0.05s
[2019-12-14T14:38:01.684-0600][gc,start      ] GC(59) Pause Young (Normal) (G1 Evacuation Pause)
[2019-12-14T14:38:01.689-0600][gc,task       ] GC(59) Using 1 workers of 1 for evacuation
[2019-12-14T14:38:01.709-0600][gc,phases     ] GC(59)   Pre Evacuate Collection Set: 0.0ms
[2019-12-14T14:38:01.709-0600][gc,phases     ] GC(59)   Evacuate Collection Set: 18.8ms
[2019-12-14T14:38:01.709-0600][gc,phases     ] GC(59)   Post Evacuate Collection Set: 0.2ms
[2019-12-14T14:38:01.709-0600][gc,phases     ] GC(59)   Other: 5.2ms
[2019-12-14T14:38:01.709-0600][gc,heap       ] GC(59) Eden regions: 47->0(47)
[2019-12-14T14:38:01.709-0600][gc,heap       ] GC(59) Survivor regions: 4->4(7)
[2019-12-14T14:38:01.709-0600][gc,heap       ] GC(59) Old regions: 15->15
[2019-12-14T14:38:01.709-0600][gc,heap       ] GC(59) Humongous regions: 129->129
[2019-12-14T14:38:01.709-0600][gc,metaspace  ] GC(59) Metaspace: 37459K->37459K(1083392K)
[2019-12-14T14:38:01.709-0600][gc            ] GC(59) Pause Young (Normal) (G1 Evacuation Pause) 194M->147M(1024M) 24.259ms
[2019-12-14T14:38:01.709-0600][gc,cpu        ] GC(59) User=0.01s Sys=0.00s Real=0.02s
[2019-12-14T14:42:34.572-0600][gc,start      ] GC(60) Pause Young (Normal) (G1 Evacuation Pause)
[2019-12-14T14:42:34.572-0600][gc,task       ] GC(60) Using 1 workers of 1 for evacuation
[2019-12-14T14:42:34.594-0600][gc,mmu        ] GC(60) MMU target violated: 21.0ms (20.0ms/21.0ms)
[2019-12-14T14:42:34.594-0600][gc,phases     ] GC(60)   Pre Evacuate Collection Set: 0.0ms
[2019-12-14T14:42:34.594-0600][gc,phases     ] GC(60)   Evacuate Collection Set: 21.4ms
[2019-12-14T14:42:34.594-0600][gc,phases     ] GC(60)   Post Evacuate Collection Set: 0.3ms
[2019-12-14T14:42:34.594-0600][gc,phases     ] GC(60)   Other: 0.2ms
[2019-12-14T14:42:34.594-0600][gc,heap       ] GC(60) Eden regions: 47->0(48)
[2019-12-14T14:42:34.594-0600][gc,heap       ] GC(60) Survivor regions: 4->3(7)
[2019-12-14T14:42:34.594-0600][gc,heap       ] GC(60) Old regions: 15->16
[2019-12-14T14:42:34.594-0600][gc,heap       ] GC(60) Humongous regions: 129->129
[2019-12-14T14:42:34.594-0600][gc,metaspace  ] GC(60) Metaspace: 37479K->37479K(1083392K)
[2019-12-14T14:42:34.594-0600][gc            ] GC(60) Pause Young (Normal) (G1 Evacuation Pause) 194M->147M(1024M) 21.914ms
[2019-12-14T14:42:34.594-0600][gc,cpu        ] GC(60) User=0.01s Sys=0.00s Real=0.02s
[2019-12-14T14:48:26.003-0600][gc,start      ] GC(61) Pause Young (Normal) (G1 Evacuation Pause)
[2019-12-14T14:48:26.003-0600][gc,task       ] GC(61) Using 1 workers of 1 for evacuation
[2019-12-14T14:48:26.014-0600][gc,phases     ] GC(61)   Pre Evacuate Collection Set: 0.0ms
[2019-12-14T14:48:26.014-0600][gc,phases     ] GC(61)   Evacuate Collection Set: 10.9ms
[2019-12-14T14:48:26.014-0600][gc,phases     ] GC(61)   Post Evacuate Collection Set: 0.3ms
[2019-12-14T14:48:26.014-0600][gc,phases     ] GC(61)   Other: 0.1ms
[2019-12-14T14:48:26.014-0600][gc,heap       ] GC(61) Eden regions: 48->0(48)
[2019-12-14T14:48:26.014-0600][gc,heap       ] GC(61) Survivor regions: 3->3(7)
[2019-12-14T14:48:26.014-0600][gc,heap       ] GC(61) Old regions: 16->16
[2019-12-14T14:48:26.014-0600][gc,heap       ] GC(61) Humongous regions: 129->129
[2019-12-14T14:48:26.014-0600][gc,metaspace  ] GC(61) Metaspace: 37479K->37479K(1083392K)
[2019-12-14T14:48:26.014-0600][gc            ] GC(61) Pause Young (Normal) (G1 Evacuation Pause) 195M->147M(1024M) 11.376ms
[2019-12-14T14:48:26.014-0600][gc,cpu        ] GC(61) User=0.01s Sys=0.00s Real=0.01s
[2019-12-14T14:54:19.585-0600][gc,start      ] GC(62) Pause Young (Normal) (G1 Evacuation Pause)
[2019-12-14T14:54:19.585-0600][gc,task       ] GC(62) Using 1 workers of 1 for evacuation
[2019-12-14T14:54:19.619-0600][gc,mmu        ] GC(62) MMU target violated: 21.0ms (20.0ms/21.0ms)
[2019-12-14T14:54:19.619-0600][gc,phases     ] GC(62)   Pre Evacuate Collection Set: 0.0ms
[2019-12-14T14:54:19.619-0600][gc,phases     ] GC(62)   Evacuate Collection Set: 29.0ms
[2019-12-14T14:54:19.619-0600][gc,phases     ] GC(62)   Post Evacuate Collection Set: 4.4ms
[2019-12-14T14:54:19.619-0600][gc,phases     ] GC(62)   Other: 0.2ms
[2019-12-14T14:54:19.619-0600][gc,heap       ] GC(62) Eden regions: 48->0(47)
[2019-12-14T14:54:19.619-0600][gc,heap       ] GC(62) Survivor regions: 3->4(7)
[2019-12-14T14:54:19.619-0600][gc,heap       ] GC(62) Old regions: 16->16
[2019-12-14T14:54:19.619-0600][gc,heap       ] GC(62) Humongous regions: 129->129
[2019-12-14T14:54:19.619-0600][gc,metaspace  ] GC(62) Metaspace: 37479K->37479K(1083392K)
[2019-12-14T14:54:19.619-0600][gc            ] GC(62) Pause Young (Normal) (G1 Evacuation Pause) 195M->148M(1024M) 33.673ms
[2019-12-14T14:54:19.619-0600][gc,cpu        ] GC(62) User=0.01s Sys=0.01s Real=0.04s
[2019-12-14T15:00:04.149-0600][gc,start      ] GC(63) Pause Young (Normal) (G1 Evacuation Pause)
[2019-12-14T15:00:04.149-0600][gc,task       ] GC(63) Using 1 workers of 1 for evacuation
[2019-12-14T15:00:04.170-0600][gc,mmu        ] GC(63) MMU target violated: 21.0ms (20.0ms/21.0ms)
[2019-12-14T15:00:04.170-0600][gc,phases     ] GC(63)   Pre Evacuate Collection Set: 0.0ms
[2019-12-14T15:00:04.170-0600][gc,phases     ] GC(63)   Evacuate Collection Set: 20.7ms
[2019-12-14T15:00:04.170-0600][gc,phases     ] GC(63)   Post Evacuate Collection Set: 0.3ms
[2019-12-14T15:00:04.170-0600][gc,phases     ] GC(63)   Other: 0.3ms
[2019-12-14T15:00:04.170-0600][gc,heap       ] GC(63) Eden regions: 47->0(47)
[2019-12-14T15:00:04.170-0600][gc,heap       ] GC(63) Survivor regions: 4->4(7)
[2019-12-14T15:00:04.170-0600][gc,heap       ] GC(63) Old regions: 16->16
[2019-12-14T15:00:04.170-0600][gc,heap       ] GC(63) Humongous regions: 129->129
[2019-12-14T15:00:04.170-0600][gc,metaspace  ] GC(63) Metaspace: 37485K->37485K(1083392K)
[2019-12-14T15:00:04.170-0600][gc            ] GC(63) Pause Young (Normal) (G1 Evacuation Pause) 195M->147M(1024M) 21.343ms
[2019-12-14T15:00:04.170-0600][gc,cpu        ] GC(63) User=0.01s Sys=0.00s Real=0.02s
[2019-12-14T15:05:46.137-0600][gc,start      ] GC(64) Pause Young (Normal) (G1 Evacuation Pause)
[2019-12-14T15:05:46.137-0600][gc,task       ] GC(64) Using 1 workers of 1 for evacuation
[2019-12-14T15:05:46.153-0600][gc,phases     ] GC(64)   Pre Evacuate Collection Set: 0.0ms
[2019-12-14T15:05:46.153-0600][gc,phases     ] GC(64)   Evacuate Collection Set: 15.2ms
[2019-12-14T15:05:46.153-0600][gc,phases     ] GC(64)   Post Evacuate Collection Set: 0.3ms
[2019-12-14T15:05:46.153-0600][gc,phases     ] GC(64)   Other: 0.2ms
[2019-12-14T15:05:46.153-0600][gc,heap       ] GC(64) Eden regions: 47->0(47)
[2019-12-14T15:05:46.153-0600][gc,heap       ] GC(64) Survivor regions: 4->4(7)
[2019-12-14T15:05:46.153-0600][gc,heap       ] GC(64) Old regions: 16->16
[2019-12-14T15:05:46.153-0600][gc,heap       ] GC(64) Humongous regions: 129->129
[2019-12-14T15:05:46.153-0600][gc,metaspace  ] GC(64) Metaspace: 37485K->37485K(1083392K)
[2019-12-14T15:05:46.153-0600][gc            ] GC(64) Pause Young (Normal) (G1 Evacuation Pause) 194M->147M(1024M) 15.994ms
[2019-12-14T15:05:46.153-0600][gc,cpu        ] GC(64) User=0.01s Sys=0.00s Real=0.02s
[2019-12-14T15:11:27.640-0600][gc,start      ] GC(65) Pause Young (Normal) (G1 Evacuation Pause)
[2019-12-14T15:11:27.640-0600][gc,task       ] GC(65) Using 1 workers of 1 for evacuation
[2019-12-14T15:11:27.652-0600][gc,phases     ] GC(65)   Pre Evacuate Collection Set: 0.0ms
[2019-12-14T15:11:27.652-0600][gc,phases     ] GC(65)   Evacuate Collection Set: 12.2ms
[2019-12-14T15:11:27.652-0600][gc,phases     ] GC(65)   Post Evacuate Collection Set: 0.3ms
[2019-12-14T15:11:27.652-0600][gc,phases     ] GC(65)   Other: 0.1ms
[2019-12-14T15:11:27.652-0600][gc,heap       ] GC(65) Eden regions: 47->0(48)
[2019-12-14T15:11:27.652-0600][gc,heap       ] GC(65) Survivor regions: 4->3(7)
[2019-12-14T15:11:27.652-0600][gc,heap       ] GC(65) Old regions: 16->16
[2019-12-14T15:11:27.652-0600][gc,heap       ] GC(65) Humongous regions: 129->129
[2019-12-14T15:11:27.652-0600][gc,metaspace  ] GC(65) Metaspace: 37488K->37488K(1083392K)
[2019-12-14T15:11:27.652-0600][gc            ] GC(65) Pause Young (Normal) (G1 Evacuation Pause) 194M->147M(1024M) 12.679ms
[2019-12-14T15:11:27.652-0600][gc,cpu        ] GC(65) User=0.01s Sys=0.00s Real=0.01s
[2019-12-14T15:17:10.760-0600][gc,start      ] GC(66) Pause Young (Normal) (G1 Evacuation Pause)
[2019-12-14T15:17:10.760-0600][gc,task       ] GC(66) Using 1 workers of 1 for evacuation
[2019-12-14T15:17:10.775-0600][gc,phases     ] GC(66)   Pre Evacuate Collection Set: 0.0ms
[2019-12-14T15:17:10.775-0600][gc,phases     ] GC(66)   Evacuate Collection Set: 15.1ms
[2019-12-14T15:17:10.775-0600][gc,phases     ] GC(66)   Post Evacuate Collection Set: 0.3ms
[2019-12-14T15:17:10.775-0600][gc,phases     ] GC(66)   Other: 0.1ms
[2019-12-14T15:17:10.775-0600][gc,heap       ] GC(66) Eden regions: 48->0(47)
[2019-12-14T15:17:10.775-0600][gc,heap       ] GC(66) Survivor regions: 3->4(7)
[2019-12-14T15:17:10.775-0600][gc,heap       ] GC(66) Old regions: 16->16
[2019-12-14T15:17:10.775-0600][gc,heap       ] GC(66) Humongous regions: 129->129
[2019-12-14T15:17:10.775-0600][gc,metaspace  ] GC(66) Metaspace: 37488K->37488K(1083392K)
[2019-12-14T15:17:10.775-0600][gc            ] GC(66) Pause Young (Normal) (G1 Evacuation Pause) 195M->148M(1024M) 15.650ms
[2019-12-14T15:17:10.775-0600][gc,cpu        ] GC(66) User=0.01s Sys=0.00s Real=0.01s
[2019-12-14T15:24:08.885-0600][gc,start      ] GC(67) Pause Young (Normal) (G1 Evacuation Pause)
[2019-12-14T15:24:08.885-0600][gc,task       ] GC(67) Using 1 workers of 1 for evacuation
[2019-12-14T15:24:08.898-0600][gc,phases     ] GC(67)   Pre Evacuate Collection Set: 0.0ms
[2019-12-14T15:24:08.898-0600][gc,phases     ] GC(67)   Evacuate Collection Set: 12.2ms
[2019-12-14T15:24:08.898-0600][gc,phases     ] GC(67)   Post Evacuate Collection Set: 0.3ms
[2019-12-14T15:24:08.898-0600][gc,phases     ] GC(67)   Other: 0.1ms
[2019-12-14T15:24:08.898-0600][gc,heap       ] GC(67) Eden regions: 47->0(48)
[2019-12-14T15:24:08.898-0600][gc,heap       ] GC(67) Survivor regions: 4->3(7)
[2019-12-14T15:24:08.898-0600][gc,heap       ] GC(67) Old regions: 16->17
[2019-12-14T15:24:08.898-0600][gc,heap       ] GC(67) Humongous regions: 129->129
[2019-12-14T15:24:08.898-0600][gc,metaspace  ] GC(67) Metaspace: 37488K->37488K(1083392K)
[2019-12-14T15:24:08.898-0600][gc            ] GC(67) Pause Young (Normal) (G1 Evacuation Pause) 195M->147M(1024M) 12.730ms
[2019-12-14T15:24:08.898-0600][gc,cpu        ] GC(67) User=0.00s Sys=0.01s Real=0.01s
[2019-12-14T15:31:06.610-0600][gc,start      ] GC(68) Pause Young (Normal) (G1 Evacuation Pause)
[2019-12-14T15:31:06.610-0600][gc,task       ] GC(68) Using 1 workers of 1 for evacuation
[2019-12-14T15:31:06.634-0600][gc,mmu        ] GC(68) MMU target violated: 21.0ms (20.0ms/21.0ms)
[2019-12-14T15:31:06.634-0600][gc,phases     ] GC(68)   Pre Evacuate Collection Set: 0.0ms
[2019-12-14T15:31:06.634-0600][gc,phases     ] GC(68)   Evacuate Collection Set: 23.8ms
[2019-12-14T15:31:06.634-0600][gc,phases     ] GC(68)   Post Evacuate Collection Set: 0.3ms
[2019-12-14T15:31:06.634-0600][gc,phases     ] GC(68)   Other: 0.2ms
[2019-12-14T15:31:06.634-0600][gc,heap       ] GC(68) Eden regions: 48->0(47)
[2019-12-14T15:31:06.634-0600][gc,heap       ] GC(68) Survivor regions: 3->4(7)
[2019-12-14T15:31:06.634-0600][gc,heap       ] GC(68) Old regions: 17->17
[2019-12-14T15:31:06.634-0600][gc,heap       ] GC(68) Humongous regions: 129->129
[2019-12-14T15:31:06.634-0600][gc,metaspace  ] GC(68) Metaspace: 37544K->37544K(1083392K)
[2019-12-14T15:31:06.634-0600][gc            ] GC(68) Pause Young (Normal) (G1 Evacuation Pause) 195M->148M(1024M) 24.328ms
[2019-12-14T15:31:06.634-0600][gc,cpu        ] GC(68) User=0.02s Sys=0.00s Real=0.03s
[2019-12-14T15:37:58.021-0600][gc,start      ] GC(69) Pause Young (Normal) (G1 Evacuation Pause)
[2019-12-14T15:37:58.021-0600][gc,task       ] GC(69) Using 1 workers of 1 for evacuation
[2019-12-14T15:37:58.033-0600][gc,phases     ] GC(69)   Pre Evacuate Collection Set: 0.0ms
[2019-12-14T15:37:58.033-0600][gc,phases     ] GC(69)   Evacuate Collection Set: 11.1ms
[2019-12-14T15:37:58.033-0600][gc,phases     ] GC(69)   Post Evacuate Collection Set: 1.0ms
[2019-12-14T15:37:58.033-0600][gc,phases     ] GC(69)   Other: 0.2ms
[2019-12-14T15:37:58.034-0600][gc,heap       ] GC(69) Eden regions: 47->0(48)
[2019-12-14T15:37:58.034-0600][gc,heap       ] GC(69) Survivor regions: 4->3(7)
[2019-12-14T15:37:58.034-0600][gc,heap       ] GC(69) Old regions: 17->17
[2019-12-14T15:37:58.034-0600][gc,heap       ] GC(69) Humongous regions: 129->129
[2019-12-14T15:37:58.034-0600][gc,metaspace  ] GC(69) Metaspace: 37554K->37554K(1083392K)
[2019-12-14T15:37:58.034-0600][gc            ] GC(69) Pause Young (Normal) (G1 Evacuation Pause) 195M->148M(1024M) 12.493ms
[2019-12-14T15:37:58.034-0600][gc,cpu        ] GC(69) User=0.01s Sys=0.00s Real=0.01s
[2019-12-14T15:45:06.137-0600][gc,start      ] GC(70) Pause Young (Normal) (G1 Evacuation Pause)
[2019-12-14T15:45:06.137-0600][gc,task       ] GC(70) Using 1 workers of 1 for evacuation
[2019-12-14T15:45:06.156-0600][gc,phases     ] GC(70)   Pre Evacuate Collection Set: 0.0ms
[2019-12-14T15:45:06.156-0600][gc,phases     ] GC(70)   Evacuate Collection Set: 18.6ms
[2019-12-14T15:45:06.156-0600][gc,phases     ] GC(70)   Post Evacuate Collection Set: 0.3ms
[2019-12-14T15:45:06.156-0600][gc,phases     ] GC(70)   Other: 0.1ms
[2019-12-14T15:45:06.156-0600][gc,heap       ] GC(70) Eden regions: 48->0(47)
[2019-12-14T15:45:06.156-0600][gc,heap       ] GC(70) Survivor regions: 3->4(7)
[2019-12-14T15:45:06.156-0600][gc,heap       ] GC(70) Old regions: 17->17
[2019-12-14T15:45:06.156-0600][gc,heap       ] GC(70) Humongous regions: 129->129
[2019-12-14T15:45:06.157-0600][gc,metaspace  ] GC(70) Metaspace: 37562K->37562K(1083392K)
[2019-12-14T15:45:06.157-0600][gc            ] GC(70) Pause Young (Normal) (G1 Evacuation Pause) 196M->148M(1024M) 19.434ms
[2019-12-14T15:45:06.157-0600][gc,cpu        ] GC(70) User=0.01s Sys=0.00s Real=0.02s
[2019-12-14T15:52:12.541-0600][gc,start      ] GC(71) Pause Young (Normal) (G1 Evacuation Pause)
[2019-12-14T15:52:12.541-0600][gc,task       ] GC(71) Using 1 workers of 1 for evacuation
[2019-12-14T15:52:12.552-0600][gc,phases     ] GC(71)   Pre Evacuate Collection Set: 0.0ms
[2019-12-14T15:52:12.552-0600][gc,phases     ] GC(71)   Evacuate Collection Set: 11.1ms
[2019-12-14T15:52:12.552-0600][gc,phases     ] GC(71)   Post Evacuate Collection Set: 0.3ms
[2019-12-14T15:52:12.552-0600][gc,phases     ] GC(71)   Other: 0.1ms
[2019-12-14T15:52:12.552-0600][gc,heap       ] GC(71) Eden regions: 47->0(48)
[2019-12-14T15:52:12.552-0600][gc,heap       ] GC(71) Survivor regions: 4->3(7)
[2019-12-14T15:52:12.552-0600][gc,heap       ] GC(71) Old regions: 17->17
[2019-12-14T15:52:12.552-0600][gc,heap       ] GC(71) Humongous regions: 129->129
[2019-12-14T15:52:12.552-0600][gc,metaspace  ] GC(71) Metaspace: 37563K->37563K(1083392K)
[2019-12-14T15:52:12.552-0600][gc            ] GC(71) Pause Young (Normal) (G1 Evacuation Pause) 195M->148M(1024M) 11.568ms
[2019-12-14T15:52:12.552-0600][gc,cpu        ] GC(71) User=0.01s Sys=0.00s Real=0.01s
[2019-12-14T15:59:25.591-0600][gc,start      ] GC(72) Pause Young (Normal) (G1 Evacuation Pause)
[2019-12-14T15:59:25.591-0600][gc,task       ] GC(72) Using 1 workers of 1 for evacuation
[2019-12-14T15:59:25.611-0600][gc,mmu        ] GC(72) MMU target violated: 20.6ms (20.0ms/21.0ms)
[2019-12-14T15:59:25.611-0600][gc,phases     ] GC(72)   Pre Evacuate Collection Set: 0.0ms
[2019-12-14T15:59:25.611-0600][gc,phases     ] GC(72)   Evacuate Collection Set: 20.0ms
[2019-12-14T15:59:25.611-0600][gc,phases     ] GC(72)   Post Evacuate Collection Set: 0.3ms
[2019-12-14T15:59:25.612-0600][gc,phases     ] GC(72)   Other: 0.4ms
[2019-12-14T15:59:25.612-0600][gc,heap       ] GC(72) Eden regions: 48->0(47)
[2019-12-14T15:59:25.612-0600][gc,heap       ] GC(72) Survivor regions: 3->4(7)
[2019-12-14T15:59:25.612-0600][gc,heap       ] GC(72) Old regions: 17->17
[2019-12-14T15:59:25.612-0600][gc,heap       ] GC(72) Humongous regions: 129->129
[2019-12-14T15:59:25.612-0600][gc,metaspace  ] GC(72) Metaspace: 37563K->37563K(1083392K)
[2019-12-14T15:59:25.612-0600][gc            ] GC(72) Pause Young (Normal) (G1 Evacuation Pause) 196M->149M(1024M) 20.792ms
[2019-12-14T15:59:25.612-0600][gc,cpu        ] GC(72) User=0.02s Sys=0.00s Real=0.03s
[2019-12-14T16:06:21.018-0600][gc,start      ] GC(73) Pause Young (Normal) (G1 Evacuation Pause)
[2019-12-14T16:06:21.018-0600][gc,task       ] GC(73) Using 1 workers of 1 for evacuation
[2019-12-14T16:06:21.033-0600][gc,phases     ] GC(73)   Pre Evacuate Collection Set: 0.0ms
[2019-12-14T16:06:21.033-0600][gc,phases     ] GC(73)   Evacuate Collection Set: 14.3ms
[2019-12-14T16:06:21.033-0600][gc,phases     ] GC(73)   Post Evacuate Collection Set: 0.3ms
[2019-12-14T16:06:21.033-0600][gc,phases     ] GC(73)   Other: 0.5ms
[2019-12-14T16:06:21.033-0600][gc,heap       ] GC(73) Eden regions: 47->0(48)
[2019-12-14T16:06:21.033-0600][gc,heap       ] GC(73) Survivor regions: 4->3(7)
[2019-12-14T16:06:21.033-0600][gc,heap       ] GC(73) Old regions: 17->17
[2019-12-14T16:06:21.033-0600][gc,heap       ] GC(73) Humongous regions: 129->129
[2019-12-14T16:06:21.033-0600][gc,metaspace  ] GC(73) Metaspace: 37563K->37563K(1083392K)
[2019-12-14T16:06:21.033-0600][gc            ] GC(73) Pause Young (Normal) (G1 Evacuation Pause) 196M->148M(1024M) 15.175ms
[2019-12-14T16:06:21.033-0600][gc,cpu        ] GC(73) User=0.01s Sys=0.00s Real=0.02s
[2019-12-14T16:13:17.552-0600][gc,start      ] GC(74) Pause Young (Normal) (G1 Evacuation Pause)
[2019-12-14T16:13:17.552-0600][gc,task       ] GC(74) Using 1 workers of 1 for evacuation
[2019-12-14T16:13:17.580-0600][gc,mmu        ] GC(74) MMU target violated: 21.0ms (20.0ms/21.0ms)
[2019-12-14T16:13:17.580-0600][gc,phases     ] GC(74)   Pre Evacuate Collection Set: 0.1ms
[2019-12-14T16:13:17.580-0600][gc,phases     ] GC(74)   Evacuate Collection Set: 27.2ms
[2019-12-14T16:13:17.580-0600][gc,phases     ] GC(74)   Post Evacuate Collection Set: 0.4ms
[2019-12-14T16:13:17.580-0600][gc,phases     ] GC(74)   Other: 0.4ms
[2019-12-14T16:13:17.580-0600][gc,heap       ] GC(74) Eden regions: 48->0(47)
[2019-12-14T16:13:17.580-0600][gc,heap       ] GC(74) Survivor regions: 3->4(7)
[2019-12-14T16:13:17.580-0600][gc,heap       ] GC(74) Old regions: 17->17
[2019-12-14T16:13:17.580-0600][gc,heap       ] GC(74) Humongous regions: 129->129
[2019-12-14T16:13:17.580-0600][gc,metaspace  ] GC(74) Metaspace: 37563K->37563K(1083392K)
[2019-12-14T16:13:17.580-0600][gc            ] GC(74) Pause Young (Normal) (G1 Evacuation Pause) 196M->148M(1024M) 28.032ms
[2019-12-14T16:13:17.580-0600][gc,cpu        ] GC(74) User=0.02s Sys=0.00s Real=0.03s
[2019-12-14T16:20:21.026-0600][gc,start      ] GC(75) Pause Young (Normal) (G1 Evacuation Pause)
[2019-12-14T16:20:21.026-0600][gc,task       ] GC(75) Using 1 workers of 1 for evacuation
[2019-12-14T16:20:21.042-0600][gc,phases     ] GC(75)   Pre Evacuate Collection Set: 0.0ms
[2019-12-14T16:20:21.042-0600][gc,phases     ] GC(75)   Evacuate Collection Set: 15.1ms
[2019-12-14T16:20:21.042-0600][gc,phases     ] GC(75)   Post Evacuate Collection Set: 0.3ms
[2019-12-14T16:20:21.042-0600][gc,phases     ] GC(75)   Other: 0.3ms
[2019-12-14T16:20:21.042-0600][gc,heap       ] GC(75) Eden regions: 47->0(48)
[2019-12-14T16:20:21.042-0600][gc,heap       ] GC(75) Survivor regions: 4->3(7)
[2019-12-14T16:20:21.042-0600][gc,heap       ] GC(75) Old regions: 17->17
[2019-12-14T16:20:21.042-0600][gc,heap       ] GC(75) Humongous regions: 129->129
[2019-12-14T16:20:21.042-0600][gc,metaspace  ] GC(75) Metaspace: 37564K->37564K(1083392K)
[2019-12-14T16:20:21.042-0600][gc            ] GC(75) Pause Young (Normal) (G1 Evacuation Pause) 195M->148M(1024M) 15.774ms
[2019-12-14T16:20:21.042-0600][gc,cpu        ] GC(75) User=0.01s Sys=0.00s Real=0.02s
[2019-12-14T16:27:34.045-0600][gc,start      ] GC(76) Pause Young (Normal) (G1 Evacuation Pause)
[2019-12-14T16:27:34.045-0600][gc,task       ] GC(76) Using 1 workers of 1 for evacuation
[2019-12-14T16:27:34.068-0600][gc,mmu        ] GC(76) MMU target violated: 21.0ms (20.0ms/21.0ms)
[2019-12-14T16:27:34.068-0600][gc,phases     ] GC(76)   Pre Evacuate Collection Set: 0.0ms
[2019-12-14T16:27:34.068-0600][gc,phases     ] GC(76)   Evacuate Collection Set: 21.3ms
[2019-12-14T16:27:34.068-0600][gc,phases     ] GC(76)   Post Evacuate Collection Set: 0.6ms
[2019-12-14T16:27:34.068-0600][gc,phases     ] GC(76)   Other: 0.3ms
[2019-12-14T16:27:34.068-0600][gc,heap       ] GC(76) Eden regions: 48->0(48)
[2019-12-14T16:27:34.068-0600][gc,heap       ] GC(76) Survivor regions: 3->3(7)
[2019-12-14T16:27:34.068-0600][gc,heap       ] GC(76) Old regions: 17->17
[2019-12-14T16:27:34.068-0600][gc,heap       ] GC(76) Humongous regions: 129->129
[2019-12-14T16:27:34.068-0600][gc,metaspace  ] GC(76) Metaspace: 37564K->37564K(1083392K)
[2019-12-14T16:27:34.068-0600][gc            ] GC(76) Pause Young (Normal) (G1 Evacuation Pause) 196M->147M(1024M) 22.380ms
[2019-12-14T16:27:34.068-0600][gc,cpu        ] GC(76) User=0.02s Sys=0.00s Real=0.02s
[2019-12-14T16:34:42.464-0600][gc,start      ] GC(77) Pause Young (Normal) (G1 Evacuation Pause)
[2019-12-14T16:34:42.464-0600][gc,task       ] GC(77) Using 1 workers of 1 for evacuation
[2019-12-14T16:34:42.484-0600][gc,mmu        ] GC(77) MMU target violated: 20.1ms (20.0ms/21.0ms)
[2019-12-14T16:34:42.484-0600][gc,phases     ] GC(77)   Pre Evacuate Collection Set: 0.0ms
[2019-12-14T16:34:42.484-0600][gc,phases     ] GC(77)   Evacuate Collection Set: 19.5ms
[2019-12-14T16:34:42.484-0600][gc,phases     ] GC(77)   Post Evacuate Collection Set: 0.5ms
[2019-12-14T16:34:42.484-0600][gc,phases     ] GC(77)   Other: 0.2ms
[2019-12-14T16:34:42.484-0600][gc,heap       ] GC(77) Eden regions: 48->0(48)
[2019-12-14T16:34:42.484-0600][gc,heap       ] GC(77) Survivor regions: 3->3(7)
[2019-12-14T16:34:42.484-0600][gc,heap       ] GC(77) Old regions: 17->17
[2019-12-14T16:34:42.484-0600][gc,heap       ] GC(77) Humongous regions: 129->129
[2019-12-14T16:34:42.484-0600][gc,metaspace  ] GC(77) Metaspace: 37565K->37565K(1083392K)
[2019-12-14T16:34:42.484-0600][gc            ] GC(77) Pause Young (Normal) (G1 Evacuation Pause) 195M->148M(1024M) 20.284ms
[2019-12-14T16:34:42.484-0600][gc,cpu        ] GC(77) User=0.02s Sys=0.00s Real=0.02s
[2019-12-14T16:41:58.261-0600][gc,start      ] GC(78) Pause Young (Normal) (G1 Evacuation Pause)
[2019-12-14T16:41:58.261-0600][gc,task       ] GC(78) Using 1 workers of 1 for evacuation
[2019-12-14T16:41:58.282-0600][gc,mmu        ] GC(78) MMU target violated: 20.3ms (20.0ms/21.0ms)
[2019-12-14T16:41:58.282-0600][gc,phases     ] GC(78)   Pre Evacuate Collection Set: 0.0ms
[2019-12-14T16:41:58.282-0600][gc,phases     ] GC(78)   Evacuate Collection Set: 20.0ms
[2019-12-14T16:41:58.282-0600][gc,phases     ] GC(78)   Post Evacuate Collection Set: 0.3ms
[2019-12-14T16:41:58.282-0600][gc,phases     ] GC(78)   Other: 0.2ms
[2019-12-14T16:41:58.282-0600][gc,heap       ] GC(78) Eden regions: 48->0(48)
[2019-12-14T16:41:58.282-0600][gc,heap       ] GC(78) Survivor regions: 3->3(7)
[2019-12-14T16:41:58.282-0600][gc,heap       ] GC(78) Old regions: 17->17
[2019-12-14T16:41:58.282-0600][gc,heap       ] GC(78) Humongous regions: 129->129
[2019-12-14T16:41:58.282-0600][gc,metaspace  ] GC(78) Metaspace: 37571K->37571K(1083392K)
[2019-12-14T16:41:58.282-0600][gc            ] GC(78) Pause Young (Normal) (G1 Evacuation Pause) 196M->148M(1024M) 20.541ms
[2019-12-14T16:41:58.282-0600][gc,cpu        ] GC(78) User=0.02s Sys=0.00s Real=0.02s
[2019-12-14T16:49:13.130-0600][gc,start      ] GC(79) Pause Young (Normal) (G1 Evacuation Pause)
[2019-12-14T16:49:13.130-0600][gc,task       ] GC(79) Using 1 workers of 1 for evacuation
[2019-12-14T16:49:13.140-0600][gc,phases     ] GC(79)   Pre Evacuate Collection Set: 0.0ms
[2019-12-14T16:49:13.140-0600][gc,phases     ] GC(79)   Evacuate Collection Set: 10.0ms
[2019-12-14T16:49:13.140-0600][gc,phases     ] GC(79)   Post Evacuate Collection Set: 0.3ms
[2019-12-14T16:49:13.140-0600][gc,phases     ] GC(79)   Other: 0.1ms
[2019-12-14T16:49:13.140-0600][gc,heap       ] GC(79) Eden regions: 48->0(48)
[2019-12-14T16:49:13.140-0600][gc,heap       ] GC(79) Survivor regions: 3->4(7)
[2019-12-14T16:49:13.140-0600][gc,heap       ] GC(79) Old regions: 17->17
[2019-12-14T16:49:13.140-0600][gc,heap       ] GC(79) Humongous regions: 129->129
[2019-12-14T16:49:13.140-0600][gc,metaspace  ] GC(79) Metaspace: 37571K->37571K(1083392K)
[2019-12-14T16:49:13.140-0600][gc            ] GC(79) Pause Young (Normal) (G1 Evacuation Pause) 196M->148M(1024M) 10.462ms
[2019-12-14T16:49:13.140-0600][gc,cpu        ] GC(79) User=0.01s Sys=0.00s Real=0.02s
[2019-12-14T16:56:26.137-0600][gc,start      ] GC(80) Pause Young (Normal) (G1 Evacuation Pause)
[2019-12-14T16:56:26.137-0600][gc,task       ] GC(80) Using 1 workers of 1 for evacuation
[2019-12-14T16:56:26.147-0600][gc,phases     ] GC(80)   Pre Evacuate Collection Set: 0.0ms
[2019-12-14T16:56:26.147-0600][gc,phases     ] GC(80)   Evacuate Collection Set: 9.3ms
[2019-12-14T16:56:26.147-0600][gc,phases     ] GC(80)   Post Evacuate Collection Set: 0.3ms
[2019-12-14T16:56:26.147-0600][gc,phases     ] GC(80)   Other: 0.1ms
[2019-12-14T16:56:26.147-0600][gc,heap       ] GC(80) Eden regions: 48->0(49)
[2019-12-14T16:56:26.147-0600][gc,heap       ] GC(80) Survivor regions: 4->3(7)
[2019-12-14T16:56:26.147-0600][gc,heap       ] GC(80) Old regions: 17->17
[2019-12-14T16:56:26.147-0600][gc,heap       ] GC(80) Humongous regions: 129->129
[2019-12-14T16:56:26.147-0600][gc,metaspace  ] GC(80) Metaspace: 37571K->37571K(1083392K)
[2019-12-14T16:56:26.147-0600][gc            ] GC(80) Pause Young (Normal) (G1 Evacuation Pause) 196M->148M(1024M) 10.073ms
[2019-12-14T16:56:26.147-0600][gc,cpu        ] GC(80) User=0.00s Sys=0.00s Real=0.01s
[2019-12-14T17:03:48.527-0600][gc,start      ] GC(81) Pause Young (Normal) (G1 Evacuation Pause)
[2019-12-14T17:03:48.527-0600][gc,task       ] GC(81) Using 1 workers of 1 for evacuation
[2019-12-14T17:03:48.538-0600][gc,phases     ] GC(81)   Pre Evacuate Collection Set: 0.0ms
[2019-12-14T17:03:48.538-0600][gc,phases     ] GC(81)   Evacuate Collection Set: 10.0ms
[2019-12-14T17:03:48.538-0600][gc,phases     ] GC(81)   Post Evacuate Collection Set: 0.3ms
[2019-12-14T17:03:48.538-0600][gc,phases     ] GC(81)   Other: 0.1ms
[2019-12-14T17:03:48.538-0600][gc,heap       ] GC(81) Eden regions: 49->0(51)
[2019-12-14T17:03:48.538-0600][gc,heap       ] GC(81) Survivor regions: 3->3(7)
[2019-12-14T17:03:48.538-0600][gc,heap       ] GC(81) Old regions: 17->17
[2019-12-14T17:03:48.538-0600][gc,heap       ] GC(81) Humongous regions: 129->129
[2019-12-14T17:03:48.538-0600][gc,metaspace  ] GC(81) Metaspace: 37571K->37571K(1083392K)
[2019-12-14T17:03:48.538-0600][gc            ] GC(81) Pause Young (Normal) (G1 Evacuation Pause) 197M->147M(1024M) 10.531ms
[2019-12-14T17:03:48.538-0600][gc,cpu        ] GC(81) User=0.00s Sys=0.00s Real=0.01s
[2019-12-14T17:11:24.041-0600][gc,start      ] GC(82) Pause Young (Normal) (G1 Evacuation Pause)
[2019-12-14T17:11:24.041-0600][gc,task       ] GC(82) Using 1 workers of 1 for evacuation
[2019-12-14T17:11:24.115-0600][gc,mmu        ] GC(82) MMU target violated: 21.0ms (20.0ms/21.0ms)
[2019-12-14T17:11:24.115-0600][gc,phases     ] GC(82)   Pre Evacuate Collection Set: 0.0ms
[2019-12-14T17:11:24.115-0600][gc,phases     ] GC(82)   Evacuate Collection Set: 74.1ms
[2019-12-14T17:11:24.115-0600][gc,phases     ] GC(82)   Post Evacuate Collection Set: 0.3ms
[2019-12-14T17:11:24.115-0600][gc,phases     ] GC(82)   Other: 0.3ms
[2019-12-14T17:11:24.115-0600][gc,heap       ] GC(82) Eden regions: 51->0(47)
[2019-12-14T17:11:24.115-0600][gc,heap       ] GC(82) Survivor regions: 3->4(7)
[2019-12-14T17:11:24.115-0600][gc,heap       ] GC(82) Old regions: 17->17
[2019-12-14T17:11:24.115-0600][gc,heap       ] GC(82) Humongous regions: 129->129
[2019-12-14T17:11:24.115-0600][gc,metaspace  ] GC(82) Metaspace: 37572K->37572K(1083392K)
[2019-12-14T17:11:24.115-0600][gc            ] GC(82) Pause Young (Normal) (G1 Evacuation Pause) 198M->148M(1024M) 74.754ms
[2019-12-14T17:11:24.115-0600][gc,cpu        ] GC(82) User=0.00s Sys=0.02s Real=0.07s
[2019-12-14T17:18:13.910-0600][gc,start      ] GC(83) Pause Young (Normal) (G1 Evacuation Pause)
[2019-12-14T17:18:13.910-0600][gc,task       ] GC(83) Using 1 workers of 1 for evacuation
[2019-12-14T17:18:13.920-0600][gc,phases     ] GC(83)   Pre Evacuate Collection Set: 0.0ms
[2019-12-14T17:18:13.920-0600][gc,phases     ] GC(83)   Evacuate Collection Set: 9.8ms
[2019-12-14T17:18:13.920-0600][gc,phases     ] GC(83)   Post Evacuate Collection Set: 0.3ms
[2019-12-14T17:18:13.920-0600][gc,phases     ] GC(83)   Other: 0.1ms
[2019-12-14T17:18:13.920-0600][gc,heap       ] GC(83) Eden regions: 47->0(48)
[2019-12-14T17:18:13.920-0600][gc,heap       ] GC(83) Survivor regions: 4->3(7)
[2019-12-14T17:18:13.920-0600][gc,heap       ] GC(83) Old regions: 17->17
[2019-12-14T17:18:13.920-0600][gc,heap       ] GC(83) Humongous regions: 129->129
[2019-12-14T17:18:13.920-0600][gc,metaspace  ] GC(83) Metaspace: 37574K->37574K(1083392K)
[2019-12-14T17:18:13.920-0600][gc            ] GC(83) Pause Young (Normal) (G1 Evacuation Pause) 195M->148M(1024M) 10.268ms
[2019-12-14T17:18:13.920-0600][gc,cpu        ] GC(83) User=0.01s Sys=0.00s Real=0.02s
[2019-12-14T17:25:23.461-0600][gc,start      ] GC(84) Pause Young (Normal) (G1 Evacuation Pause)
[2019-12-14T17:25:23.461-0600][gc,task       ] GC(84) Using 1 workers of 1 for evacuation
[2019-12-14T17:25:23.481-0600][gc,mmu        ] GC(84) MMU target violated: 20.3ms (20.0ms/21.0ms)
