[2019-12-04T21:23:38.327-0600][gc,heap] Heap region size: 1M
[2019-12-04T21:23:38.340-0600][gc     ] Using G1
[2019-12-04T21:23:38.340-0600][gc,heap,coops] Heap address: 0x00000000c0000000, size: 1024 MB, Compressed Oops mode: 32-bit
[2019-12-04T21:23:42.603-0600][gc,start     ] GC(0) Pause Young (Normal) (G1 Evacuation Pause)
[2019-12-04T21:23:42.603-0600][gc,task      ] GC(0) Using 1 workers of 1 for evacuation
[2019-12-04T21:23:42.634-0600][gc,mmu       ] GC(0) MMU target violated: 21.0ms (20.0ms/21.0ms)
[2019-12-04T21:23:42.634-0600][gc,phases    ] GC(0)   Pre Evacuate Collection Set: 0.0ms
[2019-12-04T21:23:42.634-0600][gc,phases    ] GC(0)   Evacuate Collection Set: 26.3ms
[2019-12-04T21:23:42.634-0600][gc,phases    ] GC(0)   Post Evacuate Collection Set: 4.4ms
[2019-12-04T21:23:42.634-0600][gc,phases    ] GC(0)   Other: 0.1ms
[2019-12-04T21:23:42.634-0600][gc,heap      ] GC(0) Eden regions: 51->0(44)
[2019-12-04T21:23:42.634-0600][gc,heap      ] GC(0) Survivor regions: 0->7(7)
[2019-12-04T21:23:42.634-0600][gc,heap      ] GC(0) Old regions: 0->0
[2019-12-04T21:23:42.634-0600][gc,heap      ] GC(0) Humongous regions: 0->0
[2019-12-04T21:23:42.634-0600][gc,metaspace ] GC(0) Metaspace: 17057K->17057K(1064960K)
[2019-12-04T21:23:42.634-0600][gc           ] GC(0) Pause Young (Normal) (G1 Evacuation Pause) 51M->6M(1024M) 30.880ms
[2019-12-04T21:23:42.634-0600][gc,cpu       ] GC(0) User=0.01s Sys=0.00s Real=0.03s
[2019-12-04T21:23:44.395-0600][gc,start     ] GC(1) Pause Young (Concurrent Start) (Metadata GC Threshold)
[2019-12-04T21:23:44.395-0600][gc,task      ] GC(1) Using 1 workers of 1 for evacuation
[2019-12-04T21:23:44.424-0600][gc,mmu       ] GC(1) MMU target violated: 21.0ms (20.0ms/21.0ms)
[2019-12-04T21:23:44.424-0600][gc,phases    ] GC(1)   Pre Evacuate Collection Set: 0.0ms
[2019-12-04T21:23:44.424-0600][gc,phases    ] GC(1)   Evacuate Collection Set: 29.0ms
[2019-12-04T21:23:44.424-0600][gc,phases    ] GC(1)   Post Evacuate Collection Set: 0.2ms
[2019-12-04T21:23:44.424-0600][gc,phases    ] GC(1)   Other: 0.2ms
[2019-12-04T21:23:44.424-0600][gc,heap      ] GC(1) Eden regions: 15->0(49)
[2019-12-04T21:23:44.424-0600][gc,heap      ] GC(1) Survivor regions: 7->2(7)
[2019-12-04T21:23:44.424-0600][gc,heap      ] GC(1) Old regions: 0->7
[2019-12-04T21:23:44.424-0600][gc,heap      ] GC(1) Humongous regions: 129->129
[2019-12-04T21:23:44.424-0600][gc,metaspace ] GC(1) Metaspace: 20479K->20479K(1067008K)
[2019-12-04T21:23:44.424-0600][gc           ] GC(1) Pause Young (Concurrent Start) (Metadata GC Threshold) 149M->136M(1024M) 29.461ms
[2019-12-04T21:23:44.424-0600][gc,cpu       ] GC(1) User=0.01s Sys=0.00s Real=0.03s
[2019-12-04T21:23:44.424-0600][gc           ] GC(2) Concurrent Cycle
[2019-12-04T21:23:44.424-0600][gc,marking   ] GC(2) Concurrent Clear Claimed Marks
[2019-12-04T21:23:44.424-0600][gc,marking   ] GC(2) Concurrent Clear Claimed Marks 0.025ms
[2019-12-04T21:23:44.424-0600][gc,marking   ] GC(2) Concurrent Scan Root Regions
[2019-12-04T21:23:44.425-0600][gc,marking   ] GC(2) Concurrent Scan Root Regions 0.714ms
[2019-12-04T21:23:44.425-0600][gc,marking   ] GC(2) Concurrent Mark (6.102s)
[2019-12-04T21:23:44.425-0600][gc,marking   ] GC(2) Concurrent Mark From Roots
[2019-12-04T21:23:44.425-0600][gc,task      ] GC(2) Using 1 workers of 1 for marking
[2019-12-04T21:23:44.477-0600][gc,marking   ] GC(2) Concurrent Mark From Roots 52.220ms
[2019-12-04T21:23:44.477-0600][gc,marking   ] GC(2) Concurrent Preclean
[2019-12-04T21:23:44.477-0600][gc,marking   ] GC(2) Concurrent Preclean 0.061ms
[2019-12-04T21:23:44.477-0600][gc,marking   ] GC(2) Concurrent Mark (6.102s, 6.154s) 52.317ms
[2019-12-04T21:23:44.477-0600][gc,start     ] GC(2) Pause Remark
[2019-12-04T21:23:44.481-0600][gc,stringtable] GC(2) Cleaned string and symbol table, strings: 8953 processed, 0 removed, symbols: 50124 processed, 44 removed
[2019-12-04T21:23:44.481-0600][gc            ] GC(2) Pause Remark 138M->138M(1024M) 3.377ms
[2019-12-04T21:23:44.481-0600][gc,cpu        ] GC(2) User=0.00s Sys=0.00s Real=0.00s
[2019-12-04T21:23:44.481-0600][gc,marking    ] GC(2) Concurrent Rebuild Remembered Sets
[2019-12-04T21:23:44.500-0600][gc,marking    ] GC(2) Concurrent Rebuild Remembered Sets 19.504ms
[2019-12-04T21:23:44.506-0600][gc,start      ] GC(2) Pause Cleanup
[2019-12-04T21:23:44.506-0600][gc            ] GC(2) Pause Cleanup 139M->139M(1024M) 0.281ms
[2019-12-04T21:23:44.507-0600][gc,cpu        ] GC(2) User=0.00s Sys=0.00s Real=0.00s
[2019-12-04T21:23:44.507-0600][gc,marking    ] GC(2) Concurrent Cleanup for Next Mark
[2019-12-04T21:23:44.552-0600][gc,marking    ] GC(2) Concurrent Cleanup for Next Mark 45.687ms
[2019-12-04T21:23:44.552-0600][gc            ] GC(2) Concurrent Cycle 127.896ms
[2019-12-04T21:24:20.905-0600][gc,start      ] GC(3) Pause Young (Normal) (G1 Evacuation Pause)
[2019-12-04T21:24:20.905-0600][gc,task       ] GC(3) Using 1 workers of 1 for evacuation
[2019-12-04T21:24:20.965-0600][gc,mmu        ] GC(3) MMU target violated: 21.0ms (20.0ms/21.0ms)
[2019-12-04T21:24:20.965-0600][gc,phases     ] GC(3)   Pre Evacuate Collection Set: 0.0ms
[2019-12-04T21:24:20.965-0600][gc,phases     ] GC(3)   Evacuate Collection Set: 52.9ms
[2019-12-04T21:24:20.965-0600][gc,phases     ] GC(3)   Post Evacuate Collection Set: 6.8ms
[2019-12-04T21:24:20.965-0600][gc,phases     ] GC(3)   Other: 0.2ms
[2019-12-04T21:24:20.965-0600][gc,heap       ] GC(3) Eden regions: 49->0(46)
[2019-12-04T21:24:20.965-0600][gc,heap       ] GC(3) Survivor regions: 2->5(7)
[2019-12-04T21:24:20.965-0600][gc,heap       ] GC(3) Old regions: 7->7
[2019-12-04T21:24:20.965-0600][gc,heap       ] GC(3) Humongous regions: 129->129
[2019-12-04T21:24:20.965-0600][gc,metaspace  ] GC(3) Metaspace: 30294K->30294K(1077248K)
[2019-12-04T21:24:20.965-0600][gc            ] GC(3) Pause Young (Normal) (G1 Evacuation Pause) 185M->140M(1024M) 60.011ms
[2019-12-04T21:24:20.965-0600][gc,cpu        ] GC(3) User=0.01s Sys=0.00s Real=0.06s
[2019-12-04T21:42:19.049-0600][gc,start      ] GC(4) Pause Young (Normal) (G1 Evacuation Pause)
[2019-12-04T21:42:19.049-0600][gc,task       ] GC(4) Using 1 workers of 1 for evacuation
[2019-12-04T21:42:19.085-0600][gc,mmu        ] GC(4) MMU target violated: 21.0ms (20.0ms/21.0ms)
[2019-12-04T21:42:19.085-0600][gc,phases     ] GC(4)   Pre Evacuate Collection Set: 0.1ms
[2019-12-04T21:42:19.085-0600][gc,phases     ] GC(4)   Evacuate Collection Set: 35.4ms
[2019-12-04T21:42:19.085-0600][gc,phases     ] GC(4)   Post Evacuate Collection Set: 0.4ms
[2019-12-04T21:42:19.085-0600][gc,phases     ] GC(4)   Other: 0.6ms
[2019-12-04T21:42:19.085-0600][gc,heap       ] GC(4) Eden regions: 46->0(50)
[2019-12-04T21:42:19.085-0600][gc,heap       ] GC(4) Survivor regions: 5->1(7)
[2019-12-04T21:42:19.085-0600][gc,heap       ] GC(4) Old regions: 7->12
[2019-12-04T21:42:19.085-0600][gc,heap       ] GC(4) Humongous regions: 129->129
[2019-12-04T21:42:19.085-0600][gc,metaspace  ] GC(4) Metaspace: 33214K->33214K(1079296K)
[2019-12-04T21:42:19.085-0600][gc            ] GC(4) Pause Young (Normal) (G1 Evacuation Pause) 186M->141M(1024M) 36.471ms
[2019-12-04T21:42:19.085-0600][gc,cpu        ] GC(4) User=0.03s Sys=0.01s Real=0.04s
[2019-12-04T21:58:45.872-0600][gc,start      ] GC(5) Pause Young (Concurrent Start) (Metadata GC Threshold)
[2019-12-04T21:58:45.872-0600][gc,task       ] GC(5) Using 1 workers of 1 for evacuation
[2019-12-04T21:58:45.892-0600][gc,mmu        ] GC(5) MMU target violated: 20.0ms (20.0ms/21.0ms)
[2019-12-04T21:58:45.892-0600][gc,phases     ] GC(5)   Pre Evacuate Collection Set: 0.2ms
[2019-12-04T21:58:45.892-0600][gc,phases     ] GC(5)   Evacuate Collection Set: 19.4ms
[2019-12-04T21:58:45.892-0600][gc,phases     ] GC(5)   Post Evacuate Collection Set: 0.3ms
[2019-12-04T21:58:45.892-0600][gc,phases     ] GC(5)   Other: 0.3ms
[2019-12-04T21:58:45.892-0600][gc,heap       ] GC(5) Eden regions: 39->0(49)
[2019-12-04T21:58:45.892-0600][gc,heap       ] GC(5) Survivor regions: 1->2(7)
[2019-12-04T21:58:45.892-0600][gc,heap       ] GC(5) Old regions: 12->12
[2019-12-04T21:58:45.892-0600][gc,heap       ] GC(5) Humongous regions: 129->129
[2019-12-04T21:58:45.892-0600][gc,metaspace  ] GC(5) Metaspace: 33931K->33931K(1079296K)
[2019-12-04T21:58:45.892-0600][gc            ] GC(5) Pause Young (Concurrent Start) (Metadata GC Threshold) 179M->141M(1024M) 20.286ms
[2019-12-04T21:58:45.892-0600][gc,cpu        ] GC(5) User=0.01s Sys=0.00s Real=0.02s
[2019-12-04T21:58:45.892-0600][gc            ] GC(6) Concurrent Cycle
[2019-12-04T21:58:45.892-0600][gc,marking    ] GC(6) Concurrent Clear Claimed Marks
[2019-12-04T21:58:45.892-0600][gc,marking    ] GC(6) Concurrent Clear Claimed Marks 0.077ms
[2019-12-04T21:58:45.892-0600][gc,marking    ] GC(6) Concurrent Scan Root Regions
[2019-12-04T21:58:45.898-0600][gc,marking    ] GC(6) Concurrent Scan Root Regions 6.291ms
[2019-12-04T21:58:45.898-0600][gc,marking    ] GC(6) Concurrent Mark (2107.575s)
[2019-12-04T21:58:45.898-0600][gc,marking    ] GC(6) Concurrent Mark From Roots
[2019-12-04T21:58:45.898-0600][gc,task       ] GC(6) Using 1 workers of 1 for marking
[2019-12-04T21:58:45.919-0600][gc,marking    ] GC(6) Concurrent Mark From Roots 21.071ms
[2019-12-04T21:58:45.919-0600][gc,marking    ] GC(6) Concurrent Preclean
[2019-12-04T21:58:45.920-0600][gc,marking    ] GC(6) Concurrent Preclean 0.122ms
[2019-12-04T21:58:45.920-0600][gc,marking    ] GC(6) Concurrent Mark (2107.575s, 2107.596s) 21.227ms
[2019-12-04T21:58:45.920-0600][gc,start      ] GC(6) Pause Remark
[2019-12-04T21:58:45.932-0600][gc,stringtable] GC(6) Cleaned string and symbol table, strings: 14788 processed, 291 removed, symbols: 74597 processed, 23 removed
[2019-12-04T21:58:45.933-0600][gc            ] GC(6) Pause Remark 142M->142M(1024M) 12.990ms
[2019-12-04T21:58:45.933-0600][gc,cpu        ] GC(6) User=0.01s Sys=0.00s Real=0.01s
[2019-12-04T21:58:45.933-0600][gc,marking    ] GC(6) Concurrent Rebuild Remembered Sets
[2019-12-04T21:58:45.945-0600][gc,marking    ] GC(6) Concurrent Rebuild Remembered Sets 12.520ms
[2019-12-04T21:58:45.945-0600][gc,start      ] GC(6) Pause Cleanup
[2019-12-04T21:58:45.946-0600][gc            ] GC(6) Pause Cleanup 142M->142M(1024M) 0.203ms
[2019-12-04T21:58:45.946-0600][gc,cpu        ] GC(6) User=0.00s Sys=0.00s Real=0.00s
[2019-12-04T21:58:45.946-0600][gc,marking    ] GC(6) Concurrent Cleanup for Next Mark
[2019-12-04T21:58:45.950-0600][gc,marking    ] GC(6) Concurrent Cleanup for Next Mark 4.254ms
[2019-12-04T21:58:45.950-0600][gc            ] GC(6) Concurrent Cycle 58.033ms
[2019-12-04T22:04:23.060-0600][gc,heap,exit  ] Heap
[2019-12-04T22:04:23.060-0600][gc,heap,exit  ]  garbage-first heap   total 1048576K, used 180188K [0x00000000c0000000, 0x0000000100000000)
[2019-12-04T22:04:23.060-0600][gc,heap,exit  ]   region size 1024K, 38 young (38912K), 2 survivors (2048K)
[2019-12-04T22:04:23.060-0600][gc,heap,exit  ]  Metaspace       used 34694K, capacity 36775K, committed 36944K, reserved 1081344K
[2019-12-04T22:04:23.060-0600][gc,heap,exit  ]   class space    used 4866K, capacity 5828K, committed 5836K, reserved 1048576K
