[2019-12-16T18:57:10.296-0600][gc,heap] Heap region size: 1M
[2019-12-16T18:57:10.309-0600][gc     ] Using G1
[2019-12-16T18:57:10.309-0600][gc,heap,coops] Heap address: 0x00000000c0000000, size: 1024 MB, Compressed Oops mode: 32-bit
[2019-12-16T18:57:12.925-0600][gc,start     ] GC(0) Pause Young (Normal) (G1 Evacuation Pause)
[2019-12-16T18:57:12.925-0600][gc,task      ] GC(0) Using 1 workers of 1 for evacuation
[2019-12-16T18:57:12.951-0600][gc,mmu       ] GC(0) MMU target violated: 21.0ms (20.0ms/21.0ms)
[2019-12-16T18:57:12.951-0600][gc,phases    ] GC(0)   Pre Evacuate Collection Set: 0.0ms
[2019-12-16T18:57:12.951-0600][gc,phases    ] GC(0)   Evacuate Collection Set: 26.0ms
[2019-12-16T18:57:12.951-0600][gc,phases    ] GC(0)   Post Evacuate Collection Set: 0.3ms
[2019-12-16T18:57:12.951-0600][gc,phases    ] GC(0)   Other: 0.1ms
[2019-12-16T18:57:12.951-0600][gc,heap      ] GC(0) Eden regions: 51->0(44)
[2019-12-16T18:57:12.951-0600][gc,heap      ] GC(0) Survivor regions: 0->7(7)
[2019-12-16T18:57:12.951-0600][gc,heap      ] GC(0) Old regions: 0->0
[2019-12-16T18:57:12.951-0600][gc,heap      ] GC(0) Humongous regions: 0->0
[2019-12-16T18:57:12.951-0600][gc,metaspace ] GC(0) Metaspace: 17111K->17111K(1064960K)
[2019-12-16T18:57:12.951-0600][gc           ] GC(0) Pause Young (Normal) (G1 Evacuation Pause) 51M->6M(1024M) 26.533ms
[2019-12-16T18:57:12.951-0600][gc,cpu       ] GC(0) User=0.02s Sys=0.00s Real=0.02s
[2019-12-16T18:57:13.774-0600][gc,start     ] GC(1) Pause Young (Concurrent Start) (Metadata GC Threshold)
[2019-12-16T18:57:13.774-0600][gc,task      ] GC(1) Using 1 workers of 1 for evacuation
[2019-12-16T18:57:13.813-0600][gc,mmu       ] GC(1) MMU target violated: 21.0ms (20.0ms/21.0ms)
[2019-12-16T18:57:13.813-0600][gc,phases    ] GC(1)   Pre Evacuate Collection Set: 0.0ms
[2019-12-16T18:57:13.813-0600][gc,phases    ] GC(1)   Evacuate Collection Set: 38.3ms
[2019-12-16T18:57:13.813-0600][gc,phases    ] GC(1)   Post Evacuate Collection Set: 0.2ms
[2019-12-16T18:57:13.813-0600][gc,phases    ] GC(1)   Other: 0.2ms
[2019-12-16T18:57:13.813-0600][gc,heap      ] GC(1) Eden regions: 14->0(49)
[2019-12-16T18:57:13.813-0600][gc,heap      ] GC(1) Survivor regions: 7->2(7)
[2019-12-16T18:57:13.813-0600][gc,heap      ] GC(1) Old regions: 0->7
[2019-12-16T18:57:13.813-0600][gc,heap      ] GC(1) Humongous regions: 129->129
[2019-12-16T18:57:13.813-0600][gc,metaspace ] GC(1) Metaspace: 20458K->20458K(1067008K)
[2019-12-16T18:57:13.813-0600][gc           ] GC(1) Pause Young (Concurrent Start) (Metadata GC Threshold) 149M->136M(1024M) 38.803ms
[2019-12-16T18:57:13.813-0600][gc,cpu       ] GC(1) User=0.02s Sys=0.01s Real=0.04s
[2019-12-16T18:57:13.813-0600][gc           ] GC(2) Concurrent Cycle
[2019-12-16T18:57:13.813-0600][gc,marking   ] GC(2) Concurrent Clear Claimed Marks
[2019-12-16T18:57:13.813-0600][gc,marking   ] GC(2) Concurrent Clear Claimed Marks 0.035ms
[2019-12-16T18:57:13.813-0600][gc,marking   ] GC(2) Concurrent Scan Root Regions
[2019-12-16T18:57:13.815-0600][gc,marking   ] GC(2) Concurrent Scan Root Regions 1.724ms
[2019-12-16T18:57:13.815-0600][gc,marking   ] GC(2) Concurrent Mark (3.527s)
[2019-12-16T18:57:13.815-0600][gc,marking   ] GC(2) Concurrent Mark From Roots
[2019-12-16T18:57:13.815-0600][gc,task      ] GC(2) Using 1 workers of 1 for marking
[2019-12-16T18:57:13.832-0600][gc,marking   ] GC(2) Concurrent Mark From Roots 17.282ms
[2019-12-16T18:57:13.832-0600][gc,marking   ] GC(2) Concurrent Preclean
[2019-12-16T18:57:13.832-0600][gc,marking   ] GC(2) Concurrent Preclean 0.057ms
[2019-12-16T18:57:13.832-0600][gc,marking   ] GC(2) Concurrent Mark (3.527s, 3.544s) 17.373ms
[2019-12-16T18:57:13.833-0600][gc,start     ] GC(2) Pause Remark
[2019-12-16T18:57:13.836-0600][gc,stringtable] GC(2) Cleaned string and symbol table, strings: 9047 processed, 0 removed, symbols: 49459 processed, 47 removed
[2019-12-16T18:57:13.836-0600][gc            ] GC(2) Pause Remark 138M->138M(1024M) 3.490ms
[2019-12-16T18:57:13.836-0600][gc,cpu        ] GC(2) User=0.01s Sys=0.00s Real=0.01s
[2019-12-16T18:57:13.841-0600][gc,marking    ] GC(2) Concurrent Rebuild Remembered Sets
[2019-12-16T18:57:13.848-0600][gc,marking    ] GC(2) Concurrent Rebuild Remembered Sets 7.580ms
[2019-12-16T18:57:13.848-0600][gc,start      ] GC(2) Pause Cleanup
[2019-12-16T18:57:13.849-0600][gc            ] GC(2) Pause Cleanup 138M->138M(1024M) 0.280ms
[2019-12-16T18:57:13.849-0600][gc,cpu        ] GC(2) User=0.00s Sys=0.00s Real=0.00s
[2019-12-16T18:57:13.849-0600][gc,marking    ] GC(2) Concurrent Cleanup for Next Mark
[2019-12-16T18:57:13.908-0600][gc,marking    ] GC(2) Concurrent Cleanup for Next Mark 59.140ms
[2019-12-16T18:57:13.908-0600][gc            ] GC(2) Concurrent Cycle 94.423ms
[2019-12-16T18:57:17.767-0600][gc,start      ] GC(3) Pause Young (Normal) (G1 Evacuation Pause)
[2019-12-16T18:57:17.767-0600][gc,task       ] GC(3) Using 1 workers of 1 for evacuation
[2019-12-16T18:57:17.783-0600][gc,phases     ] GC(3)   Pre Evacuate Collection Set: 0.0ms
[2019-12-16T18:57:17.783-0600][gc,phases     ] GC(3)   Evacuate Collection Set: 15.0ms
[2019-12-16T18:57:17.783-0600][gc,phases     ] GC(3)   Post Evacuate Collection Set: 0.3ms
[2019-12-16T18:57:17.783-0600][gc,phases     ] GC(3)   Other: 0.1ms
[2019-12-16T18:57:17.783-0600][gc,heap       ] GC(3) Eden regions: 49->0(46)
[2019-12-16T18:57:17.783-0600][gc,heap       ] GC(3) Survivor regions: 2->5(7)
[2019-12-16T18:57:17.783-0600][gc,heap       ] GC(3) Old regions: 7->7
[2019-12-16T18:57:17.783-0600][gc,heap       ] GC(3) Humongous regions: 129->129
[2019-12-16T18:57:17.783-0600][gc,metaspace  ] GC(3) Metaspace: 30246K->30246K(1077248K)
[2019-12-16T18:57:17.783-0600][gc            ] GC(3) Pause Young (Normal) (G1 Evacuation Pause) 185M->140M(1024M) 15.553ms
[2019-12-16T18:57:17.783-0600][gc,cpu        ] GC(3) User=0.02s Sys=0.00s Real=0.01s
[2019-12-16T18:59:18.375-0600][gc,heap,exit  ] Heap
[2019-12-16T18:59:18.375-0600][gc,heap,exit  ]  garbage-first heap   total 1048576K, used 160112K [0x00000000c0000000, 0x0000000100000000)
[2019-12-16T18:59:18.375-0600][gc,heap,exit  ]   region size 1024K, 23 young (23552K), 5 survivors (5120K)
[2019-12-16T18:59:18.375-0600][gc,heap,exit  ]  Metaspace       used 32731K, capacity 34694K, committed 35072K, reserved 1079296K
[2019-12-16T18:59:18.375-0600][gc,heap,exit  ]   class space    used 4821K, capacity 5761K, committed 5888K, reserved 1048576K
