[2019-12-16T19:21:15.318-0600][gc,heap] Heap region size: 1M
[2019-12-16T19:21:15.324-0600][gc     ] Using G1
[2019-12-16T19:21:15.324-0600][gc,heap,coops] Heap address: 0x00000000c0000000, size: 1024 MB, Compressed Oops mode: 32-bit
[2019-12-16T19:21:17.353-0600][gc,start     ] GC(0) Pause Young (Normal) (G1 Evacuation Pause)
[2019-12-16T19:21:17.353-0600][gc,task      ] GC(0) Using 1 workers of 1 for evacuation
[2019-12-16T19:21:17.365-0600][gc,phases    ] GC(0)   Pre Evacuate Collection Set: 0.0ms
[2019-12-16T19:21:17.365-0600][gc,phases    ] GC(0)   Evacuate Collection Set: 11.7ms
[2019-12-16T19:21:17.365-0600][gc,phases    ] GC(0)   Post Evacuate Collection Set: 0.3ms
[2019-12-16T19:21:17.365-0600][gc,phases    ] GC(0)   Other: 0.1ms
[2019-12-16T19:21:17.365-0600][gc,heap      ] GC(0) Eden regions: 51->0(44)
[2019-12-16T19:21:17.365-0600][gc,heap      ] GC(0) Survivor regions: 0->7(7)
[2019-12-16T19:21:17.365-0600][gc,heap      ] GC(0) Old regions: 0->0
[2019-12-16T19:21:17.365-0600][gc,heap      ] GC(0) Humongous regions: 0->0
[2019-12-16T19:21:17.365-0600][gc,metaspace ] GC(0) Metaspace: 17091K->17091K(1064960K)
[2019-12-16T19:21:17.365-0600][gc           ] GC(0) Pause Young (Normal) (G1 Evacuation Pause) 51M->6M(1024M) 12.195ms
[2019-12-16T19:21:17.365-0600][gc,cpu       ] GC(0) User=0.02s Sys=0.00s Real=0.02s
[2019-12-16T19:21:17.788-0600][gc,start     ] GC(1) Pause Young (Concurrent Start) (Metadata GC Threshold)
[2019-12-16T19:21:17.788-0600][gc,task      ] GC(1) Using 1 workers of 1 for evacuation
[2019-12-16T19:21:17.801-0600][gc,phases    ] GC(1)   Pre Evacuate Collection Set: 0.0ms
[2019-12-16T19:21:17.802-0600][gc,phases    ] GC(1)   Evacuate Collection Set: 12.6ms
[2019-12-16T19:21:17.802-0600][gc,phases    ] GC(1)   Post Evacuate Collection Set: 0.2ms
[2019-12-16T19:21:17.802-0600][gc,phases    ] GC(1)   Other: 0.1ms
[2019-12-16T19:21:17.802-0600][gc,heap      ] GC(1) Eden regions: 13->0(50)
[2019-12-16T19:21:17.802-0600][gc,heap      ] GC(1) Survivor regions: 7->1(7)
[2019-12-16T19:21:17.802-0600][gc,heap      ] GC(1) Old regions: 0->7
[2019-12-16T19:21:17.802-0600][gc,heap      ] GC(1) Humongous regions: 0->0
[2019-12-16T19:21:17.802-0600][gc,metaspace ] GC(1) Metaspace: 20416K->20416K(1067008K)
[2019-12-16T19:21:17.802-0600][gc           ] GC(1) Pause Young (Concurrent Start) (Metadata GC Threshold) 19M->7M(1024M) 13.112ms
[2019-12-16T19:21:17.802-0600][gc,cpu       ] GC(1) User=0.01s Sys=0.00s Real=0.01s
[2019-12-16T19:21:17.802-0600][gc           ] GC(2) Concurrent Cycle
[2019-12-16T19:21:17.802-0600][gc,marking   ] GC(2) Concurrent Clear Claimed Marks
[2019-12-16T19:21:17.802-0600][gc,marking   ] GC(2) Concurrent Clear Claimed Marks 0.025ms
[2019-12-16T19:21:17.802-0600][gc,marking   ] GC(2) Concurrent Scan Root Regions
[2019-12-16T19:21:17.803-0600][gc,marking   ] GC(2) Concurrent Scan Root Regions 0.626ms
[2019-12-16T19:21:17.803-0600][gc,marking   ] GC(2) Concurrent Mark (2.487s)
[2019-12-16T19:21:17.803-0600][gc,marking   ] GC(2) Concurrent Mark From Roots
[2019-12-16T19:21:17.803-0600][gc,task      ] GC(2) Using 1 workers of 1 for marking
[2019-12-16T19:21:17.818-0600][gc,marking   ] GC(2) Concurrent Mark From Roots 15.609ms
[2019-12-16T19:21:17.818-0600][gc,marking   ] GC(2) Concurrent Preclean
[2019-12-16T19:21:17.818-0600][gc,marking   ] GC(2) Concurrent Preclean 0.065ms
[2019-12-16T19:21:17.818-0600][gc,marking   ] GC(2) Concurrent Mark (2.487s, 2.503s) 15.704ms
[2019-12-16T19:21:17.818-0600][gc,start     ] GC(2) Pause Remark
[2019-12-16T19:21:17.822-0600][gc,stringtable] GC(2) Cleaned string and symbol table, strings: 8925 processed, 0 removed, symbols: 49653 processed, 52 removed
[2019-12-16T19:21:17.822-0600][gc            ] GC(2) Pause Remark 8M->8M(1024M) 3.332ms
[2019-12-16T19:21:17.822-0600][gc,cpu        ] GC(2) User=0.00s Sys=0.00s Real=0.00s
[2019-12-16T19:21:17.822-0600][gc,marking    ] GC(2) Concurrent Rebuild Remembered Sets
[2019-12-16T19:21:17.839-0600][gc,marking    ] GC(2) Concurrent Rebuild Remembered Sets 17.579ms
[2019-12-16T19:21:17.839-0600][gc,start      ] GC(2) Pause Cleanup
[2019-12-16T19:21:17.840-0600][gc            ] GC(2) Pause Cleanup 8M->8M(1024M) 0.274ms
[2019-12-16T19:21:17.840-0600][gc,cpu        ] GC(2) User=0.00s Sys=0.00s Real=0.00s
[2019-12-16T19:21:17.840-0600][gc,marking    ] GC(2) Concurrent Cleanup for Next Mark
[2019-12-16T19:21:17.844-0600][gc,marking    ] GC(2) Concurrent Cleanup for Next Mark 4.729ms
[2019-12-16T19:21:17.844-0600][gc            ] GC(2) Concurrent Cycle 42.520ms
[2019-12-16T19:21:19.739-0600][gc,start      ] GC(3) Pause Young (Normal) (G1 Evacuation Pause)
[2019-12-16T19:21:19.739-0600][gc,task       ] GC(3) Using 1 workers of 1 for evacuation
[2019-12-16T19:21:19.750-0600][gc,phases     ] GC(3)   Pre Evacuate Collection Set: 0.0ms
[2019-12-16T19:21:19.750-0600][gc,phases     ] GC(3)   Evacuate Collection Set: 11.2ms
[2019-12-16T19:21:19.750-0600][gc,phases     ] GC(3)   Post Evacuate Collection Set: 0.3ms
[2019-12-16T19:21:19.750-0600][gc,phases     ] GC(3)   Other: 0.1ms
[2019-12-16T19:21:19.751-0600][gc,heap       ] GC(3) Eden regions: 50->0(45)
[2019-12-16T19:21:19.751-0600][gc,heap       ] GC(3) Survivor regions: 1->6(7)
[2019-12-16T19:21:19.751-0600][gc,heap       ] GC(3) Old regions: 7->7
[2019-12-16T19:21:19.751-0600][gc,heap       ] GC(3) Humongous regions: 129->129
[2019-12-16T19:21:19.751-0600][gc,metaspace  ] GC(3) Metaspace: 29107K->29107K(1075200K)
[2019-12-16T19:21:19.751-0600][gc            ] GC(3) Pause Young (Normal) (G1 Evacuation Pause) 186M->140M(1024M) 11.666ms
[2019-12-16T19:21:19.751-0600][gc,cpu        ] GC(3) User=0.01s Sys=0.00s Real=0.01s
[2019-12-16T19:21:35.369-0600][gc,start      ] GC(4) Pause Young (Concurrent Start) (Metadata GC Threshold)
[2019-12-16T19:21:35.369-0600][gc,task       ] GC(4) Using 1 workers of 1 for evacuation
[2019-12-16T19:21:35.430-0600][gc,mmu        ] GC(4) MMU target violated: 21.0ms (20.0ms/21.0ms)
[2019-12-16T19:21:35.430-0600][gc,phases     ] GC(4)   Pre Evacuate Collection Set: 0.1ms
[2019-12-16T19:21:35.430-0600][gc,phases     ] GC(4)   Evacuate Collection Set: 56.7ms
[2019-12-16T19:21:35.430-0600][gc,phases     ] GC(4)   Post Evacuate Collection Set: 3.9ms
[2019-12-16T19:21:35.430-0600][gc,phases     ] GC(4)   Other: 0.2ms
[2019-12-16T19:21:35.431-0600][gc,heap       ] GC(4) Eden regions: 34->0(49)
[2019-12-16T19:21:35.431-0600][gc,heap       ] GC(4) Survivor regions: 6->2(7)
[2019-12-16T19:21:35.431-0600][gc,heap       ] GC(4) Old regions: 7->11
[2019-12-16T19:21:35.431-0600][gc,heap       ] GC(4) Humongous regions: 177->129
[2019-12-16T19:21:35.431-0600][gc,metaspace  ] GC(4) Metaspace: 33708K->33708K(1079296K)
[2019-12-16T19:21:35.431-0600][gc            ] GC(4) Pause Young (Concurrent Start) (Metadata GC Threshold) 222M->141M(1024M) 61.094ms
[2019-12-16T19:21:35.431-0600][gc,cpu        ] GC(4) User=0.03s Sys=0.00s Real=0.06s
[2019-12-16T19:21:35.431-0600][gc            ] GC(5) Concurrent Cycle
[2019-12-16T19:21:35.431-0600][gc,marking    ] GC(5) Concurrent Clear Claimed Marks
[2019-12-16T19:21:35.431-0600][gc,marking    ] GC(5) Concurrent Clear Claimed Marks 0.102ms
[2019-12-16T19:21:35.431-0600][gc,marking    ] GC(5) Concurrent Scan Root Regions
[2019-12-16T19:21:35.442-0600][gc,marking    ] GC(5) Concurrent Scan Root Regions 10.869ms
[2019-12-16T19:21:35.442-0600][gc,marking    ] GC(5) Concurrent Mark (20.126s)
[2019-12-16T19:21:35.442-0600][gc,marking    ] GC(5) Concurrent Mark From Roots
[2019-12-16T19:21:35.442-0600][gc,task       ] GC(5) Using 1 workers of 1 for marking
[2019-12-16T19:21:35.596-0600][gc,marking    ] GC(5) Concurrent Mark From Roots 154.621ms
[2019-12-16T19:21:35.596-0600][gc,marking    ] GC(5) Concurrent Preclean
[2019-12-16T19:21:35.596-0600][gc,marking    ] GC(5) Concurrent Preclean 0.078ms
[2019-12-16T19:21:35.596-0600][gc,marking    ] GC(5) Concurrent Mark (20.126s, 20.281s) 154.737ms
[2019-12-16T19:21:35.596-0600][gc,start      ] GC(5) Pause Remark
[2019-12-16T19:21:35.626-0600][gc,stringtable] GC(5) Cleaned string and symbol table, strings: 12939 processed, 22 removed, symbols: 72716 processed, 12 removed
[2019-12-16T19:21:35.634-0600][gc,mmu        ] GC(5) MMU target violated: 21.0ms (20.0ms/21.0ms)
[2019-12-16T19:21:35.634-0600][gc            ] GC(5) Pause Remark 142M->142M(1024M) 37.722ms
[2019-12-16T19:21:35.634-0600][gc,cpu        ] GC(5) User=0.01s Sys=0.00s Real=0.03s
[2019-12-16T19:21:35.634-0600][gc,marking    ] GC(5) Concurrent Rebuild Remembered Sets
[2019-12-16T19:21:35.697-0600][gc,marking    ] GC(5) Concurrent Rebuild Remembered Sets 62.186ms
[2019-12-16T19:21:35.697-0600][gc,start      ] GC(5) Pause Cleanup
[2019-12-16T19:21:35.697-0600][gc            ] GC(5) Pause Cleanup 143M->143M(1024M) 0.240ms
[2019-12-16T19:21:35.697-0600][gc,cpu        ] GC(5) User=0.00s Sys=0.00s Real=0.00s
[2019-12-16T19:21:35.697-0600][gc,marking    ] GC(5) Concurrent Cleanup for Next Mark
[2019-12-16T19:21:35.723-0600][gc,marking    ] GC(5) Concurrent Cleanup for Next Mark 25.833ms
[2019-12-16T19:21:35.723-0600][gc            ] GC(5) Concurrent Cycle 292.166ms
[2019-12-16T19:21:45.704-0600][gc,heap,exit  ] Heap
[2019-12-16T19:21:45.704-0600][gc,heap,exit  ]  garbage-first heap   total 1048576K, used 163316K [0x00000000c0000000, 0x0000000100000000)
[2019-12-16T19:21:45.704-0600][gc,heap,exit  ]   region size 1024K, 22 young (22528K), 2 survivors (2048K)
[2019-12-16T19:21:45.704-0600][gc,heap,exit  ]  Metaspace       used 35413K, capacity 37740K, committed 37936K, reserved 1081344K
[2019-12-16T19:21:45.704-0600][gc,heap,exit  ]   class space    used 5257K, capacity 6417K, committed 6528K, reserved 1048576K
