[2019-12-14T17:25:23.487-0600][gc,phases     ] GC(84)   Pre Evacuate Collection Set: 0.0ms
[2019-12-14T17:25:23.487-0600][gc,phases     ] GC(84)   Evacuate Collection Set: 19.8ms
[2019-12-14T17:25:23.487-0600][gc,phases     ] GC(84)   Post Evacuate Collection Set: 0.4ms
[2019-12-14T17:25:23.487-0600][gc,phases     ] GC(84)   Other: 6.3ms
[2019-12-14T17:25:23.487-0600][gc,heap       ] GC(84) Eden regions: 48->0(48)
[2019-12-14T17:25:23.487-0600][gc,heap       ] GC(84) Survivor regions: 3->3(7)
[2019-12-14T17:25:23.487-0600][gc,heap       ] GC(84) Old regions: 17->17
[2019-12-14T17:25:23.488-0600][gc,heap       ] GC(84) Humongous regions: 129->129
[2019-12-14T17:25:23.488-0600][gc,metaspace  ] GC(84) Metaspace: 37574K->37574K(1083392K)
[2019-12-14T17:25:23.488-0600][gc            ] GC(84) Pause Young (Normal) (G1 Evacuation Pause) 196M->148M(1024M) 26.680ms
[2019-12-14T17:25:23.488-0600][gc,cpu        ] GC(84) User=0.02s Sys=0.00s Real=0.02s
[2019-12-14T17:32:39.444-0600][gc,start      ] GC(85) Pause Young (Normal) (G1 Evacuation Pause)
[2019-12-14T17:32:39.444-0600][gc,task       ] GC(85) Using 1 workers of 1 for evacuation
[2019-12-14T17:32:39.467-0600][gc,mmu        ] GC(85) MMU target violated: 21.0ms (20.0ms/21.0ms)
[2019-12-14T17:32:39.467-0600][gc,phases     ] GC(85)   Pre Evacuate Collection Set: 0.0ms
[2019-12-14T17:32:39.467-0600][gc,phases     ] GC(85)   Evacuate Collection Set: 22.0ms
[2019-12-14T17:32:39.467-0600][gc,phases     ] GC(85)   Post Evacuate Collection Set: 0.6ms
[2019-12-14T17:32:39.468-0600][gc,phases     ] GC(85)   Other: 0.4ms
[2019-12-14T17:32:39.468-0600][gc,heap       ] GC(85) Eden regions: 48->0(48)
[2019-12-14T17:32:39.468-0600][gc,heap       ] GC(85) Survivor regions: 3->3(7)
[2019-12-14T17:32:39.468-0600][gc,heap       ] GC(85) Old regions: 17->17
[2019-12-14T17:32:39.468-0600][gc,heap       ] GC(85) Humongous regions: 129->129
[2019-12-14T17:32:39.468-0600][gc,metaspace  ] GC(85) Metaspace: 37574K->37574K(1083392K)
[2019-12-14T17:32:39.468-0600][gc            ] GC(85) Pause Young (Normal) (G1 Evacuation Pause) 196M->148M(1024M) 23.201ms
[2019-12-14T17:32:39.468-0600][gc,cpu        ] GC(85) User=0.02s Sys=0.00s Real=0.02s
[2019-12-14T17:39:45.350-0600][gc,start      ] GC(86) Pause Young (Normal) (G1 Evacuation Pause)
[2019-12-14T17:39:45.350-0600][gc,task       ] GC(86) Using 1 workers of 1 for evacuation
[2019-12-14T17:39:45.371-0600][gc,mmu        ] GC(86) MMU target violated: 21.0ms (20.0ms/21.0ms)
[2019-12-14T17:39:45.371-0600][gc,phases     ] GC(86)   Pre Evacuate Collection Set: 0.0ms
[2019-12-14T17:39:45.371-0600][gc,phases     ] GC(86)   Evacuate Collection Set: 20.8ms
[2019-12-14T17:39:45.371-0600][gc,phases     ] GC(86)   Post Evacuate Collection Set: 0.4ms
[2019-12-14T17:39:45.371-0600][gc,phases     ] GC(86)   Other: 0.3ms
[2019-12-14T17:39:45.371-0600][gc,heap       ] GC(86) Eden regions: 48->0(48)
[2019-12-14T17:39:45.371-0600][gc,heap       ] GC(86) Survivor regions: 3->3(7)
[2019-12-14T17:39:45.371-0600][gc,heap       ] GC(86) Old regions: 17->17
[2019-12-14T17:39:45.371-0600][gc,heap       ] GC(86) Humongous regions: 129->129
[2019-12-14T17:39:45.371-0600][gc,metaspace  ] GC(86) Metaspace: 37580K->37580K(1083392K)
[2019-12-14T17:39:45.371-0600][gc            ] GC(86) Pause Young (Normal) (G1 Evacuation Pause) 196M->148M(1024M) 21.656ms
[2019-12-14T17:39:45.371-0600][gc,cpu        ] GC(86) User=0.02s Sys=0.00s Real=0.02s
[2019-12-14T17:47:01.138-0600][gc,start      ] GC(87) Pause Young (Normal) (G1 Evacuation Pause)
[2019-12-14T17:47:01.138-0600][gc,task       ] GC(87) Using 1 workers of 1 for evacuation
[2019-12-14T17:47:01.159-0600][gc,mmu        ] GC(87) MMU target violated: 20.3ms (20.0ms/21.0ms)
[2019-12-14T17:47:01.159-0600][gc,phases     ] GC(87)   Pre Evacuate Collection Set: 0.1ms
[2019-12-14T17:47:01.159-0600][gc,phases     ] GC(87)   Evacuate Collection Set: 19.7ms
[2019-12-14T17:47:01.159-0600][gc,phases     ] GC(87)   Post Evacuate Collection Set: 0.4ms
[2019-12-14T17:47:01.159-0600][gc,phases     ] GC(87)   Other: 0.7ms
[2019-12-14T17:47:01.159-0600][gc,heap       ] GC(87) Eden regions: 48->0(48)
[2019-12-14T17:47:01.159-0600][gc,heap       ] GC(87) Survivor regions: 3->3(7)
[2019-12-14T17:47:01.159-0600][gc,heap       ] GC(87) Old regions: 17->17
[2019-12-14T17:47:01.159-0600][gc,heap       ] GC(87) Humongous regions: 129->129
[2019-12-14T17:47:01.159-0600][gc,metaspace  ] GC(87) Metaspace: 37593K->37593K(1083392K)
[2019-12-14T17:47:01.159-0600][gc            ] GC(87) Pause Young (Normal) (G1 Evacuation Pause) 196M->148M(1024M) 20.910ms
[2019-12-14T17:47:01.159-0600][gc,cpu        ] GC(87) User=0.02s Sys=0.00s Real=0.03s
[2019-12-14T17:54:14.761-0600][gc,start      ] GC(88) Pause Young (Normal) (G1 Evacuation Pause)
[2019-12-14T17:54:14.761-0600][gc,task       ] GC(88) Using 1 workers of 1 for evacuation
[2019-12-14T17:54:14.778-0600][gc,phases     ] GC(88)   Pre Evacuate Collection Set: 0.0ms
[2019-12-14T17:54:14.778-0600][gc,phases     ] GC(88)   Evacuate Collection Set: 16.5ms
[2019-12-14T17:54:14.778-0600][gc,phases     ] GC(88)   Post Evacuate Collection Set: 0.4ms
[2019-12-14T17:54:14.778-0600][gc,phases     ] GC(88)   Other: 0.3ms
[2019-12-14T17:54:14.778-0600][gc,heap       ] GC(88) Eden regions: 48->0(49)
[2019-12-14T17:54:14.778-0600][gc,heap       ] GC(88) Survivor regions: 3->2(7)
[2019-12-14T17:54:14.778-0600][gc,heap       ] GC(88) Old regions: 17->17
[2019-12-14T17:54:14.778-0600][gc,heap       ] GC(88) Humongous regions: 129->129
[2019-12-14T17:54:14.778-0600][gc,metaspace  ] GC(88) Metaspace: 37594K->37594K(1083392K)
[2019-12-14T17:54:14.778-0600][gc            ] GC(88) Pause Young (Normal) (G1 Evacuation Pause) 196M->147M(1024M) 17.378ms
[2019-12-14T17:54:14.778-0600][gc,cpu        ] GC(88) User=0.02s Sys=0.00s Real=0.01s
[2019-12-14T18:01:37.196-0600][gc,start      ] GC(89) Pause Young (Normal) (G1 Evacuation Pause)
[2019-12-14T18:01:37.197-0600][gc,task       ] GC(89) Using 1 workers of 1 for evacuation
[2019-12-14T18:01:37.219-0600][gc,mmu        ] GC(89) MMU target violated: 21.0ms (20.0ms/21.0ms)
[2019-12-14T18:01:37.219-0600][gc,phases     ] GC(89)   Pre Evacuate Collection Set: 0.0ms
[2019-12-14T18:01:37.219-0600][gc,phases     ] GC(89)   Evacuate Collection Set: 21.9ms
[2019-12-14T18:01:37.219-0600][gc,phases     ] GC(89)   Post Evacuate Collection Set: 0.4ms
[2019-12-14T18:01:37.219-0600][gc,phases     ] GC(89)   Other: 0.4ms
[2019-12-14T18:01:37.219-0600][gc,heap       ] GC(89) Eden regions: 49->0(48)
[2019-12-14T18:01:37.219-0600][gc,heap       ] GC(89) Survivor regions: 2->3(7)
[2019-12-14T18:01:37.219-0600][gc,heap       ] GC(89) Old regions: 17->17
[2019-12-14T18:01:37.219-0600][gc,heap       ] GC(89) Humongous regions: 129->129
[2019-12-14T18:01:37.219-0600][gc,metaspace  ] GC(89) Metaspace: 37594K->37594K(1083392K)
[2019-12-14T18:01:37.219-0600][gc            ] GC(89) Pause Young (Normal) (G1 Evacuation Pause) 196M->148M(1024M) 22.845ms
[2019-12-14T18:01:37.219-0600][gc,cpu        ] GC(89) User=0.02s Sys=0.00s Real=0.02s
[2019-12-14T18:08:47.402-0600][gc,start      ] GC(90) Pause Young (Normal) (G1 Evacuation Pause)
[2019-12-14T18:08:47.402-0600][gc,task       ] GC(90) Using 1 workers of 1 for evacuation
[2019-12-14T18:08:47.425-0600][gc,mmu        ] GC(90) MMU target violated: 21.0ms (20.0ms/21.0ms)
[2019-12-14T18:08:47.425-0600][gc,phases     ] GC(90)   Pre Evacuate Collection Set: 0.0ms
[2019-12-14T18:08:47.425-0600][gc,phases     ] GC(90)   Evacuate Collection Set: 22.2ms
[2019-12-14T18:08:47.425-0600][gc,phases     ] GC(90)   Post Evacuate Collection Set: 0.4ms
[2019-12-14T18:08:47.425-0600][gc,phases     ] GC(90)   Other: 0.3ms
[2019-12-14T18:08:47.425-0600][gc,heap       ] GC(90) Eden regions: 48->0(48)
[2019-12-14T18:08:47.425-0600][gc,heap       ] GC(90) Survivor regions: 3->3(7)
[2019-12-14T18:08:47.425-0600][gc,heap       ] GC(90) Old regions: 17->17
[2019-12-14T18:08:47.425-0600][gc,heap       ] GC(90) Humongous regions: 129->129
[2019-12-14T18:08:47.425-0600][gc,metaspace  ] GC(90) Metaspace: 37594K->37594K(1083392K)
[2019-12-14T18:08:47.425-0600][gc            ] GC(90) Pause Young (Normal) (G1 Evacuation Pause) 196M->148M(1024M) 23.049ms
[2019-12-14T18:08:47.425-0600][gc,cpu        ] GC(90) User=0.01s Sys=0.00s Real=0.02s
[2019-12-14T18:15:45.012-0600][gc,start      ] GC(91) Pause Young (Normal) (G1 Evacuation Pause)
[2019-12-14T18:15:45.012-0600][gc,task       ] GC(91) Using 1 workers of 1 for evacuation
[2019-12-14T18:15:45.023-0600][gc,phases     ] GC(91)   Pre Evacuate Collection Set: 0.0ms
[2019-12-14T18:15:45.023-0600][gc,phases     ] GC(91)   Evacuate Collection Set: 10.6ms
[2019-12-14T18:15:45.023-0600][gc,phases     ] GC(91)   Post Evacuate Collection Set: 0.2ms
[2019-12-14T18:15:45.023-0600][gc,phases     ] GC(91)   Other: 0.3ms
[2019-12-14T18:15:45.023-0600][gc,heap       ] GC(91) Eden regions: 48->0(48)
[2019-12-14T18:15:45.023-0600][gc,heap       ] GC(91) Survivor regions: 3->3(7)
[2019-12-14T18:15:45.023-0600][gc,heap       ] GC(91) Old regions: 17->17
[2019-12-14T18:15:45.023-0600][gc,heap       ] GC(91) Humongous regions: 129->129
[2019-12-14T18:15:45.023-0600][gc,metaspace  ] GC(91) Metaspace: 37594K->37594K(1083392K)
[2019-12-14T18:15:45.023-0600][gc            ] GC(91) Pause Young (Normal) (G1 Evacuation Pause) 196M->148M(1024M) 11.178ms
[2019-12-14T18:15:45.023-0600][gc,cpu        ] GC(91) User=0.01s Sys=0.00s Real=0.01s
[2019-12-14T18:23:00.036-0600][gc,start      ] GC(92) Pause Young (Normal) (G1 Evacuation Pause)
[2019-12-14T18:23:00.036-0600][gc,task       ] GC(92) Using 1 workers of 1 for evacuation
[2019-12-14T18:23:00.044-0600][gc,phases     ] GC(92)   Pre Evacuate Collection Set: 0.0ms
[2019-12-14T18:23:00.044-0600][gc,phases     ] GC(92)   Evacuate Collection Set: 7.4ms
[2019-12-14T18:23:00.044-0600][gc,phases     ] GC(92)   Post Evacuate Collection Set: 0.3ms
[2019-12-14T18:23:00.044-0600][gc,phases     ] GC(92)   Other: 0.1ms
[2019-12-14T18:23:00.044-0600][gc,heap       ] GC(92) Eden regions: 48->0(63)
[2019-12-14T18:23:00.044-0600][gc,heap       ] GC(92) Survivor regions: 3->3(7)
[2019-12-14T18:23:00.044-0600][gc,heap       ] GC(92) Old regions: 17->17
[2019-12-14T18:23:00.044-0600][gc,heap       ] GC(92) Humongous regions: 129->129
[2019-12-14T18:23:00.044-0600][gc,metaspace  ] GC(92) Metaspace: 37594K->37594K(1083392K)
[2019-12-14T18:23:00.044-0600][gc            ] GC(92) Pause Young (Normal) (G1 Evacuation Pause) 196M->148M(1024M) 7.918ms
[2019-12-14T18:23:00.044-0600][gc,cpu        ] GC(92) User=0.01s Sys=0.00s Real=0.01s
[2019-12-14T18:32:27.142-0600][gc,start      ] GC(93) Pause Young (Normal) (G1 Evacuation Pause)
[2019-12-14T18:32:27.142-0600][gc,task       ] GC(93) Using 1 workers of 1 for evacuation
[2019-12-14T18:32:27.205-0600][gc,mmu        ] GC(93) MMU target violated: 21.0ms (20.0ms/21.0ms)
[2019-12-14T18:32:27.205-0600][gc,phases     ] GC(93)   Pre Evacuate Collection Set: 0.1ms
[2019-12-14T18:32:27.205-0600][gc,phases     ] GC(93)   Evacuate Collection Set: 62.2ms
[2019-12-14T18:32:27.205-0600][gc,phases     ] GC(93)   Post Evacuate Collection Set: 0.3ms
[2019-12-14T18:32:27.205-0600][gc,phases     ] GC(93)   Other: 0.5ms
[2019-12-14T18:32:27.205-0600][gc,heap       ] GC(93) Eden regions: 63->0(48)
[2019-12-14T18:32:27.205-0600][gc,heap       ] GC(93) Survivor regions: 3->3(9)
[2019-12-14T18:32:27.205-0600][gc,heap       ] GC(93) Old regions: 17->17
[2019-12-14T18:32:27.205-0600][gc,heap       ] GC(93) Humongous regions: 129->129
[2019-12-14T18:32:27.205-0600][gc,metaspace  ] GC(93) Metaspace: 37594K->37594K(1083392K)
[2019-12-14T18:32:27.205-0600][gc            ] GC(93) Pause Young (Normal) (G1 Evacuation Pause) 211M->148M(1024M) 63.077ms
[2019-12-14T18:32:27.205-0600][gc,cpu        ] GC(93) User=0.01s Sys=0.00s Real=0.06s
[2019-12-14T18:39:32.771-0600][gc,start      ] GC(94) Pause Young (Normal) (G1 Evacuation Pause)
[2019-12-14T18:39:32.771-0600][gc,task       ] GC(94) Using 1 workers of 1 for evacuation
[2019-12-14T18:39:32.801-0600][gc,mmu        ] GC(94) MMU target violated: 21.0ms (20.0ms/21.0ms)
[2019-12-14T18:39:32.801-0600][gc,phases     ] GC(94)   Pre Evacuate Collection Set: 0.1ms
[2019-12-14T18:39:32.801-0600][gc,phases     ] GC(94)   Evacuate Collection Set: 24.6ms
[2019-12-14T18:39:32.801-0600][gc,phases     ] GC(94)   Post Evacuate Collection Set: 5.4ms
[2019-12-14T18:39:32.801-0600][gc,phases     ] GC(94)   Other: 0.5ms
[2019-12-14T18:39:32.801-0600][gc,heap       ] GC(94) Eden regions: 48->0(48)
[2019-12-14T18:39:32.801-0600][gc,heap       ] GC(94) Survivor regions: 3->3(7)
[2019-12-14T18:39:32.801-0600][gc,heap       ] GC(94) Old regions: 17->17
[2019-12-14T18:39:32.801-0600][gc,heap       ] GC(94) Humongous regions: 129->129
[2019-12-14T18:39:32.801-0600][gc,metaspace  ] GC(94) Metaspace: 37594K->37594K(1083392K)
[2019-12-14T18:39:32.801-0600][gc            ] GC(94) Pause Young (Normal) (G1 Evacuation Pause) 196M->148M(1024M) 30.666ms
[2019-12-14T18:39:32.801-0600][gc,cpu        ] GC(94) User=0.02s Sys=0.00s Real=0.04s
[2019-12-14T18:46:48.275-0600][gc,start      ] GC(95) Pause Young (Normal) (G1 Evacuation Pause)
[2019-12-14T18:46:48.275-0600][gc,task       ] GC(95) Using 1 workers of 1 for evacuation
[2019-12-14T18:46:48.307-0600][gc,mmu        ] GC(95) MMU target violated: 21.0ms (20.0ms/21.0ms)
[2019-12-14T18:46:48.307-0600][gc,phases     ] GC(95)   Pre Evacuate Collection Set: 0.1ms
[2019-12-14T18:46:48.307-0600][gc,phases     ] GC(95)   Evacuate Collection Set: 30.5ms
[2019-12-14T18:46:48.307-0600][gc,phases     ] GC(95)   Post Evacuate Collection Set: 0.4ms
[2019-12-14T18:46:48.307-0600][gc,phases     ] GC(95)   Other: 0.5ms
[2019-12-14T18:46:48.307-0600][gc,heap       ] GC(95) Eden regions: 48->0(48)
[2019-12-14T18:46:48.307-0600][gc,heap       ] GC(95) Survivor regions: 3->3(7)
[2019-12-14T18:46:48.307-0600][gc,heap       ] GC(95) Old regions: 17->17
[2019-12-14T18:46:48.307-0600][gc,heap       ] GC(95) Humongous regions: 129->129
[2019-12-14T18:46:48.307-0600][gc,metaspace  ] GC(95) Metaspace: 37594K->37594K(1083392K)
[2019-12-14T18:46:48.307-0600][gc            ] GC(95) Pause Young (Normal) (G1 Evacuation Pause) 196M->148M(1024M) 31.563ms
[2019-12-14T18:46:48.307-0600][gc,cpu        ] GC(95) User=0.02s Sys=0.00s Real=0.03s
[2019-12-14T18:54:00.165-0600][gc,start      ] GC(96) Pause Young (Normal) (G1 Evacuation Pause)
[2019-12-14T18:54:00.165-0600][gc,task       ] GC(96) Using 1 workers of 1 for evacuation
[2019-12-14T18:54:00.185-0600][gc,mmu        ] GC(96) MMU target violated: 20.0ms (20.0ms/21.0ms)
[2019-12-14T18:54:00.185-0600][gc,phases     ] GC(96)   Pre Evacuate Collection Set: 0.0ms
[2019-12-14T18:54:00.185-0600][gc,phases     ] GC(96)   Evacuate Collection Set: 19.5ms
[2019-12-14T18:54:00.185-0600][gc,phases     ] GC(96)   Post Evacuate Collection Set: 0.4ms
[2019-12-14T18:54:00.185-0600][gc,phases     ] GC(96)   Other: 0.3ms
[2019-12-14T18:54:00.185-0600][gc,heap       ] GC(96) Eden regions: 48->0(48)
[2019-12-14T18:54:00.185-0600][gc,heap       ] GC(96) Survivor regions: 3->3(7)
[2019-12-14T18:54:00.185-0600][gc,heap       ] GC(96) Old regions: 17->17
[2019-12-14T18:54:00.185-0600][gc,heap       ] GC(96) Humongous regions: 129->129
[2019-12-14T18:54:00.185-0600][gc,metaspace  ] GC(96) Metaspace: 37594K->37594K(1083392K)
[2019-12-14T18:54:00.185-0600][gc            ] GC(96) Pause Young (Normal) (G1 Evacuation Pause) 196M->148M(1024M) 20.324ms
[2019-12-14T18:54:00.185-0600][gc,cpu        ] GC(96) User=0.02s Sys=0.00s Real=0.02s
[2019-12-14T19:01:14.777-0600][gc,start      ] GC(97) Pause Young (Normal) (G1 Evacuation Pause)
[2019-12-14T19:01:14.777-0600][gc,task       ] GC(97) Using 1 workers of 1 for evacuation
[2019-12-14T19:01:14.793-0600][gc,phases     ] GC(97)   Pre Evacuate Collection Set: 0.0ms
[2019-12-14T19:01:14.793-0600][gc,phases     ] GC(97)   Evacuate Collection Set: 15.6ms
[2019-12-14T19:01:14.793-0600][gc,phases     ] GC(97)   Post Evacuate Collection Set: 0.4ms
[2019-12-14T19:01:14.793-0600][gc,phases     ] GC(97)   Other: 0.3ms
[2019-12-14T19:01:14.793-0600][gc,heap       ] GC(97) Eden regions: 48->0(48)
[2019-12-14T19:01:14.793-0600][gc,heap       ] GC(97) Survivor regions: 3->3(7)
[2019-12-14T19:01:14.793-0600][gc,heap       ] GC(97) Old regions: 17->17
[2019-12-14T19:01:14.793-0600][gc,heap       ] GC(97) Humongous regions: 129->129
[2019-12-14T19:01:14.793-0600][gc,metaspace  ] GC(97) Metaspace: 37594K->37594K(1083392K)
[2019-12-14T19:01:14.793-0600][gc            ] GC(97) Pause Young (Normal) (G1 Evacuation Pause) 196M->148M(1024M) 16.520ms
[2019-12-14T19:01:14.793-0600][gc,cpu        ] GC(97) User=0.02s Sys=0.00s Real=0.02s
[2019-12-14T19:08:21.018-0600][gc,start      ] GC(98) Pause Young (Normal) (G1 Evacuation Pause)
[2019-12-14T19:08:21.018-0600][gc,task       ] GC(98) Using 1 workers of 1 for evacuation
[2019-12-14T19:08:21.036-0600][gc,phases     ] GC(98)   Pre Evacuate Collection Set: 0.0ms
[2019-12-14T19:08:21.036-0600][gc,phases     ] GC(98)   Evacuate Collection Set: 17.7ms
[2019-12-14T19:08:21.036-0600][gc,phases     ] GC(98)   Post Evacuate Collection Set: 0.4ms
[2019-12-14T19:08:21.036-0600][gc,phases     ] GC(98)   Other: 0.3ms
[2019-12-14T19:08:21.036-0600][gc,heap       ] GC(98) Eden regions: 48->0(48)
[2019-12-14T19:08:21.036-0600][gc,heap       ] GC(98) Survivor regions: 3->3(7)
[2019-12-14T19:08:21.036-0600][gc,heap       ] GC(98) Old regions: 17->17
[2019-12-14T19:08:21.036-0600][gc,heap       ] GC(98) Humongous regions: 129->129
[2019-12-14T19:08:21.036-0600][gc,metaspace  ] GC(98) Metaspace: 37594K->37594K(1083392K)
[2019-12-14T19:08:21.036-0600][gc            ] GC(98) Pause Young (Normal) (G1 Evacuation Pause) 196M->148M(1024M) 18.548ms
[2019-12-14T19:08:21.036-0600][gc,cpu        ] GC(98) User=0.01s Sys=0.00s Real=0.02s
[2019-12-14T19:15:16.125-0600][gc,start      ] GC(99) Pause Young (Normal) (G1 Evacuation Pause)
[2019-12-14T19:15:16.125-0600][gc,task       ] GC(99) Using 1 workers of 1 for evacuation
[2019-12-14T19:15:16.147-0600][gc,mmu        ] GC(99) MMU target violated: 21.0ms (20.0ms/21.0ms)
[2019-12-14T19:15:16.147-0600][gc,phases     ] GC(99)   Pre Evacuate Collection Set: 0.1ms
[2019-12-14T19:15:16.147-0600][gc,phases     ] GC(99)   Evacuate Collection Set: 21.2ms
[2019-12-14T19:15:16.147-0600][gc,phases     ] GC(99)   Post Evacuate Collection Set: 0.4ms
[2019-12-14T19:15:16.147-0600][gc,phases     ] GC(99)   Other: 0.9ms
[2019-12-14T19:15:16.147-0600][gc,heap       ] GC(99) Eden regions: 48->0(48)
[2019-12-14T19:15:16.147-0600][gc,heap       ] GC(99) Survivor regions: 3->3(7)
[2019-12-14T19:15:16.147-0600][gc,heap       ] GC(99) Old regions: 17->17
[2019-12-14T19:15:16.147-0600][gc,heap       ] GC(99) Humongous regions: 129->129
[2019-12-14T19:15:16.147-0600][gc,metaspace  ] GC(99) Metaspace: 37594K->37594K(1083392K)
[2019-12-14T19:15:16.147-0600][gc            ] GC(99) Pause Young (Normal) (G1 Evacuation Pause) 196M->148M(1024M) 22.524ms
[2019-12-14T19:15:16.147-0600][gc,cpu        ] GC(99) User=0.02s Sys=0.00s Real=0.02s
[2019-12-14T19:22:30.284-0600][gc,start      ] GC(100) Pause Young (Normal) (G1 Evacuation Pause)
[2019-12-14T19:22:30.285-0600][gc,task       ] GC(100) Using 1 workers of 1 for evacuation
[2019-12-14T19:22:30.312-0600][gc,mmu        ] GC(100) MMU target violated: 21.0ms (20.0ms/21.0ms)
[2019-12-14T19:22:30.312-0600][gc,phases     ] GC(100)   Pre Evacuate Collection Set: 0.1ms
[2019-12-14T19:22:30.312-0600][gc,phases     ] GC(100)   Evacuate Collection Set: 27.0ms
[2019-12-14T19:22:30.312-0600][gc,phases     ] GC(100)   Post Evacuate Collection Set: 0.3ms
[2019-12-14T19:22:30.312-0600][gc,phases     ] GC(100)   Other: 0.5ms
[2019-12-14T19:22:30.312-0600][gc,heap       ] GC(100) Eden regions: 48->0(48)
[2019-12-14T19:22:30.312-0600][gc,heap       ] GC(100) Survivor regions: 3->3(7)
[2019-12-14T19:22:30.312-0600][gc,heap       ] GC(100) Old regions: 17->17
[2019-12-14T19:22:30.312-0600][gc,heap       ] GC(100) Humongous regions: 129->129
[2019-12-14T19:22:30.312-0600][gc,metaspace  ] GC(100) Metaspace: 37594K->37594K(1083392K)
[2019-12-14T19:22:30.312-0600][gc            ] GC(100) Pause Young (Normal) (G1 Evacuation Pause) 196M->148M(1024M) 27.960ms
[2019-12-14T19:22:30.312-0600][gc,cpu        ] GC(100) User=0.02s Sys=0.00s Real=0.03s
[2019-12-14T19:29:42.076-0600][gc,start      ] GC(101) Pause Young (Normal) (G1 Evacuation Pause)
[2019-12-14T19:29:42.076-0600][gc,task       ] GC(101) Using 1 workers of 1 for evacuation
[2019-12-14T19:29:42.096-0600][gc,phases     ] GC(101)   Pre Evacuate Collection Set: 0.1ms
[2019-12-14T19:29:42.096-0600][gc,phases     ] GC(101)   Evacuate Collection Set: 18.8ms
[2019-12-14T19:29:42.096-0600][gc,phases     ] GC(101)   Post Evacuate Collection Set: 0.4ms
[2019-12-14T19:29:42.096-0600][gc,phases     ] GC(101)   Other: 0.4ms
[2019-12-14T19:29:42.096-0600][gc,heap       ] GC(101) Eden regions: 48->0(48)
[2019-12-14T19:29:42.096-0600][gc,heap       ] GC(101) Survivor regions: 3->3(7)
[2019-12-14T19:29:42.096-0600][gc,heap       ] GC(101) Old regions: 17->17
[2019-12-14T19:29:42.096-0600][gc,heap       ] GC(101) Humongous regions: 129->129
[2019-12-14T19:29:42.096-0600][gc,metaspace  ] GC(101) Metaspace: 37594K->37594K(1083392K)
[2019-12-14T19:29:42.096-0600][gc            ] GC(101) Pause Young (Normal) (G1 Evacuation Pause) 196M->148M(1024M) 19.945ms
[2019-12-14T19:29:42.096-0600][gc,cpu        ] GC(101) User=0.01s Sys=0.00s Real=0.02s
[2019-12-14T19:36:48.464-0600][gc,start      ] GC(102) Pause Young (Normal) (G1 Evacuation Pause)
[2019-12-14T19:36:48.464-0600][gc,task       ] GC(102) Using 1 workers of 1 for evacuation
[2019-12-14T19:36:48.482-0600][gc,phases     ] GC(102)   Pre Evacuate Collection Set: 0.0ms
[2019-12-14T19:36:48.482-0600][gc,phases     ] GC(102)   Evacuate Collection Set: 17.5ms
[2019-12-14T19:36:48.482-0600][gc,phases     ] GC(102)   Post Evacuate Collection Set: 0.4ms
[2019-12-14T19:36:48.482-0600][gc,phases     ] GC(102)   Other: 0.2ms
[2019-12-14T19:36:48.482-0600][gc,heap       ] GC(102) Eden regions: 48->0(48)
[2019-12-14T19:36:48.482-0600][gc,heap       ] GC(102) Survivor regions: 3->3(7)
[2019-12-14T19:36:48.482-0600][gc,heap       ] GC(102) Old regions: 17->17
[2019-12-14T19:36:48.482-0600][gc,heap       ] GC(102) Humongous regions: 129->129
[2019-12-14T19:36:48.482-0600][gc,metaspace  ] GC(102) Metaspace: 37596K->37596K(1083392K)
[2019-12-14T19:36:48.482-0600][gc            ] GC(102) Pause Young (Normal) (G1 Evacuation Pause) 196M->148M(1024M) 18.255ms
[2019-12-14T19:36:48.482-0600][gc,cpu        ] GC(102) User=0.02s Sys=0.00s Real=0.02s
[2019-12-14T19:43:59.744-0600][gc,start      ] GC(103) Pause Young (Normal) (G1 Evacuation Pause)
[2019-12-14T19:43:59.744-0600][gc,task       ] GC(103) Using 1 workers of 1 for evacuation
[2019-12-14T19:43:59.761-0600][gc,phases     ] GC(103)   Pre Evacuate Collection Set: 0.0ms
[2019-12-14T19:43:59.761-0600][gc,phases     ] GC(103)   Evacuate Collection Set: 15.9ms
[2019-12-14T19:43:59.761-0600][gc,phases     ] GC(103)   Post Evacuate Collection Set: 0.3ms
[2019-12-14T19:43:59.761-0600][gc,phases     ] GC(103)   Other: 0.3ms
[2019-12-14T19:43:59.761-0600][gc,heap       ] GC(103) Eden regions: 48->0(48)
[2019-12-14T19:43:59.761-0600][gc,heap       ] GC(103) Survivor regions: 3->3(7)
[2019-12-14T19:43:59.761-0600][gc,heap       ] GC(103) Old regions: 17->17
[2019-12-14T19:43:59.761-0600][gc,heap       ] GC(103) Humongous regions: 129->129
[2019-12-14T19:43:59.761-0600][gc,metaspace  ] GC(103) Metaspace: 37596K->37596K(1083392K)
[2019-12-14T19:43:59.761-0600][gc            ] GC(103) Pause Young (Normal) (G1 Evacuation Pause) 196M->148M(1024M) 16.677ms
[2019-12-14T19:43:59.761-0600][gc,cpu        ] GC(103) User=0.01s Sys=0.00s Real=0.02s
[2019-12-14T19:51:14.803-0600][gc,start      ] GC(104) Pause Young (Normal) (G1 Evacuation Pause)
[2019-12-14T19:51:14.803-0600][gc,task       ] GC(104) Using 1 workers of 1 for evacuation
[2019-12-14T19:51:14.811-0600][gc,phases     ] GC(104)   Pre Evacuate Collection Set: 0.0ms
[2019-12-14T19:51:14.811-0600][gc,phases     ] GC(104)   Evacuate Collection Set: 8.2ms
[2019-12-14T19:51:14.811-0600][gc,phases     ] GC(104)   Post Evacuate Collection Set: 0.3ms
[2019-12-14T19:51:14.811-0600][gc,phases     ] GC(104)   Other: 0.1ms
[2019-12-14T19:51:14.811-0600][gc,heap       ] GC(104) Eden regions: 48->0(172)
[2019-12-14T19:51:14.811-0600][gc,heap       ] GC(104) Survivor regions: 3->2(7)
[2019-12-14T19:51:14.811-0600][gc,heap       ] GC(104) Old regions: 17->17
[2019-12-14T19:51:14.811-0600][gc,heap       ] GC(104) Humongous regions: 129->129
[2019-12-14T19:51:14.811-0600][gc,metaspace  ] GC(104) Metaspace: 37596K->37596K(1083392K)
[2019-12-14T19:51:14.811-0600][gc            ] GC(104) Pause Young (Normal) (G1 Evacuation Pause) 196M->147M(1024M) 8.712ms
[2019-12-14T19:51:14.811-0600][gc,cpu        ] GC(104) User=0.00s Sys=0.00s Real=0.01s
[2019-12-14T20:17:00.812-0600][gc,start      ] GC(105) Pause Young (Normal) (G1 Evacuation Pause)
[2019-12-14T20:17:00.812-0600][gc,task       ] GC(105) Using 1 workers of 1 for evacuation
[2019-12-14T20:17:00.876-0600][gc,mmu        ] GC(105) MMU target violated: 21.0ms (20.0ms/21.0ms)
[2019-12-14T20:17:00.876-0600][gc,phases     ] GC(105)   Pre Evacuate Collection Set: 0.0ms
[2019-12-14T20:17:00.876-0600][gc,phases     ] GC(105)   Evacuate Collection Set: 54.2ms
[2019-12-14T20:17:00.876-0600][gc,phases     ] GC(105)   Post Evacuate Collection Set: 9.6ms
[2019-12-14T20:17:00.876-0600][gc,phases     ] GC(105)   Other: 0.5ms
[2019-12-14T20:17:00.876-0600][gc,heap       ] GC(105) Eden regions: 172->0(48)
[2019-12-14T20:17:00.876-0600][gc,heap       ] GC(105) Survivor regions: 2->3(22)
[2019-12-14T20:17:00.876-0600][gc,heap       ] GC(105) Old regions: 17->17
[2019-12-14T20:17:00.876-0600][gc,heap       ] GC(105) Humongous regions: 129->129
[2019-12-14T20:17:00.876-0600][gc,metaspace  ] GC(105) Metaspace: 37601K->37601K(1083392K)
[2019-12-14T20:17:00.876-0600][gc            ] GC(105) Pause Young (Normal) (G1 Evacuation Pause) 319M->148M(1024M) 64.376ms
[2019-12-14T20:17:00.876-0600][gc,cpu        ] GC(105) User=0.01s Sys=0.00s Real=0.06s
[2019-12-14T20:24:14.570-0600][gc,start      ] GC(106) Pause Young (Normal) (G1 Evacuation Pause)
[2019-12-14T20:24:14.570-0600][gc,task       ] GC(106) Using 1 workers of 1 for evacuation
[2019-12-14T20:24:14.590-0600][gc,mmu        ] GC(106) MMU target violated: 20.5ms (20.0ms/21.0ms)
[2019-12-14T20:24:14.590-0600][gc,phases     ] GC(106)   Pre Evacuate Collection Set: 0.0ms
[2019-12-14T20:24:14.590-0600][gc,phases     ] GC(106)   Evacuate Collection Set: 20.0ms
[2019-12-14T20:24:14.590-0600][gc,phases     ] GC(106)   Post Evacuate Collection Set: 0.4ms
[2019-12-14T20:24:14.590-0600][gc,phases     ] GC(106)   Other: 0.3ms
[2019-12-14T20:24:14.590-0600][gc,heap       ] GC(106) Eden regions: 48->0(48)
[2019-12-14T20:24:14.590-0600][gc,heap       ] GC(106) Survivor regions: 3->3(7)
[2019-12-14T20:24:14.590-0600][gc,heap       ] GC(106) Old regions: 17->17
[2019-12-14T20:24:14.590-0600][gc,heap       ] GC(106) Humongous regions: 129->129
[2019-12-14T20:24:14.590-0600][gc,metaspace  ] GC(106) Metaspace: 37601K->37601K(1083392K)
[2019-12-14T20:24:14.590-0600][gc            ] GC(106) Pause Young (Normal) (G1 Evacuation Pause) 196M->148M(1024M) 20.857ms
[2019-12-14T20:24:14.591-0600][gc,cpu        ] GC(106) User=0.02s Sys=0.00s Real=0.02s
[2019-12-14T20:31:26.137-0600][gc,start      ] GC(107) Pause Young (Normal) (G1 Evacuation Pause)
[2019-12-14T20:31:26.137-0600][gc,task       ] GC(107) Using 1 workers of 1 for evacuation
[2019-12-14T20:31:26.145-0600][gc,phases     ] GC(107)   Pre Evacuate Collection Set: 0.0ms
[2019-12-14T20:31:26.145-0600][gc,phases     ] GC(107)   Evacuate Collection Set: 7.1ms
[2019-12-14T20:31:26.145-0600][gc,phases     ] GC(107)   Post Evacuate Collection Set: 0.2ms
[2019-12-14T20:31:26.145-0600][gc,phases     ] GC(107)   Other: 0.1ms
[2019-12-14T20:31:26.145-0600][gc,heap       ] GC(107) Eden regions: 48->0(48)
[2019-12-14T20:31:26.145-0600][gc,heap       ] GC(107) Survivor regions: 3->3(7)
[2019-12-14T20:31:26.145-0600][gc,heap       ] GC(107) Old regions: 17->17
[2019-12-14T20:31:26.145-0600][gc,heap       ] GC(107) Humongous regions: 129->129
[2019-12-14T20:31:26.145-0600][gc,metaspace  ] GC(107) Metaspace: 37601K->37601K(1083392K)
[2019-12-14T20:31:26.145-0600][gc            ] GC(107) Pause Young (Normal) (G1 Evacuation Pause) 196M->148M(1024M) 7.580ms
[2019-12-14T20:31:26.145-0600][gc,cpu        ] GC(107) User=0.01s Sys=0.00s Real=0.01s
[2019-12-14T20:38:31.138-0600][gc,start      ] GC(108) Pause Young (Normal) (G1 Evacuation Pause)
[2019-12-14T20:38:31.138-0600][gc,task       ] GC(108) Using 1 workers of 1 for evacuation
[2019-12-14T20:38:31.160-0600][gc,mmu        ] GC(108) MMU target violated: 21.0ms (20.0ms/21.0ms)
[2019-12-14T20:38:31.160-0600][gc,phases     ] GC(108)   Pre Evacuate Collection Set: 0.0ms
[2019-12-14T20:38:31.160-0600][gc,phases     ] GC(108)   Evacuate Collection Set: 21.2ms
[2019-12-14T20:38:31.160-0600][gc,phases     ] GC(108)   Post Evacuate Collection Set: 0.4ms
[2019-12-14T20:38:31.160-0600][gc,phases     ] GC(108)   Other: 0.7ms
[2019-12-14T20:38:31.160-0600][gc,heap       ] GC(108) Eden regions: 48->0(47)
[2019-12-14T20:38:31.160-0600][gc,heap       ] GC(108) Survivor regions: 3->4(7)
[2019-12-14T20:38:31.160-0600][gc,heap       ] GC(108) Old regions: 17->17
[2019-12-14T20:38:31.160-0600][gc,heap       ] GC(108) Humongous regions: 129->129
[2019-12-14T20:38:31.160-0600][gc,metaspace  ] GC(108) Metaspace: 37601K->37601K(1083392K)
[2019-12-14T20:38:31.160-0600][gc            ] GC(108) Pause Young (Normal) (G1 Evacuation Pause) 196M->149M(1024M) 22.476ms
[2019-12-14T20:38:31.160-0600][gc,cpu        ] GC(108) User=0.02s Sys=0.00s Real=0.03s
[2019-12-14T20:45:35.762-0600][gc,start      ] GC(109) Pause Young (Normal) (G1 Evacuation Pause)
[2019-12-14T20:45:35.762-0600][gc,task       ] GC(109) Using 1 workers of 1 for evacuation
[2019-12-14T20:45:35.788-0600][gc,mmu        ] GC(109) MMU target violated: 21.0ms (20.0ms/21.0ms)
[2019-12-14T20:45:35.788-0600][gc,phases     ] GC(109)   Pre Evacuate Collection Set: 0.1ms
[2019-12-14T20:45:35.788-0600][gc,phases     ] GC(109)   Evacuate Collection Set: 24.4ms
[2019-12-14T20:45:35.788-0600][gc,phases     ] GC(109)   Post Evacuate Collection Set: 0.4ms
[2019-12-14T20:45:35.788-0600][gc,phases     ] GC(109)   Other: 0.7ms
[2019-12-14T20:45:35.788-0600][gc,heap       ] GC(109) Eden regions: 47->0(48)
[2019-12-14T20:45:35.788-0600][gc,heap       ] GC(109) Survivor regions: 4->3(7)
[2019-12-14T20:45:35.788-0600][gc,heap       ] GC(109) Old regions: 17->17
[2019-12-14T20:45:35.788-0600][gc,heap       ] GC(109) Humongous regions: 129->129
[2019-12-14T20:45:35.788-0600][gc,metaspace  ] GC(109) Metaspace: 37601K->37601K(1083392K)
[2019-12-14T20:45:35.788-0600][gc            ] GC(109) Pause Young (Normal) (G1 Evacuation Pause) 196M->148M(1024M) 25.635ms
[2019-12-14T20:45:35.788-0600][gc,cpu        ] GC(109) User=0.02s Sys=0.00s Real=0.02s
[2019-12-14T20:52:48.087-0600][gc,start      ] GC(110) Pause Young (Normal) (G1 Evacuation Pause)
[2019-12-14T20:52:48.087-0600][gc,task       ] GC(110) Using 1 workers of 1 for evacuation
[2019-12-14T20:52:48.107-0600][gc,phases     ] GC(110)   Pre Evacuate Collection Set: 0.2ms
[2019-12-14T20:52:48.107-0600][gc,phases     ] GC(110)   Evacuate Collection Set: 19.0ms
[2019-12-14T20:52:48.107-0600][gc,phases     ] GC(110)   Post Evacuate Collection Set: 0.4ms
[2019-12-14T20:52:48.107-0600][gc,phases     ] GC(110)   Other: 0.4ms
[2019-12-14T20:52:48.107-0600][gc,heap       ] GC(110) Eden regions: 48->0(48)
[2019-12-14T20:52:48.107-0600][gc,heap       ] GC(110) Survivor regions: 3->3(7)
[2019-12-14T20:52:48.107-0600][gc,heap       ] GC(110) Old regions: 17->17
[2019-12-14T20:52:48.107-0600][gc,heap       ] GC(110) Humongous regions: 129->129
[2019-12-14T20:52:48.107-0600][gc,metaspace  ] GC(110) Metaspace: 37601K->37601K(1083392K)
[2019-12-14T20:52:48.107-0600][gc            ] GC(110) Pause Young (Normal) (G1 Evacuation Pause) 196M->148M(1024M) 20.047ms
[2019-12-14T20:52:48.107-0600][gc,cpu        ] GC(110) User=0.01s Sys=0.00s Real=0.02s
[2019-12-14T21:00:01.138-0600][gc,start      ] GC(111) Pause Young (Normal) (G1 Evacuation Pause)
[2019-12-14T21:00:01.138-0600][gc,task       ] GC(111) Using 1 workers of 1 for evacuation
[2019-12-14T21:00:01.155-0600][gc,phases     ] GC(111)   Pre Evacuate Collection Set: 0.0ms
[2019-12-14T21:00:01.155-0600][gc,phases     ] GC(111)   Evacuate Collection Set: 16.8ms
[2019-12-14T21:00:01.155-0600][gc,phases     ] GC(111)   Post Evacuate Collection Set: 0.3ms
[2019-12-14T21:00:01.155-0600][gc,phases     ] GC(111)   Other: 0.3ms
[2019-12-14T21:00:01.155-0600][gc,heap       ] GC(111) Eden regions: 48->0(48)
[2019-12-14T21:00:01.155-0600][gc,heap       ] GC(111) Survivor regions: 3->3(7)
[2019-12-14T21:00:01.155-0600][gc,heap       ] GC(111) Old regions: 17->17
[2019-12-14T21:00:01.155-0600][gc,heap       ] GC(111) Humongous regions: 129->129
[2019-12-14T21:00:01.155-0600][gc,metaspace  ] GC(111) Metaspace: 37601K->37601K(1083392K)
[2019-12-14T21:00:01.156-0600][gc            ] GC(111) Pause Young (Normal) (G1 Evacuation Pause) 196M->148M(1024M) 17.762ms
[2019-12-14T21:00:01.156-0600][gc,cpu        ] GC(111) User=0.01s Sys=0.00s Real=0.02s
[2019-12-14T21:07:09.622-0600][gc,start      ] GC(112) Pause Young (Normal) (G1 Evacuation Pause)
[2019-12-14T21:07:09.622-0600][gc,task       ] GC(112) Using 1 workers of 1 for evacuation
[2019-12-14T21:07:09.630-0600][gc,phases     ] GC(112)   Pre Evacuate Collection Set: 0.0ms
[2019-12-14T21:07:09.630-0600][gc,phases     ] GC(112)   Evacuate Collection Set: 7.5ms
[2019-12-14T21:07:09.630-0600][gc,phases     ] GC(112)   Post Evacuate Collection Set: 0.2ms
[2019-12-14T21:07:09.630-0600][gc,phases     ] GC(112)   Other: 0.1ms
[2019-12-14T21:07:09.630-0600][gc,heap       ] GC(112) Eden regions: 48->0(56)
[2019-12-14T21:07:09.630-0600][gc,heap       ] GC(112) Survivor regions: 3->3(7)
[2019-12-14T21:07:09.630-0600][gc,heap       ] GC(112) Old regions: 17->17
[2019-12-14T21:07:09.630-0600][gc,heap       ] GC(112) Humongous regions: 129->129
[2019-12-14T21:07:09.630-0600][gc,metaspace  ] GC(112) Metaspace: 37601K->37601K(1083392K)
[2019-12-14T21:07:09.630-0600][gc            ] GC(112) Pause Young (Normal) (G1 Evacuation Pause) 196M->148M(1024M) 7.917ms
[2019-12-14T21:07:09.630-0600][gc,cpu        ] GC(112) User=0.01s Sys=0.00s Real=0.00s
[2019-12-14T21:15:16.137-0600][gc,start      ] GC(113) Pause Young (Normal) (G1 Evacuation Pause)
[2019-12-14T21:15:16.137-0600][gc,task       ] GC(113) Using 1 workers of 1 for evacuation
[2019-12-14T21:15:16.154-0600][gc,phases     ] GC(113)   Pre Evacuate Collection Set: 0.0ms
[2019-12-14T21:15:16.155-0600][gc,phases     ] GC(113)   Evacuate Collection Set: 16.5ms
[2019-12-14T21:15:16.155-0600][gc,phases     ] GC(113)   Post Evacuate Collection Set: 0.4ms
[2019-12-14T21:15:16.155-0600][gc,phases     ] GC(113)   Other: 0.3ms
[2019-12-14T21:15:16.155-0600][gc,heap       ] GC(113) Eden regions: 56->0(61)
[2019-12-14T21:15:16.155-0600][gc,heap       ] GC(113) Survivor regions: 3->3(8)
[2019-12-14T21:15:16.155-0600][gc,heap       ] GC(113) Old regions: 17->17
[2019-12-14T21:15:16.155-0600][gc,heap       ] GC(113) Humongous regions: 129->129
[2019-12-14T21:15:16.155-0600][gc,metaspace  ] GC(113) Metaspace: 37601K->37601K(1083392K)
[2019-12-14T21:15:16.155-0600][gc            ] GC(113) Pause Young (Normal) (G1 Evacuation Pause) 204M->148M(1024M) 17.611ms
[2019-12-14T21:15:16.155-0600][gc,cpu        ] GC(113) User=0.01s Sys=0.00s Real=0.02s
[2019-12-14T21:24:26.137-0600][gc,start      ] GC(114) Pause Young (Normal) (G1 Evacuation Pause)
[2019-12-14T21:24:26.137-0600][gc,task       ] GC(114) Using 1 workers of 1 for evacuation
[2019-12-14T21:24:26.144-0600][gc,phases     ] GC(114)   Pre Evacuate Collection Set: 0.0ms
[2019-12-14T21:24:26.145-0600][gc,phases     ] GC(114)   Evacuate Collection Set: 7.0ms
[2019-12-14T21:24:26.145-0600][gc,phases     ] GC(114)   Post Evacuate Collection Set: 0.2ms
[2019-12-14T21:24:26.145-0600][gc,phases     ] GC(114)   Other: 0.1ms
[2019-12-14T21:24:26.145-0600][gc,heap       ] GC(114) Eden regions: 61->0(75)
[2019-12-14T21:24:26.145-0600][gc,heap       ] GC(114) Survivor regions: 3->3(8)
[2019-12-14T21:24:26.145-0600][gc,heap       ] GC(114) Old regions: 17->17
[2019-12-14T21:24:26.145-0600][gc,heap       ] GC(114) Humongous regions: 129->129
[2019-12-14T21:24:26.145-0600][gc,metaspace  ] GC(114) Metaspace: 37601K->37601K(1083392K)
[2019-12-14T21:24:26.145-0600][gc            ] GC(114) Pause Young (Normal) (G1 Evacuation Pause) 209M->148M(1024M) 7.788ms
[2019-12-14T21:24:26.145-0600][gc,cpu        ] GC(114) User=0.01s Sys=0.00s Real=0.01s
[2019-12-14T21:35:36.097-0600][gc,start      ] GC(115) Pause Young (Normal) (G1 Evacuation Pause)
[2019-12-14T21:35:36.097-0600][gc,task       ] GC(115) Using 1 workers of 1 for evacuation
[2019-12-14T21:35:36.117-0600][gc,phases     ] GC(115)   Pre Evacuate Collection Set: 0.0ms
[2019-12-14T21:35:36.117-0600][gc,phases     ] GC(115)   Evacuate Collection Set: 18.5ms
[2019-12-14T21:35:36.117-0600][gc,phases     ] GC(115)   Post Evacuate Collection Set: 0.7ms
[2019-12-14T21:35:36.117-0600][gc,phases     ] GC(115)   Other: 0.4ms
[2019-12-14T21:35:36.117-0600][gc,heap       ] GC(115) Eden regions: 75->0(68)
[2019-12-14T21:35:36.117-0600][gc,heap       ] GC(115) Survivor regions: 3->3(10)
[2019-12-14T21:35:36.117-0600][gc,heap       ] GC(115) Old regions: 17->17
[2019-12-14T21:35:36.117-0600][gc,heap       ] GC(115) Humongous regions: 129->129
[2019-12-14T21:35:36.117-0600][gc,metaspace  ] GC(115) Metaspace: 37601K->37601K(1083392K)
[2019-12-14T21:35:36.117-0600][gc            ] GC(115) Pause Young (Normal) (G1 Evacuation Pause) 223M->148M(1024M) 19.747ms
[2019-12-14T21:35:36.117-0600][gc,cpu        ] GC(115) User=0.02s Sys=0.00s Real=0.02s
[2019-12-14T21:45:46.300-0600][gc,start      ] GC(116) Pause Young (Normal) (G1 Evacuation Pause)
[2019-12-14T21:45:46.300-0600][gc,task       ] GC(116) Using 1 workers of 1 for evacuation
[2019-12-14T21:45:46.318-0600][gc,phases     ] GC(116)   Pre Evacuate Collection Set: 0.0ms
[2019-12-14T21:45:46.318-0600][gc,phases     ] GC(116)   Evacuate Collection Set: 17.0ms
[2019-12-14T21:45:46.318-0600][gc,phases     ] GC(116)   Post Evacuate Collection Set: 0.4ms
[2019-12-14T21:45:46.318-0600][gc,phases     ] GC(116)   Other: 0.3ms
[2019-12-14T21:45:46.318-0600][gc,heap       ] GC(116) Eden regions: 68->0(74)
[2019-12-14T21:45:46.318-0600][gc,heap       ] GC(116) Survivor regions: 3->3(9)
[2019-12-14T21:45:46.318-0600][gc,heap       ] GC(116) Old regions: 17->17
[2019-12-14T21:45:46.318-0600][gc,heap       ] GC(116) Humongous regions: 129->129
[2019-12-14T21:45:46.318-0600][gc,metaspace  ] GC(116) Metaspace: 37601K->37601K(1083392K)
[2019-12-14T21:45:46.318-0600][gc            ] GC(116) Pause Young (Normal) (G1 Evacuation Pause) 216M->148M(1024M) 17.824ms
[2019-12-14T21:45:46.318-0600][gc,cpu        ] GC(116) User=0.02s Sys=0.00s Real=0.01s
[2019-12-14T21:56:58.174-0600][gc,start      ] GC(117) Pause Young (Normal) (G1 Evacuation Pause)
[2019-12-14T21:56:58.174-0600][gc,task       ] GC(117) Using 1 workers of 1 for evacuation
[2019-12-14T21:56:58.194-0600][gc,phases     ] GC(117)   Pre Evacuate Collection Set: 0.0ms
[2019-12-14T21:56:58.194-0600][gc,phases     ] GC(117)   Evacuate Collection Set: 18.5ms
[2019-12-14T21:56:58.194-0600][gc,phases     ] GC(117)   Post Evacuate Collection Set: 0.4ms
[2019-12-14T21:56:58.194-0600][gc,phases     ] GC(117)   Other: 0.3ms
[2019-12-14T21:56:58.194-0600][gc,heap       ] GC(117) Eden regions: 74->0(78)
[2019-12-14T21:56:58.194-0600][gc,heap       ] GC(117) Survivor regions: 3->3(10)
[2019-12-14T21:56:58.194-0600][gc,heap       ] GC(117) Old regions: 17->17
[2019-12-14T21:56:58.194-0600][gc,heap       ] GC(117) Humongous regions: 129->129
[2019-12-14T21:56:58.194-0600][gc,metaspace  ] GC(117) Metaspace: 37601K->37601K(1083392K)
[2019-12-14T21:56:58.194-0600][gc            ] GC(117) Pause Young (Normal) (G1 Evacuation Pause) 222M->148M(1024M) 19.360ms
[2019-12-14T21:56:58.194-0600][gc,cpu        ] GC(117) User=0.01s Sys=0.00s Real=0.02s
[2019-12-14T22:08:39.169-0600][gc,start      ] GC(118) Pause Young (Normal) (G1 Evacuation Pause)
[2019-12-14T22:08:39.169-0600][gc,task       ] GC(118) Using 1 workers of 1 for evacuation
[2019-12-14T22:08:39.176-0600][gc,phases     ] GC(118)   Pre Evacuate Collection Set: 0.0ms
[2019-12-14T22:08:39.176-0600][gc,phases     ] GC(118)   Evacuate Collection Set: 6.8ms
[2019-12-14T22:08:39.176-0600][gc,phases     ] GC(118)   Post Evacuate Collection Set: 0.2ms
[2019-12-14T22:08:39.176-0600][gc,phases     ] GC(118)   Other: 0.1ms
[2019-12-14T22:08:39.176-0600][gc,heap       ] GC(118) Eden regions: 78->0(96)
[2019-12-14T22:08:39.176-0600][gc,heap       ] GC(118) Survivor regions: 3->3(11)
[2019-12-14T22:08:39.176-0600][gc,heap       ] GC(118) Old regions: 17->17
[2019-12-14T22:08:39.176-0600][gc,heap       ] GC(118) Humongous regions: 129->129
[2019-12-14T22:08:39.176-0600][gc,metaspace  ] GC(118) Metaspace: 37601K->37601K(1083392K)
[2019-12-14T22:08:39.176-0600][gc            ] GC(118) Pause Young (Normal) (G1 Evacuation Pause) 226M->148M(1024M) 7.307ms
[2019-12-14T22:08:39.176-0600][gc,cpu        ] GC(118) User=0.01s Sys=0.00s Real=0.01s
[2019-12-14T22:22:54.169-0600][gc,start      ] GC(119) Pause Young (Normal) (G1 Evacuation Pause)
[2019-12-14T22:22:54.169-0600][gc,task       ] GC(119) Using 1 workers of 1 for evacuation
[2019-12-14T22:22:54.176-0600][gc,phases     ] GC(119)   Pre Evacuate Collection Set: 0.0ms
[2019-12-14T22:22:54.176-0600][gc,phases     ] GC(119)   Evacuate Collection Set: 7.1ms
[2019-12-14T22:22:54.176-0600][gc,phases     ] GC(119)   Post Evacuate Collection Set: 0.2ms
[2019-12-14T22:22:54.176-0600][gc,phases     ] GC(119)   Other: 0.1ms
[2019-12-14T22:22:54.176-0600][gc,heap       ] GC(119) Eden regions: 96->0(124)
[2019-12-14T22:22:54.176-0600][gc,heap       ] GC(119) Survivor regions: 3->3(13)
[2019-12-14T22:22:54.176-0600][gc,heap       ] GC(119) Old regions: 17->17
[2019-12-14T22:22:54.176-0600][gc,heap       ] GC(119) Humongous regions: 129->129
[2019-12-14T22:22:54.177-0600][gc,metaspace  ] GC(119) Metaspace: 37601K->37601K(1083392K)
[2019-12-14T22:22:54.177-0600][gc            ] GC(119) Pause Young (Normal) (G1 Evacuation Pause) 244M->148M(1024M) 7.595ms
[2019-12-14T22:22:54.177-0600][gc,cpu        ] GC(119) User=0.01s Sys=0.00s Real=0.01s
[2019-12-14T22:41:31.137-0600][gc,start      ] GC(120) Pause Young (Normal) (G1 Evacuation Pause)
[2019-12-14T22:41:31.137-0600][gc,task       ] GC(120) Using 1 workers of 1 for evacuation
[2019-12-14T22:41:31.154-0600][gc,phases     ] GC(120)   Pre Evacuate Collection Set: 0.0ms
[2019-12-14T22:41:31.154-0600][gc,phases     ] GC(120)   Evacuate Collection Set: 15.7ms
[2019-12-14T22:41:31.154-0600][gc,phases     ] GC(120)   Post Evacuate Collection Set: 0.5ms
[2019-12-14T22:41:31.154-0600][gc,phases     ] GC(120)   Other: 0.3ms
[2019-12-14T22:41:31.154-0600][gc,heap       ] GC(120) Eden regions: 124->0(126)
[2019-12-14T22:41:31.154-0600][gc,heap       ] GC(120) Survivor regions: 3->3(16)
[2019-12-14T22:41:31.154-0600][gc,heap       ] GC(120) Old regions: 17->17
[2019-12-14T22:41:31.154-0600][gc,heap       ] GC(120) Humongous regions: 129->129
[2019-12-14T22:41:31.154-0600][gc,metaspace  ] GC(120) Metaspace: 37601K->37601K(1083392K)
[2019-12-14T22:41:31.154-0600][gc            ] GC(120) Pause Young (Normal) (G1 Evacuation Pause) 272M->148M(1024M) 16.896ms
[2019-12-14T22:41:31.154-0600][gc,cpu        ] GC(120) User=0.01s Sys=0.00s Real=0.02s
[2019-12-14T23:00:42.664-0600][gc,start      ] GC(121) Pause Young (Normal) (G1 Evacuation Pause)
[2019-12-14T23:00:42.664-0600][gc,task       ] GC(121) Using 1 workers of 1 for evacuation
[2019-12-14T23:00:42.679-0600][gc,phases     ] GC(121)   Pre Evacuate Collection Set: 0.0ms
[2019-12-14T23:00:42.679-0600][gc,phases     ] GC(121)   Evacuate Collection Set: 14.5ms
[2019-12-14T23:00:42.679-0600][gc,phases     ] GC(121)   Post Evacuate Collection Set: 0.4ms
[2019-12-14T23:00:42.679-0600][gc,phases     ] GC(121)   Other: 0.2ms
[2019-12-14T23:00:42.679-0600][gc,heap       ] GC(121) Eden regions: 126->0(141)
[2019-12-14T23:00:42.679-0600][gc,heap       ] GC(121) Survivor regions: 3->4(17)
[2019-12-14T23:00:42.679-0600][gc,heap       ] GC(121) Old regions: 17->17
[2019-12-14T23:00:42.679-0600][gc,heap       ] GC(121) Humongous regions: 129->129
[2019-12-14T23:00:42.679-0600][gc,metaspace  ] GC(121) Metaspace: 37601K->37601K(1083392K)
[2019-12-14T23:00:42.679-0600][gc            ] GC(121) Pause Young (Normal) (G1 Evacuation Pause) 274M->149M(1024M) 15.233ms
[2019-12-14T23:00:42.679-0600][gc,cpu        ] GC(121) User=0.01s Sys=0.00s Real=0.01s
[2019-12-14T23:21:41.971-0600][gc,start      ] GC(122) Pause Young (Normal) (G1 Evacuation Pause)
[2019-12-14T23:21:41.971-0600][gc,task       ] GC(122) Using 1 workers of 1 for evacuation
[2019-12-14T23:21:41.992-0600][gc,mmu        ] GC(122) MMU target violated: 20.8ms (20.0ms/21.0ms)
[2019-12-14T23:21:41.992-0600][gc,phases     ] GC(122)   Pre Evacuate Collection Set: 0.0ms
[2019-12-14T23:21:41.992-0600][gc,phases     ] GC(122)   Evacuate Collection Set: 20.2ms
[2019-12-14T23:21:41.992-0600][gc,phases     ] GC(122)   Post Evacuate Collection Set: 0.4ms
[2019-12-14T23:21:41.992-0600][gc,phases     ] GC(122)   Other: 0.4ms
[2019-12-14T23:21:41.992-0600][gc,heap       ] GC(122) Eden regions: 141->0(109)
[2019-12-14T23:21:41.992-0600][gc,heap       ] GC(122) Survivor regions: 4->3(19)
[2019-12-14T23:21:41.992-0600][gc,heap       ] GC(122) Old regions: 17->17
[2019-12-14T23:21:41.992-0600][gc,heap       ] GC(122) Humongous regions: 129->129
[2019-12-14T23:21:41.992-0600][gc,metaspace  ] GC(122) Metaspace: 37601K->37601K(1083392K)
[2019-12-14T23:21:41.992-0600][gc            ] GC(122) Pause Young (Normal) (G1 Evacuation Pause) 290M->148M(1024M) 21.122ms
[2019-12-14T23:21:41.992-0600][gc,cpu        ] GC(122) User=0.02s Sys=0.00s Real=0.03s
[2019-12-14T23:38:03.463-0600][gc,start      ] GC(123) Pause Young (Normal) (G1 Evacuation Pause)
[2019-12-14T23:38:03.463-0600][gc,task       ] GC(123) Using 1 workers of 1 for evacuation
[2019-12-14T23:38:03.479-0600][gc,phases     ] GC(123)   Pre Evacuate Collection Set: 0.0ms
[2019-12-14T23:38:03.479-0600][gc,phases     ] GC(123)   Evacuate Collection Set: 15.5ms
[2019-12-14T23:38:03.479-0600][gc,phases     ] GC(123)   Post Evacuate Collection Set: 0.4ms
[2019-12-14T23:38:03.479-0600][gc,phases     ] GC(123)   Other: 0.3ms
[2019-12-14T23:38:03.479-0600][gc,heap       ] GC(123) Eden regions: 109->0(110)
[2019-12-14T23:38:03.479-0600][gc,heap       ] GC(123) Survivor regions: 3->3(14)
[2019-12-14T23:38:03.479-0600][gc,heap       ] GC(123) Old regions: 17->17
[2019-12-14T23:38:03.479-0600][gc,heap       ] GC(123) Humongous regions: 129->129
[2019-12-14T23:38:03.479-0600][gc,metaspace  ] GC(123) Metaspace: 37601K->37601K(1083392K)
[2019-12-14T23:38:03.479-0600][gc            ] GC(123) Pause Young (Normal) (G1 Evacuation Pause) 257M->148M(1024M) 16.341ms
[2019-12-14T23:38:03.479-0600][gc,cpu        ] GC(123) User=0.00s Sys=0.00s Real=0.02s
[2019-12-14T23:54:44.861-0600][gc,start      ] GC(124) Pause Young (Normal) (G1 Evacuation Pause)
[2019-12-14T23:54:44.861-0600][gc,task       ] GC(124) Using 1 workers of 1 for evacuation
[2019-12-14T23:54:44.882-0600][gc,mmu        ] GC(124) MMU target violated: 21.0ms (20.0ms/21.0ms)
[2019-12-14T23:54:44.882-0600][gc,phases     ] GC(124)   Pre Evacuate Collection Set: 0.0ms
[2019-12-14T23:54:44.882-0600][gc,phases     ] GC(124)   Evacuate Collection Set: 20.7ms
[2019-12-14T23:54:44.882-0600][gc,phases     ] GC(124)   Post Evacuate Collection Set: 0.4ms
[2019-12-14T23:54:44.882-0600][gc,phases     ] GC(124)   Other: 0.5ms
[2019-12-14T23:54:44.882-0600][gc,heap       ] GC(124) Eden regions: 110->0(98)
[2019-12-14T23:54:44.882-0600][gc,heap       ] GC(124) Survivor regions: 3->3(15)
[2019-12-14T23:54:44.882-0600][gc,heap       ] GC(124) Old regions: 17->17
[2019-12-14T23:54:44.883-0600][gc,heap       ] GC(124) Humongous regions: 129->129
[2019-12-14T23:54:44.883-0600][gc,metaspace  ] GC(124) Metaspace: 37603K->37603K(1083392K)
[2019-12-14T23:54:44.883-0600][gc            ] GC(124) Pause Young (Normal) (G1 Evacuation Pause) 258M->148M(1024M) 21.710ms
[2019-12-14T23:54:44.883-0600][gc,cpu        ] GC(124) User=0.02s Sys=0.00s Real=0.02s
[2019-12-15T00:09:28.167-0600][gc,start      ] GC(125) Pause Young (Normal) (G1 Evacuation Pause)
[2019-12-15T00:09:28.167-0600][gc,task       ] GC(125) Using 1 workers of 1 for evacuation
[2019-12-15T00:09:28.186-0600][gc,phases     ] GC(125)   Pre Evacuate Collection Set: 0.0ms
[2019-12-15T00:09:28.186-0600][gc,phases     ] GC(125)   Evacuate Collection Set: 18.6ms
[2019-12-15T00:09:28.186-0600][gc,phases     ] GC(125)   Post Evacuate Collection Set: 0.4ms
[2019-12-15T00:09:28.186-0600][gc,phases     ] GC(125)   Other: 0.3ms
[2019-12-15T00:09:28.186-0600][gc,heap       ] GC(125) Eden regions: 98->0(87)
[2019-12-15T00:09:28.186-0600][gc,heap       ] GC(125) Survivor regions: 3->3(13)
[2019-12-15T00:09:28.186-0600][gc,heap       ] GC(125) Old regions: 17->17
[2019-12-15T00:09:28.186-0600][gc,heap       ] GC(125) Humongous regions: 129->129
[2019-12-15T00:09:28.186-0600][gc,metaspace  ] GC(125) Metaspace: 37604K->37604K(1083392K)
[2019-12-15T00:09:28.186-0600][gc            ] GC(125) Pause Young (Normal) (G1 Evacuation Pause) 246M->148M(1024M) 19.504ms
[2019-12-15T00:09:28.186-0600][gc,cpu        ] GC(125) User=0.02s Sys=0.00s Real=0.02s
[2019-12-15T00:22:21.138-0600][gc,start      ] GC(126) Pause Young (Normal) (G1 Evacuation Pause)
[2019-12-15T00:22:21.138-0600][gc,task       ] GC(126) Using 1 workers of 1 for evacuation
[2019-12-15T00:22:21.157-0600][gc,phases     ] GC(126)   Pre Evacuate Collection Set: 0.1ms
[2019-12-15T00:22:21.157-0600][gc,phases     ] GC(126)   Evacuate Collection Set: 17.8ms
[2019-12-15T00:22:21.157-0600][gc,phases     ] GC(126)   Post Evacuate Collection Set: 0.4ms
[2019-12-15T00:22:21.157-0600][gc,phases     ] GC(126)   Other: 0.3ms
[2019-12-15T00:22:21.157-0600][gc,heap       ] GC(126) Eden regions: 87->0(96)
[2019-12-15T00:22:21.157-0600][gc,heap       ] GC(126) Survivor regions: 3->3(12)
[2019-12-15T00:22:21.157-0600][gc,heap       ] GC(126) Old regions: 17->17
[2019-12-15T00:22:21.157-0600][gc,heap       ] GC(126) Humongous regions: 129->129
[2019-12-15T00:22:21.157-0600][gc,metaspace  ] GC(126) Metaspace: 37604K->37604K(1083392K)
[2019-12-15T00:22:21.157-0600][gc            ] GC(126) Pause Young (Normal) (G1 Evacuation Pause) 235M->148M(1024M) 18.698ms
[2019-12-15T00:22:21.157-0600][gc,cpu        ] GC(126) User=0.02s Sys=0.00s Real=0.02s
