[2019-12-05T10:12:14.373-0600][gc,heap] Heap region size: 1M
[2019-12-05T10:12:14.379-0600][gc     ] Using G1
[2019-12-05T10:12:14.379-0600][gc,heap,coops] Heap address: 0x00000000c0000000, size: 1024 MB, Compressed Oops mode: 32-bit
[2019-12-05T10:12:16.517-0600][gc,start     ] GC(0) Pause Young (Normal) (G1 Evacuation Pause)
[2019-12-05T10:12:16.517-0600][gc,task      ] GC(0) Using 1 workers of 1 for evacuation
[2019-12-05T10:12:16.529-0600][gc,phases    ] GC(0)   Pre Evacuate Collection Set: 0.0ms
[2019-12-05T10:12:16.529-0600][gc,phases    ] GC(0)   Evacuate Collection Set: 11.8ms
[2019-12-05T10:12:16.529-0600][gc,phases    ] GC(0)   Post Evacuate Collection Set: 0.3ms
[2019-12-05T10:12:16.529-0600][gc,phases    ] GC(0)   Other: 0.1ms
[2019-12-05T10:12:16.529-0600][gc,heap      ] GC(0) Eden regions: 51->0(44)
[2019-12-05T10:12:16.529-0600][gc,heap      ] GC(0) Survivor regions: 0->7(7)
[2019-12-05T10:12:16.529-0600][gc,heap      ] GC(0) Old regions: 0->0
[2019-12-05T10:12:16.529-0600][gc,heap      ] GC(0) Humongous regions: 0->0
[2019-12-05T10:12:16.529-0600][gc,metaspace ] GC(0) Metaspace: 17058K->17058K(1064960K)
[2019-12-05T10:12:16.529-0600][gc           ] GC(0) Pause Young (Normal) (G1 Evacuation Pause) 51M->6M(1024M) 12.293ms
[2019-12-05T10:12:16.529-0600][gc,cpu       ] GC(0) User=0.01s Sys=0.01s Real=0.01s
[2019-12-05T10:12:17.029-0600][gc,start     ] GC(1) Pause Young (Concurrent Start) (Metadata GC Threshold)
[2019-12-05T10:12:17.029-0600][gc,task      ] GC(1) Using 1 workers of 1 for evacuation
[2019-12-05T10:12:17.045-0600][gc,phases    ] GC(1)   Pre Evacuate Collection Set: 0.0ms
[2019-12-05T10:12:17.045-0600][gc,phases    ] GC(1)   Evacuate Collection Set: 15.2ms
[2019-12-05T10:12:17.045-0600][gc,phases    ] GC(1)   Post Evacuate Collection Set: 0.3ms
[2019-12-05T10:12:17.045-0600][gc,phases    ] GC(1)   Other: 0.1ms
[2019-12-05T10:12:17.045-0600][gc,heap      ] GC(1) Eden regions: 13->0(50)
[2019-12-05T10:12:17.045-0600][gc,heap      ] GC(1) Survivor regions: 7->1(7)
[2019-12-05T10:12:17.045-0600][gc,heap      ] GC(1) Old regions: 0->7
[2019-12-05T10:12:17.045-0600][gc,heap      ] GC(1) Humongous regions: 0->0
[2019-12-05T10:12:17.045-0600][gc,metaspace ] GC(1) Metaspace: 20476K->20476K(1067008K)
[2019-12-05T10:12:17.045-0600][gc           ] GC(1) Pause Young (Concurrent Start) (Metadata GC Threshold) 19M->7M(1024M) 15.747ms
[2019-12-05T10:12:17.045-0600][gc,cpu       ] GC(1) User=0.02s Sys=0.00s Real=0.02s
[2019-12-05T10:12:17.046-0600][gc           ] GC(2) Concurrent Cycle
[2019-12-05T10:12:17.046-0600][gc,marking   ] GC(2) Concurrent Clear Claimed Marks
[2019-12-05T10:12:17.046-0600][gc,marking   ] GC(2) Concurrent Clear Claimed Marks 0.035ms
[2019-12-05T10:12:17.046-0600][gc,marking   ] GC(2) Concurrent Scan Root Regions
[2019-12-05T10:12:17.046-0600][gc,marking   ] GC(2) Concurrent Scan Root Regions 0.650ms
[2019-12-05T10:12:17.046-0600][gc,marking   ] GC(2) Concurrent Mark (2.676s)
[2019-12-05T10:12:17.046-0600][gc,marking   ] GC(2) Concurrent Mark From Roots
[2019-12-05T10:12:17.046-0600][gc,task      ] GC(2) Using 1 workers of 1 for marking
[2019-12-05T10:12:17.065-0600][gc,marking   ] GC(2) Concurrent Mark From Roots 18.453ms
[2019-12-05T10:12:17.065-0600][gc,marking   ] GC(2) Concurrent Preclean
[2019-12-05T10:12:17.065-0600][gc,marking   ] GC(2) Concurrent Preclean 0.056ms
[2019-12-05T10:12:17.065-0600][gc,marking   ] GC(2) Concurrent Mark (2.676s, 2.695s) 18.539ms
[2019-12-05T10:12:17.065-0600][gc,start     ] GC(2) Pause Remark
[2019-12-05T10:12:17.069-0600][gc,stringtable] GC(2) Cleaned string and symbol table, strings: 8889 processed, 0 removed, symbols: 49551 processed, 52 removed
[2019-12-05T10:12:17.069-0600][gc            ] GC(2) Pause Remark 7M->7M(1024M) 4.131ms
[2019-12-05T10:12:17.069-0600][gc,cpu        ] GC(2) User=0.01s Sys=0.00s Real=0.00s
[2019-12-05T10:12:17.069-0600][gc,marking    ] GC(2) Concurrent Rebuild Remembered Sets
[2019-12-05T10:12:17.099-0600][gc,marking    ] GC(2) Concurrent Rebuild Remembered Sets 30.091ms
[2019-12-05T10:12:17.099-0600][gc,start      ] GC(2) Pause Cleanup
[2019-12-05T10:12:17.100-0600][gc            ] GC(2) Pause Cleanup 8M->8M(1024M) 0.341ms
[2019-12-05T10:12:17.100-0600][gc,cpu        ] GC(2) User=0.00s Sys=0.00s Real=0.00s
[2019-12-05T10:12:17.100-0600][gc,marking    ] GC(2) Concurrent Cleanup for Next Mark
[2019-12-05T10:12:17.125-0600][gc,marking    ] GC(2) Concurrent Cleanup for Next Mark 25.436ms
[2019-12-05T10:12:17.125-0600][gc            ] GC(2) Concurrent Cycle 79.672ms
[2019-12-05T10:12:19.148-0600][gc,start      ] GC(3) Pause Young (Normal) (G1 Evacuation Pause)
[2019-12-05T10:12:19.148-0600][gc,task       ] GC(3) Using 1 workers of 1 for evacuation
[2019-12-05T10:12:19.160-0600][gc,phases     ] GC(3)   Pre Evacuate Collection Set: 0.0ms
[2019-12-05T10:12:19.160-0600][gc,phases     ] GC(3)   Evacuate Collection Set: 11.5ms
[2019-12-05T10:12:19.160-0600][gc,phases     ] GC(3)   Post Evacuate Collection Set: 0.3ms
[2019-12-05T10:12:19.160-0600][gc,phases     ] GC(3)   Other: 0.2ms
[2019-12-05T10:12:19.160-0600][gc,heap       ] GC(3) Eden regions: 50->0(46)
[2019-12-05T10:12:19.160-0600][gc,heap       ] GC(3) Survivor regions: 1->5(7)
[2019-12-05T10:12:19.160-0600][gc,heap       ] GC(3) Old regions: 7->7
[2019-12-05T10:12:19.160-0600][gc,heap       ] GC(3) Humongous regions: 129->129
[2019-12-05T10:12:19.160-0600][gc,metaspace  ] GC(3) Metaspace: 29257K->29257K(1075200K)
[2019-12-05T10:12:19.160-0600][gc            ] GC(3) Pause Young (Normal) (G1 Evacuation Pause) 186M->140M(1024M) 12.066ms
[2019-12-05T10:12:19.160-0600][gc,cpu        ] GC(3) User=0.01s Sys=0.00s Real=0.01s
[2019-12-05T10:14:48.395-0600][gc,start      ] GC(4) Pause Young (Concurrent Start) (Metadata GC Threshold)
[2019-12-05T10:14:48.395-0600][gc,task       ] GC(4) Using 1 workers of 1 for evacuation
[2019-12-05T10:14:48.425-0600][gc,mmu        ] GC(4) MMU target violated: 21.0ms (20.0ms/21.0ms)
[2019-12-05T10:14:48.425-0600][gc,phases     ] GC(4)   Pre Evacuate Collection Set: 0.1ms
[2019-12-05T10:14:48.425-0600][gc,phases     ] GC(4)   Evacuate Collection Set: 28.9ms
[2019-12-05T10:14:48.425-0600][gc,phases     ] GC(4)   Post Evacuate Collection Set: 0.4ms
[2019-12-05T10:14:48.425-0600][gc,phases     ] GC(4)   Other: 0.2ms
[2019-12-05T10:14:48.425-0600][gc,heap       ] GC(4) Eden regions: 39->0(49)
[2019-12-05T10:14:48.425-0600][gc,heap       ] GC(4) Survivor regions: 5->2(7)
[2019-12-05T10:14:48.425-0600][gc,heap       ] GC(4) Old regions: 7->11
[2019-12-05T10:14:48.425-0600][gc,heap       ] GC(4) Humongous regions: 135->129
[2019-12-05T10:14:48.425-0600][gc,metaspace  ] GC(4) Metaspace: 33798K->33798K(1079296K)
[2019-12-05T10:14:48.425-0600][gc            ] GC(4) Pause Young (Concurrent Start) (Metadata GC Threshold) 184M->141M(1024M) 29.694ms
[2019-12-05T10:14:48.425-0600][gc,cpu        ] GC(4) User=0.01s Sys=0.00s Real=0.03s
[2019-12-05T10:14:48.425-0600][gc            ] GC(5) Concurrent Cycle
[2019-12-05T10:14:48.425-0600][gc,marking    ] GC(5) Concurrent Clear Claimed Marks
[2019-12-05T10:14:48.425-0600][gc,marking    ] GC(5) Concurrent Clear Claimed Marks 0.107ms
[2019-12-05T10:14:48.425-0600][gc,marking    ] GC(5) Concurrent Scan Root Regions
[2019-12-05T10:14:48.440-0600][gc,marking    ] GC(5) Concurrent Scan Root Regions 15.015ms
[2019-12-05T10:14:48.440-0600][gc,marking    ] GC(5) Concurrent Mark (154.070s)
[2019-12-05T10:14:48.440-0600][gc,marking    ] GC(5) Concurrent Mark From Roots
[2019-12-05T10:14:48.440-0600][gc,task       ] GC(5) Using 1 workers of 1 for marking
[2019-12-05T10:14:48.470-0600][gc,marking    ] GC(5) Concurrent Mark From Roots 29.894ms
[2019-12-05T10:14:48.470-0600][gc,marking    ] GC(5) Concurrent Preclean
[2019-12-05T10:14:48.470-0600][gc,marking    ] GC(5) Concurrent Preclean 0.053ms
[2019-12-05T10:14:48.470-0600][gc,marking    ] GC(5) Concurrent Mark (154.070s, 154.100s) 29.992ms
[2019-12-05T10:14:48.470-0600][gc,start      ] GC(5) Pause Remark
[2019-12-05T10:14:48.478-0600][gc,stringtable] GC(5) Cleaned string and symbol table, strings: 12898 processed, 9 removed, symbols: 72464 processed, 14 removed
[2019-12-05T10:14:48.478-0600][gc            ] GC(5) Pause Remark 142M->142M(1024M) 7.630ms
[2019-12-05T10:14:48.478-0600][gc,cpu        ] GC(5) User=0.01s Sys=0.00s Real=0.01s
[2019-12-05T10:14:48.478-0600][gc,marking    ] GC(5) Concurrent Rebuild Remembered Sets
[2019-12-05T10:14:48.489-0600][gc,marking    ] GC(5) Concurrent Rebuild Remembered Sets 11.156ms
[2019-12-05T10:14:48.489-0600][gc,start      ] GC(5) Pause Cleanup
[2019-12-05T10:14:48.490-0600][gc            ] GC(5) Pause Cleanup 142M->142M(1024M) 0.237ms
[2019-12-05T10:14:48.490-0600][gc,cpu        ] GC(5) User=0.00s Sys=0.00s Real=0.00s
[2019-12-05T10:14:48.490-0600][gc,marking    ] GC(5) Concurrent Cleanup for Next Mark
[2019-12-05T10:14:48.501-0600][gc,marking    ] GC(5) Concurrent Cleanup for Next Mark 11.557ms
[2019-12-05T10:14:48.501-0600][gc            ] GC(5) Concurrent Cycle 76.191ms
[2019-12-05T10:21:27.074-0600][gc,start      ] GC(6) Pause Young (Normal) (G1 Evacuation Pause)
[2019-12-05T10:21:27.074-0600][gc,task       ] GC(6) Using 1 workers of 1 for evacuation
[2019-12-05T10:21:27.089-0600][gc,phases     ] GC(6)   Pre Evacuate Collection Set: 0.1ms
[2019-12-05T10:21:27.089-0600][gc,phases     ] GC(6)   Evacuate Collection Set: 14.4ms
[2019-12-05T10:21:27.089-0600][gc,phases     ] GC(6)   Post Evacuate Collection Set: 0.4ms
[2019-12-05T10:21:27.089-0600][gc,phases     ] GC(6)   Other: 0.4ms
[2019-12-05T10:21:27.089-0600][gc,heap       ] GC(6) Eden regions: 49->0(47)
[2019-12-05T10:21:27.089-0600][gc,heap       ] GC(6) Survivor regions: 2->4(7)
[2019-12-05T10:21:27.089-0600][gc,heap       ] GC(6) Old regions: 11->11
[2019-12-05T10:21:27.089-0600][gc,heap       ] GC(6) Humongous regions: 129->129
[2019-12-05T10:21:27.089-0600][gc,metaspace  ] GC(6) Metaspace: 36231K->36231K(1081344K)
[2019-12-05T10:21:27.089-0600][gc            ] GC(6) Pause Young (Normal) (G1 Evacuation Pause) 190M->143M(1024M) 15.244ms
[2019-12-05T10:21:27.089-0600][gc,cpu        ] GC(6) User=0.01s Sys=0.00s Real=0.01s
[2019-12-05T10:29:03.665-0600][gc,start      ] GC(7) Pause Young (Normal) (G1 Evacuation Pause)
[2019-12-05T10:29:03.665-0600][gc,task       ] GC(7) Using 1 workers of 1 for evacuation
[2019-12-05T10:29:03.703-0600][gc,mmu        ] GC(7) MMU target violated: 21.0ms (20.0ms/21.0ms)
[2019-12-05T10:29:03.703-0600][gc,phases     ] GC(7)   Pre Evacuate Collection Set: 0.1ms
[2019-12-05T10:29:03.703-0600][gc,phases     ] GC(7)   Evacuate Collection Set: 37.1ms
[2019-12-05T10:29:03.703-0600][gc,phases     ] GC(7)   Post Evacuate Collection Set: 0.5ms
[2019-12-05T10:29:03.703-0600][gc,phases     ] GC(7)   Other: 0.4ms
[2019-12-05T10:29:03.703-0600][gc,heap       ] GC(7) Eden regions: 47->0(48)
[2019-12-05T10:29:03.703-0600][gc,heap       ] GC(7) Survivor regions: 4->3(7)
[2019-12-05T10:29:03.703-0600][gc,heap       ] GC(7) Old regions: 11->13
[2019-12-05T10:29:03.703-0600][gc,heap       ] GC(7) Humongous regions: 129->129
[2019-12-05T10:29:03.703-0600][gc,metaspace  ] GC(7) Metaspace: 36414K->36414K(1081344K)
[2019-12-05T10:29:03.703-0600][gc            ] GC(7) Pause Young (Normal) (G1 Evacuation Pause) 190M->143M(1024M) 38.094ms
[2019-12-05T10:29:03.703-0600][gc,cpu        ] GC(7) User=0.04s Sys=0.00s Real=0.04s
[2019-12-05T10:37:25.173-0600][gc,start      ] GC(8) Pause Young (Normal) (G1 Evacuation Pause)
[2019-12-05T10:37:25.173-0600][gc,task       ] GC(8) Using 1 workers of 1 for evacuation
[2019-12-05T10:37:25.186-0600][gc,phases     ] GC(8)   Pre Evacuate Collection Set: 0.1ms
[2019-12-05T10:37:25.186-0600][gc,phases     ] GC(8)   Evacuate Collection Set: 12.0ms
[2019-12-05T10:37:25.186-0600][gc,phases     ] GC(8)   Post Evacuate Collection Set: 0.3ms
[2019-12-05T10:37:25.186-0600][gc,phases     ] GC(8)   Other: 0.4ms
[2019-12-05T10:37:25.186-0600][gc,heap       ] GC(8) Eden regions: 48->0(48)
[2019-12-05T10:37:25.186-0600][gc,heap       ] GC(8) Survivor regions: 3->3(7)
[2019-12-05T10:37:25.186-0600][gc,heap       ] GC(8) Old regions: 13->13
[2019-12-05T10:37:25.186-0600][gc,heap       ] GC(8) Humongous regions: 129->129
[2019-12-05T10:37:25.186-0600][gc,metaspace  ] GC(8) Metaspace: 36468K->36468K(1081344K)
[2019-12-05T10:37:25.186-0600][gc            ] GC(8) Pause Young (Normal) (G1 Evacuation Pause) 191M->143M(1024M) 12.991ms
[2019-12-05T10:37:25.186-0600][gc,cpu        ] GC(8) User=0.01s Sys=0.00s Real=0.01s
[2019-12-05T10:47:54.723-0600][gc,start      ] GC(9) Pause Young (Normal) (G1 Evacuation Pause)
[2019-12-05T10:47:54.723-0600][gc,task       ] GC(9) Using 1 workers of 1 for evacuation
[2019-12-05T10:47:54.736-0600][gc,phases     ] GC(9)   Pre Evacuate Collection Set: 0.0ms
[2019-12-05T10:47:54.736-0600][gc,phases     ] GC(9)   Evacuate Collection Set: 12.4ms
[2019-12-05T10:47:54.736-0600][gc,phases     ] GC(9)   Post Evacuate Collection Set: 0.3ms
[2019-12-05T10:47:54.736-0600][gc,phases     ] GC(9)   Other: 0.1ms
[2019-12-05T10:47:54.736-0600][gc,heap       ] GC(9) Eden regions: 48->0(47)
[2019-12-05T10:47:54.736-0600][gc,heap       ] GC(9) Survivor regions: 3->4(7)
[2019-12-05T10:47:54.736-0600][gc,heap       ] GC(9) Old regions: 13->13
[2019-12-05T10:47:54.736-0600][gc,heap       ] GC(9) Humongous regions: 129->129
[2019-12-05T10:47:54.736-0600][gc,metaspace  ] GC(9) Metaspace: 36506K->36506K(1081344K)
[2019-12-05T10:47:54.736-0600][gc            ] GC(9) Pause Young (Normal) (G1 Evacuation Pause) 191M->144M(1024M) 12.903ms
[2019-12-05T10:47:54.736-0600][gc,cpu        ] GC(9) User=0.01s Sys=0.00s Real=0.01s
[2019-12-05T11:09:15.173-0600][gc,start      ] GC(10) Pause Young (Normal) (G1 Evacuation Pause)
[2019-12-05T11:09:15.173-0600][gc,task       ] GC(10) Using 1 workers of 1 for evacuation
[2019-12-05T11:09:15.191-0600][gc,phases     ] GC(10)   Pre Evacuate Collection Set: 0.0ms
[2019-12-05T11:09:15.192-0600][gc,phases     ] GC(10)   Evacuate Collection Set: 17.9ms
[2019-12-05T11:09:15.192-0600][gc,phases     ] GC(10)   Post Evacuate Collection Set: 0.4ms
[2019-12-05T11:09:15.192-0600][gc,phases     ] GC(10)   Other: 0.2ms
[2019-12-05T11:09:15.192-0600][gc,heap       ] GC(10) Eden regions: 47->0(47)
[2019-12-05T11:09:15.192-0600][gc,heap       ] GC(10) Survivor regions: 4->4(7)
[2019-12-05T11:09:15.192-0600][gc,heap       ] GC(10) Old regions: 13->13
[2019-12-05T11:09:15.192-0600][gc,heap       ] GC(10) Humongous regions: 129->129
[2019-12-05T11:09:15.192-0600][gc,metaspace  ] GC(10) Metaspace: 36570K->36570K(1081344K)
[2019-12-05T11:09:15.192-0600][gc            ] GC(10) Pause Young (Normal) (G1 Evacuation Pause) 191M->145M(1024M) 18.946ms
[2019-12-05T11:09:15.192-0600][gc,cpu        ] GC(10) User=0.02s Sys=0.00s Real=0.02s
[2019-12-05T11:30:34.699-0600][gc,start      ] GC(11) Pause Young (Normal) (G1 Evacuation Pause)
[2019-12-05T11:30:34.699-0600][gc,task       ] GC(11) Using 1 workers of 1 for evacuation
[2019-12-05T11:30:34.712-0600][gc,phases     ] GC(11)   Pre Evacuate Collection Set: 0.1ms
[2019-12-05T11:30:34.712-0600][gc,phases     ] GC(11)   Evacuate Collection Set: 13.2ms
[2019-12-05T11:30:34.712-0600][gc,phases     ] GC(11)   Post Evacuate Collection Set: 0.2ms
[2019-12-05T11:30:34.713-0600][gc,phases     ] GC(11)   Other: 0.5ms
[2019-12-05T11:30:34.713-0600][gc,heap       ] GC(11) Eden regions: 47->0(48)
[2019-12-05T11:30:34.713-0600][gc,heap       ] GC(11) Survivor regions: 4->3(7)
[2019-12-05T11:30:34.713-0600][gc,heap       ] GC(11) Old regions: 13->14
[2019-12-05T11:30:34.713-0600][gc,heap       ] GC(11) Humongous regions: 129->129
[2019-12-05T11:30:34.713-0600][gc,metaspace  ] GC(11) Metaspace: 36645K->36645K(1081344K)
[2019-12-05T11:30:34.713-0600][gc            ] GC(11) Pause Young (Normal) (G1 Evacuation Pause) 192M->145M(1024M) 14.052ms
[2019-12-05T11:30:34.713-0600][gc,cpu        ] GC(11) User=0.01s Sys=0.00s Real=0.02s
[2019-12-05T11:52:19.950-0600][gc,start      ] GC(12) Pause Young (Normal) (G1 Evacuation Pause)
[2019-12-05T11:52:19.950-0600][gc,task       ] GC(12) Using 1 workers of 1 for evacuation
[2019-12-05T11:52:19.961-0600][gc,phases     ] GC(12)   Pre Evacuate Collection Set: 0.1ms
[2019-12-05T11:52:19.961-0600][gc,phases     ] GC(12)   Evacuate Collection Set: 10.1ms
[2019-12-05T11:52:19.961-0600][gc,phases     ] GC(12)   Post Evacuate Collection Set: 0.2ms
[2019-12-05T11:52:19.961-0600][gc,phases     ] GC(12)   Other: 0.5ms
[2019-12-05T11:52:19.961-0600][gc,heap       ] GC(12) Eden regions: 48->0(48)
[2019-12-05T11:52:19.961-0600][gc,heap       ] GC(12) Survivor regions: 3->3(7)
[2019-12-05T11:52:19.961-0600][gc,heap       ] GC(12) Old regions: 14->14
[2019-12-05T11:52:19.961-0600][gc,heap       ] GC(12) Humongous regions: 129->129
[2019-12-05T11:52:19.961-0600][gc,metaspace  ] GC(12) Metaspace: 36667K->36667K(1081344K)
[2019-12-05T11:52:19.961-0600][gc            ] GC(12) Pause Young (Normal) (G1 Evacuation Pause) 193M->145M(1024M) 10.872ms
[2019-12-05T11:52:19.961-0600][gc,cpu        ] GC(12) User=0.01s Sys=0.00s Real=0.01s
[2019-12-05T12:14:04.444-0600][gc,start      ] GC(13) Pause Young (Normal) (G1 Evacuation Pause)
[2019-12-05T12:14:04.444-0600][gc,task       ] GC(13) Using 1 workers of 1 for evacuation
[2019-12-05T12:14:04.454-0600][gc,phases     ] GC(13)   Pre Evacuate Collection Set: 0.1ms
[2019-12-05T12:14:04.454-0600][gc,phases     ] GC(13)   Evacuate Collection Set: 9.7ms
[2019-12-05T12:14:04.454-0600][gc,phases     ] GC(13)   Post Evacuate Collection Set: 0.2ms
[2019-12-05T12:14:04.454-0600][gc,phases     ] GC(13)   Other: 0.5ms
[2019-12-05T12:14:04.454-0600][gc,heap       ] GC(13) Eden regions: 48->0(48)
[2019-12-05T12:14:04.454-0600][gc,heap       ] GC(13) Survivor regions: 3->3(7)
[2019-12-05T12:14:04.454-0600][gc,heap       ] GC(13) Old regions: 14->14
[2019-12-05T12:14:04.454-0600][gc,heap       ] GC(13) Humongous regions: 129->129
[2019-12-05T12:14:04.454-0600][gc,metaspace  ] GC(13) Metaspace: 36698K->36698K(1083392K)
[2019-12-05T12:14:04.454-0600][gc            ] GC(13) Pause Young (Normal) (G1 Evacuation Pause) 193M->145M(1024M) 10.563ms
[2019-12-05T12:14:04.454-0600][gc,cpu        ] GC(13) User=0.01s Sys=0.00s Real=0.01s
[2019-12-05T12:35:50.174-0600][gc,start      ] GC(14) Pause Young (Normal) (G1 Evacuation Pause)
[2019-12-05T12:35:50.174-0600][gc,task       ] GC(14) Using 1 workers of 1 for evacuation
[2019-12-05T12:35:50.184-0600][gc,phases     ] GC(14)   Pre Evacuate Collection Set: 0.1ms
[2019-12-05T12:35:50.184-0600][gc,phases     ] GC(14)   Evacuate Collection Set: 9.8ms
[2019-12-05T12:35:50.184-0600][gc,phases     ] GC(14)   Post Evacuate Collection Set: 0.2ms
[2019-12-05T12:35:50.184-0600][gc,phases     ] GC(14)   Other: 0.4ms
[2019-12-05T12:35:50.184-0600][gc,heap       ] GC(14) Eden regions: 48->0(48)
[2019-12-05T12:35:50.184-0600][gc,heap       ] GC(14) Survivor regions: 3->3(7)
[2019-12-05T12:35:50.184-0600][gc,heap       ] GC(14) Old regions: 14->14
[2019-12-05T12:35:50.184-0600][gc,heap       ] GC(14) Humongous regions: 129->129
[2019-12-05T12:35:50.184-0600][gc,metaspace  ] GC(14) Metaspace: 36722K->36722K(1083392K)
[2019-12-05T12:35:50.184-0600][gc            ] GC(14) Pause Young (Normal) (G1 Evacuation Pause) 193M->145M(1024M) 10.473ms
[2019-12-05T12:35:50.184-0600][gc,cpu        ] GC(14) User=0.01s Sys=0.00s Real=0.01s
[2019-12-05T12:57:45.173-0600][gc,start      ] GC(15) Pause Young (Normal) (G1 Evacuation Pause)
[2019-12-05T12:57:45.174-0600][gc,task       ] GC(15) Using 1 workers of 1 for evacuation
[2019-12-05T12:57:45.184-0600][gc,phases     ] GC(15)   Pre Evacuate Collection Set: 0.1ms
[2019-12-05T12:57:45.185-0600][gc,phases     ] GC(15)   Evacuate Collection Set: 10.2ms
[2019-12-05T12:57:45.185-0600][gc,phases     ] GC(15)   Post Evacuate Collection Set: 0.2ms
[2019-12-05T12:57:45.185-0600][gc,phases     ] GC(15)   Other: 0.6ms
[2019-12-05T12:57:45.185-0600][gc,heap       ] GC(15) Eden regions: 48->0(48)
[2019-12-05T12:57:45.185-0600][gc,heap       ] GC(15) Survivor regions: 3->3(7)
[2019-12-05T12:57:45.185-0600][gc,heap       ] GC(15) Old regions: 14->14
[2019-12-05T12:57:45.185-0600][gc,heap       ] GC(15) Humongous regions: 129->129
[2019-12-05T12:57:45.185-0600][gc,metaspace  ] GC(15) Metaspace: 36725K->36725K(1083392K)
[2019-12-05T12:57:45.185-0600][gc            ] GC(15) Pause Young (Normal) (G1 Evacuation Pause) 193M->145M(1024M) 11.366ms
[2019-12-05T12:57:45.185-0600][gc,cpu        ] GC(15) User=0.01s Sys=0.00s Real=0.01s
[2019-12-05T13:19:34.663-0600][gc,start      ] GC(16) Pause Young (Normal) (G1 Evacuation Pause)
[2019-12-05T13:19:34.663-0600][gc,task       ] GC(16) Using 1 workers of 1 for evacuation
[2019-12-05T13:19:34.674-0600][gc,phases     ] GC(16)   Pre Evacuate Collection Set: 0.1ms
[2019-12-05T13:19:34.674-0600][gc,phases     ] GC(16)   Evacuate Collection Set: 10.6ms
[2019-12-05T13:19:34.674-0600][gc,phases     ] GC(16)   Post Evacuate Collection Set: 0.2ms
[2019-12-05T13:19:34.674-0600][gc,phases     ] GC(16)   Other: 0.5ms
[2019-12-05T13:19:34.674-0600][gc,heap       ] GC(16) Eden regions: 48->0(48)
[2019-12-05T13:19:34.674-0600][gc,heap       ] GC(16) Survivor regions: 3->3(7)
[2019-12-05T13:19:34.674-0600][gc,heap       ] GC(16) Old regions: 14->14
[2019-12-05T13:19:34.674-0600][gc,heap       ] GC(16) Humongous regions: 129->129
[2019-12-05T13:19:34.674-0600][gc,metaspace  ] GC(16) Metaspace: 36763K->36763K(1083392K)
[2019-12-05T13:19:34.674-0600][gc            ] GC(16) Pause Young (Normal) (G1 Evacuation Pause) 193M->145M(1024M) 11.375ms
[2019-12-05T13:19:34.674-0600][gc,cpu        ] GC(16) User=0.01s Sys=0.00s Real=0.02s
[2019-12-06T10:45:40.267-0600][gc,start      ] GC(17) Pause Young (Normal) (G1 Evacuation Pause)
[2019-12-06T10:45:40.267-0600][gc,task       ] GC(17) Using 1 workers of 1 for evacuation
[2019-12-06T10:45:40.274-0600][gc,phases     ] GC(17)   Pre Evacuate Collection Set: 0.0ms
[2019-12-06T10:45:40.274-0600][gc,phases     ] GC(17)   Evacuate Collection Set: 7.2ms
[2019-12-06T10:45:40.274-0600][gc,phases     ] GC(17)   Post Evacuate Collection Set: 0.2ms
[2019-12-06T10:45:40.274-0600][gc,phases     ] GC(17)   Other: 0.1ms
[2019-12-06T10:45:40.274-0600][gc,heap       ] GC(17) Eden regions: 48->0(48)
[2019-12-06T10:45:40.274-0600][gc,heap       ] GC(17) Survivor regions: 3->3(7)
[2019-12-06T10:45:40.274-0600][gc,heap       ] GC(17) Old regions: 14->14
[2019-12-06T10:45:40.274-0600][gc,heap       ] GC(17) Humongous regions: 129->129
[2019-12-06T10:45:40.274-0600][gc,metaspace  ] GC(17) Metaspace: 36773K->36773K(1083392K)
[2019-12-06T10:45:40.274-0600][gc            ] GC(17) Pause Young (Normal) (G1 Evacuation Pause) 193M->145M(1024M) 7.625ms
[2019-12-06T10:45:40.274-0600][gc,cpu        ] GC(17) User=0.01s Sys=0.00s Real=0.01s
