[2019-12-04T21:23:38.328-0600][gc,heap] Heap region size: 1M
[2019-12-04T21:23:38.344-0600][gc     ] Using G1
[2019-12-04T21:23:38.344-0600][gc,heap,coops] Heap address: 0x00000000c0000000, size: 1024 MB, Compressed Oops mode: 32-bit
[2019-12-04T21:23:42.697-0600][gc,start     ] GC(0) Pause Young (Normal) (G1 Evacuation Pause)
[2019-12-04T21:23:42.697-0600][gc,task      ] GC(0) Using 1 workers of 1 for evacuation
[2019-12-04T21:23:42.766-0600][gc,mmu       ] GC(0) MMU target violated: 21.0ms (20.0ms/21.0ms)
[2019-12-04T21:23:42.766-0600][gc,phases    ] GC(0)   Pre Evacuate Collection Set: 0.0ms
[2019-12-04T21:23:42.766-0600][gc,phases    ] GC(0)   Evacuate Collection Set: 62.1ms
[2019-12-04T21:23:42.766-0600][gc,phases    ] GC(0)   Post Evacuate Collection Set: 6.9ms
[2019-12-04T21:23:42.766-0600][gc,phases    ] GC(0)   Other: 0.1ms
[2019-12-04T21:23:42.766-0600][gc,heap      ] GC(0) Eden regions: 51->0(44)
[2019-12-04T21:23:42.766-0600][gc,heap      ] GC(0) Survivor regions: 0->7(7)
[2019-12-04T21:23:42.766-0600][gc,heap      ] GC(0) Old regions: 0->0
[2019-12-04T21:23:42.766-0600][gc,heap      ] GC(0) Humongous regions: 0->0
[2019-12-04T21:23:42.766-0600][gc,metaspace ] GC(0) Metaspace: 17057K->17057K(1064960K)
[2019-12-04T21:23:42.766-0600][gc           ] GC(0) Pause Young (Normal) (G1 Evacuation Pause) 51M->6M(1024M) 69.196ms
[2019-12-04T21:23:42.766-0600][gc,cpu       ] GC(0) User=0.01s Sys=0.01s Real=0.06s
[2019-12-04T21:23:44.406-0600][gc,start     ] GC(1) Pause Young (Concurrent Start) (Metadata GC Threshold)
[2019-12-04T21:23:44.406-0600][gc,task      ] GC(1) Using 1 workers of 1 for evacuation
[2019-12-04T21:23:44.440-0600][gc,mmu       ] GC(1) MMU target violated: 21.0ms (20.0ms/21.0ms)
[2019-12-04T21:23:44.440-0600][gc,phases    ] GC(1)   Pre Evacuate Collection Set: 0.0ms
[2019-12-04T21:23:44.440-0600][gc,phases    ] GC(1)   Evacuate Collection Set: 33.7ms
[2019-12-04T21:23:44.440-0600][gc,phases    ] GC(1)   Post Evacuate Collection Set: 0.2ms
[2019-12-04T21:23:44.440-0600][gc,phases    ] GC(1)   Other: 0.2ms
[2019-12-04T21:23:44.440-0600][gc,heap      ] GC(1) Eden regions: 15->0(49)
[2019-12-04T21:23:44.440-0600][gc,heap      ] GC(1) Survivor regions: 7->2(7)
[2019-12-04T21:23:44.440-0600][gc,heap      ] GC(1) Old regions: 0->7
[2019-12-04T21:23:44.440-0600][gc,heap      ] GC(1) Humongous regions: 129->129
[2019-12-04T21:23:44.440-0600][gc,metaspace ] GC(1) Metaspace: 20492K->20492K(1067008K)
[2019-12-04T21:23:44.440-0600][gc           ] GC(1) Pause Young (Concurrent Start) (Metadata GC Threshold) 149M->136M(1024M) 34.221ms
[2019-12-04T21:23:44.440-0600][gc,cpu       ] GC(1) User=0.01s Sys=0.00s Real=0.04s
[2019-12-04T21:23:44.440-0600][gc           ] GC(2) Concurrent Cycle
[2019-12-04T21:23:44.440-0600][gc,marking   ] GC(2) Concurrent Clear Claimed Marks
[2019-12-04T21:23:44.440-0600][gc,marking   ] GC(2) Concurrent Clear Claimed Marks 0.031ms
[2019-12-04T21:23:44.440-0600][gc,marking   ] GC(2) Concurrent Scan Root Regions
[2019-12-04T21:23:44.441-0600][gc,marking   ] GC(2) Concurrent Scan Root Regions 0.652ms
[2019-12-04T21:23:44.441-0600][gc,marking   ] GC(2) Concurrent Mark (6.117s)
[2019-12-04T21:23:44.441-0600][gc,marking   ] GC(2) Concurrent Mark From Roots
[2019-12-04T21:23:44.441-0600][gc,task      ] GC(2) Using 1 workers of 1 for marking
[2019-12-04T21:23:44.503-0600][gc,marking   ] GC(2) Concurrent Mark From Roots 61.573ms
[2019-12-04T21:23:44.503-0600][gc,marking   ] GC(2) Concurrent Preclean
[2019-12-04T21:23:44.503-0600][gc,marking   ] GC(2) Concurrent Preclean 0.073ms
[2019-12-04T21:23:44.503-0600][gc,marking   ] GC(2) Concurrent Mark (6.117s, 6.178s) 61.674ms
[2019-12-04T21:23:44.503-0600][gc,start     ] GC(2) Pause Remark
[2019-12-04T21:23:44.506-0600][gc,stringtable] GC(2) Cleaned string and symbol table, strings: 8962 processed, 0 removed, symbols: 50243 processed, 44 removed
[2019-12-04T21:23:44.509-0600][gc            ] GC(2) Pause Remark 138M->138M(1024M) 5.771ms
[2019-12-04T21:23:44.509-0600][gc,cpu        ] GC(2) User=0.00s Sys=0.00s Real=0.00s
[2019-12-04T21:23:44.509-0600][gc,marking    ] GC(2) Concurrent Rebuild Remembered Sets
[2019-12-04T21:23:44.530-0600][gc,marking    ] GC(2) Concurrent Rebuild Remembered Sets 21.757ms
[2019-12-04T21:23:44.539-0600][gc,start      ] GC(2) Pause Cleanup
[2019-12-04T21:23:44.540-0600][gc            ] GC(2) Pause Cleanup 139M->139M(1024M) 0.295ms
[2019-12-04T21:23:44.540-0600][gc,cpu        ] GC(2) User=0.00s Sys=0.00s Real=0.00s
[2019-12-04T21:23:44.540-0600][gc,marking    ] GC(2) Concurrent Cleanup for Next Mark
[2019-12-04T21:23:44.549-0600][gc,marking    ] GC(2) Concurrent Cleanup for Next Mark 8.754ms
[2019-12-04T21:23:44.549-0600][gc            ] GC(2) Concurrent Cycle 108.374ms
[2019-12-04T21:24:20.929-0600][gc,start      ] GC(3) Pause Young (Concurrent Start) (G1 Evacuation Pause)
[2019-12-04T21:24:20.929-0600][gc,task       ] GC(3) Using 1 workers of 1 for evacuation
[2019-12-04T21:24:20.994-0600][gc,mmu        ] GC(3) MMU target violated: 21.0ms (20.0ms/21.0ms)
[2019-12-04T21:24:20.994-0600][gc,phases     ] GC(3)   Pre Evacuate Collection Set: 0.1ms
[2019-12-04T21:24:20.994-0600][gc,phases     ] GC(3)   Evacuate Collection Set: 60.0ms
[2019-12-04T21:24:20.994-0600][gc,phases     ] GC(3)   Post Evacuate Collection Set: 4.5ms
[2019-12-04T21:24:20.994-0600][gc,phases     ] GC(3)   Other: 0.2ms
[2019-12-04T21:24:20.994-0600][gc,heap       ] GC(3) Eden regions: 49->0(46)
[2019-12-04T21:24:20.994-0600][gc,heap       ] GC(3) Survivor regions: 2->5(7)
[2019-12-04T21:24:20.994-0600][gc,heap       ] GC(3) Old regions: 7->7
[2019-12-04T21:24:20.994-0600][gc,heap       ] GC(3) Humongous regions: 129->129
[2019-12-04T21:24:20.994-0600][gc,metaspace  ] GC(3) Metaspace: 30371K->30371K(1077248K)
[2019-12-04T21:24:20.994-0600][gc            ] GC(3) Pause Young (Concurrent Start) (G1 Evacuation Pause) 185M->140M(1024M) 64.875ms
[2019-12-04T21:24:20.994-0600][gc,cpu        ] GC(3) User=0.02s Sys=0.00s Real=0.06s
[2019-12-04T21:24:20.994-0600][gc            ] GC(4) Concurrent Cycle
[2019-12-04T21:24:20.994-0600][gc,marking    ] GC(4) Concurrent Clear Claimed Marks
[2019-12-04T21:24:20.994-0600][gc,marking    ] GC(4) Concurrent Clear Claimed Marks 0.074ms
[2019-12-04T21:24:20.994-0600][gc,marking    ] GC(4) Concurrent Scan Root Regions
[2019-12-04T21:24:21.017-0600][gc,marking    ] GC(4) Concurrent Scan Root Regions 22.715ms
[2019-12-04T21:24:21.017-0600][gc,marking    ] GC(4) Concurrent Mark (42.693s)
[2019-12-04T21:24:21.017-0600][gc,marking    ] GC(4) Concurrent Mark From Roots
[2019-12-04T21:24:21.017-0600][gc,task       ] GC(4) Using 1 workers of 1 for marking
[2019-12-04T21:24:21.027-0600][gc,marking    ] GC(4) Concurrent Mark From Roots 10.177ms
[2019-12-04T21:24:21.027-0600][gc,marking    ] GC(4) Concurrent Preclean
[2019-12-04T21:24:21.027-0600][gc,marking    ] GC(4) Concurrent Preclean 0.046ms
[2019-12-04T21:24:21.027-0600][gc,marking    ] GC(4) Concurrent Mark (42.693s, 42.703s) 10.252ms
[2019-12-04T21:24:21.027-0600][gc,start      ] GC(4) Pause Remark
[2019-12-04T21:24:21.033-0600][gc,stringtable] GC(4) Cleaned string and symbol table, strings: 13748 processed, 9 removed, symbols: 72610 processed, 23 removed
[2019-12-04T21:24:21.033-0600][gc            ] GC(4) Pause Remark 140M->140M(1024M) 5.181ms
[2019-12-04T21:24:21.033-0600][gc,cpu        ] GC(4) User=0.00s Sys=0.00s Real=0.01s
[2019-12-04T21:24:21.033-0600][gc,marking    ] GC(4) Concurrent Rebuild Remembered Sets
[2019-12-04T21:24:21.038-0600][gc,marking    ] GC(4) Concurrent Rebuild Remembered Sets 5.272ms
[2019-12-04T21:24:21.038-0600][gc,start      ] GC(4) Pause Cleanup
[2019-12-04T21:24:21.038-0600][gc            ] GC(4) Pause Cleanup 140M->140M(1024M) 0.215ms
[2019-12-04T21:24:21.038-0600][gc,cpu        ] GC(4) User=0.00s Sys=0.00s Real=0.00s
[2019-12-04T21:24:21.038-0600][gc,marking    ] GC(4) Concurrent Cleanup for Next Mark
[2019-12-04T21:24:21.043-0600][gc,marking    ] GC(4) Concurrent Cleanup for Next Mark 4.326ms
[2019-12-04T21:24:21.043-0600][gc            ] GC(4) Concurrent Cycle 48.425ms
[2019-12-04T21:46:04.272-0600][gc,start      ] GC(5) Pause Young (Normal) (G1 Evacuation Pause)
[2019-12-04T21:46:04.272-0600][gc,task       ] GC(5) Using 1 workers of 1 for evacuation
[2019-12-04T21:46:04.306-0600][gc,mmu        ] GC(5) MMU target violated: 21.0ms (20.0ms/21.0ms)
[2019-12-04T21:46:04.306-0600][gc,phases     ] GC(5)   Pre Evacuate Collection Set: 0.1ms
[2019-12-04T21:46:04.306-0600][gc,phases     ] GC(5)   Evacuate Collection Set: 33.5ms
[2019-12-04T21:46:04.306-0600][gc,phases     ] GC(5)   Post Evacuate Collection Set: 0.3ms
[2019-12-04T21:46:04.306-0600][gc,phases     ] GC(5)   Other: 0.5ms
[2019-12-04T21:46:04.306-0600][gc,heap       ] GC(5) Eden regions: 46->0(50)
[2019-12-04T21:46:04.306-0600][gc,heap       ] GC(5) Survivor regions: 5->1(7)
[2019-12-04T21:46:04.306-0600][gc,heap       ] GC(5) Old regions: 7->12
[2019-12-04T21:46:04.306-0600][gc,heap       ] GC(5) Humongous regions: 129->129
[2019-12-04T21:46:04.306-0600][gc,metaspace  ] GC(5) Metaspace: 32001K->32001K(1077248K)
[2019-12-04T21:46:04.306-0600][gc            ] GC(5) Pause Young (Normal) (G1 Evacuation Pause) 186M->140M(1024M) 34.473ms
[2019-12-04T21:46:04.306-0600][gc,cpu        ] GC(5) User=0.03s Sys=0.00s Real=0.03s
[2019-12-04T22:04:27.697-0600][gc,start      ] GC(6) Pause Young (Normal) (G1 Evacuation Pause)
[2019-12-04T22:04:27.697-0600][gc,task       ] GC(6) Using 1 workers of 1 for evacuation
[2019-12-04T22:04:27.716-0600][gc,phases     ] GC(6)   Pre Evacuate Collection Set: 0.0ms
[2019-12-04T22:04:27.716-0600][gc,phases     ] GC(6)   Evacuate Collection Set: 18.8ms
[2019-12-04T22:04:27.716-0600][gc,phases     ] GC(6)   Post Evacuate Collection Set: 0.4ms
[2019-12-04T22:04:27.716-0600][gc,phases     ] GC(6)   Other: 0.2ms
[2019-12-04T22:04:27.716-0600][gc,heap       ] GC(6) Eden regions: 50->0(50)
[2019-12-04T22:04:27.716-0600][gc,heap       ] GC(6) Survivor regions: 1->1(7)
[2019-12-04T22:04:27.716-0600][gc,heap       ] GC(6) Old regions: 12->12
[2019-12-04T22:04:27.716-0600][gc,heap       ] GC(6) Humongous regions: 129->129
[2019-12-04T22:04:27.716-0600][gc,metaspace  ] GC(6) Metaspace: 34390K->34390K(1079296K)
[2019-12-04T22:04:27.716-0600][gc            ] GC(6) Pause Young (Normal) (G1 Evacuation Pause) 190M->141M(1024M) 19.450ms
[2019-12-04T22:04:27.716-0600][gc,cpu        ] GC(6) User=0.01s Sys=0.00s Real=0.02s
[2019-12-04T22:46:05.760-0600][gc,start      ] GC(7) Pause Young (Normal) (G1 Evacuation Pause)
[2019-12-04T22:46:05.760-0600][gc,task       ] GC(7) Using 1 workers of 1 for evacuation
[2019-12-04T22:46:05.769-0600][gc,phases     ] GC(7)   Pre Evacuate Collection Set: 0.1ms
[2019-12-04T22:46:05.770-0600][gc,phases     ] GC(7)   Evacuate Collection Set: 8.4ms
[2019-12-04T22:46:05.770-0600][gc,phases     ] GC(7)   Post Evacuate Collection Set: 0.3ms
[2019-12-04T22:46:05.770-0600][gc,phases     ] GC(7)   Other: 0.5ms
[2019-12-04T22:46:05.770-0600][gc,heap       ] GC(7) Eden regions: 50->0(49)
[2019-12-04T22:46:05.770-0600][gc,heap       ] GC(7) Survivor regions: 1->2(7)
[2019-12-04T22:46:05.770-0600][gc,heap       ] GC(7) Old regions: 12->12
[2019-12-04T22:46:05.770-0600][gc,heap       ] GC(7) Humongous regions: 129->129
[2019-12-04T22:46:05.770-0600][gc,metaspace  ] GC(7) Metaspace: 34900K->34900K(1081344K)
[2019-12-04T22:46:05.770-0600][gc            ] GC(7) Pause Young (Normal) (G1 Evacuation Pause) 191M->141M(1024M) 9.478ms
[2019-12-04T22:46:05.770-0600][gc,cpu        ] GC(7) User=0.01s Sys=0.00s Real=0.01s
