[2019-12-05T10:01:27.639-0600][gc,heap] Heap region size: 1M
[2019-12-05T10:01:27.650-0600][gc     ] Using G1
[2019-12-05T10:01:27.650-0600][gc,heap,coops] Heap address: 0x00000000c0000000, size: 1024 MB, Compressed Oops mode: 32-bit
[2019-12-05T10:01:30.078-0600][gc,start     ] GC(0) Pause Young (Normal) (G1 Evacuation Pause)
[2019-12-05T10:01:30.078-0600][gc,task      ] GC(0) Using 1 workers of 1 for evacuation
[2019-12-05T10:01:30.100-0600][gc,mmu       ] GC(0) MMU target violated: 21.0ms (20.0ms/21.0ms)
[2019-12-05T10:01:30.100-0600][gc,phases    ] GC(0)   Pre Evacuate Collection Set: 0.0ms
[2019-12-05T10:01:30.100-0600][gc,phases    ] GC(0)   Evacuate Collection Set: 21.1ms
[2019-12-05T10:01:30.100-0600][gc,phases    ] GC(0)   Post Evacuate Collection Set: 0.3ms
[2019-12-05T10:01:30.100-0600][gc,phases    ] GC(0)   Other: 0.1ms
[2019-12-05T10:01:30.100-0600][gc,heap      ] GC(0) Eden regions: 51->0(44)
[2019-12-05T10:01:30.100-0600][gc,heap      ] GC(0) Survivor regions: 0->7(7)
[2019-12-05T10:01:30.100-0600][gc,heap      ] GC(0) Old regions: 0->0
[2019-12-05T10:01:30.100-0600][gc,heap      ] GC(0) Humongous regions: 0->0
[2019-12-05T10:01:30.100-0600][gc,metaspace ] GC(0) Metaspace: 17118K->17118K(1064960K)
[2019-12-05T10:01:30.100-0600][gc           ] GC(0) Pause Young (Normal) (G1 Evacuation Pause) 51M->6M(1024M) 21.659ms
[2019-12-05T10:01:30.100-0600][gc,cpu       ] GC(0) User=0.01s Sys=0.01s Real=0.02s
[2019-12-05T10:01:30.831-0600][gc,start     ] GC(1) Pause Young (Concurrent Start) (Metadata GC Threshold)
[2019-12-05T10:01:30.831-0600][gc,task      ] GC(1) Using 1 workers of 1 for evacuation
[2019-12-05T10:01:30.857-0600][gc,mmu       ] GC(1) MMU target violated: 21.0ms (20.0ms/21.0ms)
[2019-12-05T10:01:30.857-0600][gc,phases    ] GC(1)   Pre Evacuate Collection Set: 0.0ms
[2019-12-05T10:01:30.857-0600][gc,phases    ] GC(1)   Evacuate Collection Set: 26.1ms
[2019-12-05T10:01:30.857-0600][gc,phases    ] GC(1)   Post Evacuate Collection Set: 0.2ms
[2019-12-05T10:01:30.857-0600][gc,phases    ] GC(1)   Other: 0.2ms
[2019-12-05T10:01:30.857-0600][gc,heap      ] GC(1) Eden regions: 14->0(49)
[2019-12-05T10:01:30.857-0600][gc,heap      ] GC(1) Survivor regions: 7->2(7)
[2019-12-05T10:01:30.857-0600][gc,heap      ] GC(1) Old regions: 0->7
[2019-12-05T10:01:30.857-0600][gc,heap      ] GC(1) Humongous regions: 129->129
[2019-12-05T10:01:30.857-0600][gc,metaspace ] GC(1) Metaspace: 20466K->20466K(1067008K)
[2019-12-05T10:01:30.857-0600][gc           ] GC(1) Pause Young (Concurrent Start) (Metadata GC Threshold) 149M->136M(1024M) 26.586ms
[2019-12-05T10:01:30.857-0600][gc,cpu       ] GC(1) User=0.03s Sys=0.00s Real=0.02s
[2019-12-05T10:01:30.858-0600][gc           ] GC(2) Concurrent Cycle
[2019-12-05T10:01:30.858-0600][gc,marking   ] GC(2) Concurrent Clear Claimed Marks
[2019-12-05T10:01:30.858-0600][gc,marking   ] GC(2) Concurrent Clear Claimed Marks 0.023ms
[2019-12-05T10:01:30.858-0600][gc,marking   ] GC(2) Concurrent Scan Root Regions
[2019-12-05T10:01:30.863-0600][gc,marking   ] GC(2) Concurrent Scan Root Regions 5.135ms
[2019-12-05T10:01:30.863-0600][gc,marking   ] GC(2) Concurrent Mark (3.226s)
[2019-12-05T10:01:30.863-0600][gc,marking   ] GC(2) Concurrent Mark From Roots
[2019-12-05T10:01:30.863-0600][gc,task      ] GC(2) Using 1 workers of 1 for marking
[2019-12-05T10:01:30.875-0600][gc,marking   ] GC(2) Concurrent Mark From Roots 11.714ms
[2019-12-05T10:01:30.875-0600][gc,marking   ] GC(2) Concurrent Preclean
[2019-12-05T10:01:30.875-0600][gc,marking   ] GC(2) Concurrent Preclean 0.053ms
[2019-12-05T10:01:30.875-0600][gc,marking   ] GC(2) Concurrent Mark (3.226s, 3.238s) 11.797ms
[2019-12-05T10:01:30.875-0600][gc,start     ] GC(2) Pause Remark
[2019-12-05T10:01:30.878-0600][gc,stringtable] GC(2) Cleaned string and symbol table, strings: 9031 processed, 0 removed, symbols: 49200 processed, 49 removed
[2019-12-05T10:01:30.878-0600][gc            ] GC(2) Pause Remark 137M->137M(1024M) 3.308ms
[2019-12-05T10:01:30.878-0600][gc,cpu        ] GC(2) User=0.00s Sys=0.00s Real=0.00s
[2019-12-05T10:01:30.878-0600][gc,marking    ] GC(2) Concurrent Rebuild Remembered Sets
[2019-12-05T10:01:30.896-0600][gc,marking    ] GC(2) Concurrent Rebuild Remembered Sets 17.432ms
[2019-12-05T10:01:30.896-0600][gc,start      ] GC(2) Pause Cleanup
[2019-12-05T10:01:30.896-0600][gc            ] GC(2) Pause Cleanup 139M->139M(1024M) 0.236ms
[2019-12-05T10:01:30.896-0600][gc,cpu        ] GC(2) User=0.00s Sys=0.00s Real=0.00s
[2019-12-05T10:01:30.896-0600][gc,marking    ] GC(2) Concurrent Cleanup for Next Mark
[2019-12-05T10:01:30.950-0600][gc,marking    ] GC(2) Concurrent Cleanup for Next Mark 54.060ms
[2019-12-05T10:01:30.950-0600][gc            ] GC(2) Concurrent Cycle 92.322ms
[2019-12-05T10:04:03.274-0600][gc,start      ] GC(3) Pause Young (Normal) (G1 Evacuation Pause)
[2019-12-05T10:04:03.274-0600][gc,task       ] GC(3) Using 1 workers of 1 for evacuation
[2019-12-05T10:04:03.287-0600][gc,phases     ] GC(3)   Pre Evacuate Collection Set: 0.0ms
[2019-12-05T10:04:03.287-0600][gc,phases     ] GC(3)   Evacuate Collection Set: 12.6ms
[2019-12-05T10:04:03.287-0600][gc,phases     ] GC(3)   Post Evacuate Collection Set: 0.3ms
[2019-12-05T10:04:03.287-0600][gc,phases     ] GC(3)   Other: 0.1ms
[2019-12-05T10:04:03.287-0600][gc,heap       ] GC(3) Eden regions: 49->0(46)
[2019-12-05T10:04:03.287-0600][gc,heap       ] GC(3) Survivor regions: 2->5(7)
[2019-12-05T10:04:03.287-0600][gc,heap       ] GC(3) Old regions: 7->7
[2019-12-05T10:04:03.287-0600][gc,heap       ] GC(3) Humongous regions: 129->129
[2019-12-05T10:04:03.287-0600][gc,metaspace  ] GC(3) Metaspace: 30119K->30119K(1077248K)
[2019-12-05T10:04:03.287-0600][gc            ] GC(3) Pause Young (Normal) (G1 Evacuation Pause) 185M->140M(1024M) 13.053ms
[2019-12-05T10:04:03.287-0600][gc,cpu        ] GC(3) User=0.01s Sys=0.00s Real=0.01s
[2019-12-05T10:11:15.934-0600][gc,start      ] GC(4) Pause Young (Concurrent Start) (Metadata GC Threshold)
[2019-12-05T10:11:15.934-0600][gc,task       ] GC(4) Using 1 workers of 1 for evacuation
[2019-12-05T10:11:15.975-0600][gc,mmu        ] GC(4) MMU target violated: 21.0ms (20.0ms/21.0ms)
[2019-12-05T10:11:15.975-0600][gc,phases     ] GC(4)   Pre Evacuate Collection Set: 0.1ms
[2019-12-05T10:11:15.975-0600][gc,phases     ] GC(4)   Evacuate Collection Set: 40.2ms
[2019-12-05T10:11:15.975-0600][gc,phases     ] GC(4)   Post Evacuate Collection Set: 0.5ms
[2019-12-05T10:11:15.975-0600][gc,phases     ] GC(4)   Other: 0.2ms
[2019-12-05T10:11:15.975-0600][gc,heap       ] GC(4) Eden regions: 41->0(49)
[2019-12-05T10:11:15.975-0600][gc,heap       ] GC(4) Survivor regions: 5->2(7)
[2019-12-05T10:11:15.975-0600][gc,heap       ] GC(4) Old regions: 7->11
[2019-12-05T10:11:15.975-0600][gc,heap       ] GC(4) Humongous regions: 129->129
[2019-12-05T10:11:15.975-0600][gc,metaspace  ] GC(4) Metaspace: 33886K->33886K(1079296K)
[2019-12-05T10:11:15.975-0600][gc            ] GC(4) Pause Young (Concurrent Start) (Metadata GC Threshold) 180M->141M(1024M) 41.091ms
[2019-12-05T10:11:15.975-0600][gc,cpu        ] GC(4) User=0.03s Sys=0.00s Real=0.04s
[2019-12-05T10:11:15.975-0600][gc            ] GC(5) Concurrent Cycle
[2019-12-05T10:11:15.975-0600][gc,marking    ] GC(5) Concurrent Clear Claimed Marks
[2019-12-05T10:11:15.975-0600][gc,marking    ] GC(5) Concurrent Clear Claimed Marks 0.105ms
[2019-12-05T10:11:15.975-0600][gc,marking    ] GC(5) Concurrent Scan Root Regions
[2019-12-05T10:11:15.977-0600][gc,marking    ] GC(5) Concurrent Scan Root Regions 2.426ms
[2019-12-05T10:11:15.977-0600][gc,marking    ] GC(5) Concurrent Mark (588.340s)
[2019-12-05T10:11:15.978-0600][gc,marking    ] GC(5) Concurrent Mark From Roots
[2019-12-05T10:11:15.978-0600][gc,task       ] GC(5) Using 1 workers of 1 for marking
[2019-12-05T10:11:16.031-0600][gc,marking    ] GC(5) Concurrent Mark From Roots 53.201ms
[2019-12-05T10:11:16.031-0600][gc,marking    ] GC(5) Concurrent Preclean
[2019-12-05T10:11:16.031-0600][gc,marking    ] GC(5) Concurrent Preclean 0.042ms
[2019-12-05T10:11:16.031-0600][gc,marking    ] GC(5) Concurrent Mark (588.340s, 588.394s) 53.285ms
[2019-12-05T10:11:16.031-0600][gc,start      ] GC(5) Pause Remark
[2019-12-05T10:11:16.037-0600][gc,stringtable] GC(5) Cleaned string and symbol table, strings: 14904 processed, 22 removed, symbols: 74881 processed, 20 removed
[2019-12-05T10:11:16.040-0600][gc            ] GC(5) Pause Remark 142M->142M(1024M) 9.171ms
[2019-12-05T10:11:16.040-0600][gc,cpu        ] GC(5) User=0.01s Sys=0.00s Real=0.00s
[2019-12-05T10:11:16.040-0600][gc,marking    ] GC(5) Concurrent Rebuild Remembered Sets
[2019-12-05T10:11:16.052-0600][gc,marking    ] GC(5) Concurrent Rebuild Remembered Sets 11.933ms
[2019-12-05T10:11:16.052-0600][gc,start      ] GC(5) Pause Cleanup
[2019-12-05T10:11:16.052-0600][gc            ] GC(5) Pause Cleanup 142M->142M(1024M) 0.230ms
[2019-12-05T10:11:16.052-0600][gc,cpu        ] GC(5) User=0.00s Sys=0.00s Real=0.00s
[2019-12-05T10:11:16.052-0600][gc,marking    ] GC(5) Concurrent Cleanup for Next Mark
[2019-12-05T10:11:16.068-0600][gc,marking    ] GC(5) Concurrent Cleanup for Next Mark 15.638ms
[2019-12-05T10:11:16.068-0600][gc            ] GC(5) Concurrent Cycle 93.137ms
[2019-12-05T10:12:05.667-0600][gc,heap,exit  ] Heap
[2019-12-05T10:12:05.667-0600][gc,heap,exit  ]  garbage-first heap   total 1048576K, used 158717K [0x00000000c0000000, 0x0000000100000000)
[2019-12-05T10:12:05.667-0600][gc,heap,exit  ]   region size 1024K, 16 young (16384K), 2 survivors (2048K)
[2019-12-05T10:12:05.667-0600][gc,heap,exit  ]  Metaspace       used 34865K, capacity 37174K, committed 37376K, reserved 1081344K
[2019-12-05T10:12:05.667-0600][gc,heap,exit  ]   class space    used 5178K, capacity 6309K, committed 6400K, reserved 1048576K
