[2019-12-16T19:06:29.462-0600][gc,heap] Heap region size: 1M
[2019-12-16T19:06:29.468-0600][gc     ] Using G1
[2019-12-16T19:06:29.468-0600][gc,heap,coops] Heap address: 0x00000000c0000000, size: 1024 MB, Compressed Oops mode: 32-bit
[2019-12-16T19:06:31.501-0600][gc,start     ] GC(0) Pause Young (Normal) (G1 Evacuation Pause)
[2019-12-16T19:06:31.501-0600][gc,task      ] GC(0) Using 1 workers of 1 for evacuation
[2019-12-16T19:06:31.513-0600][gc,phases    ] GC(0)   Pre Evacuate Collection Set: 0.0ms
[2019-12-16T19:06:31.513-0600][gc,phases    ] GC(0)   Evacuate Collection Set: 11.7ms
[2019-12-16T19:06:31.513-0600][gc,phases    ] GC(0)   Post Evacuate Collection Set: 0.3ms
[2019-12-16T19:06:31.513-0600][gc,phases    ] GC(0)   Other: 0.1ms
[2019-12-16T19:06:31.513-0600][gc,heap      ] GC(0) Eden regions: 51->0(44)
[2019-12-16T19:06:31.513-0600][gc,heap      ] GC(0) Survivor regions: 0->7(7)
[2019-12-16T19:06:31.513-0600][gc,heap      ] GC(0) Old regions: 0->0
[2019-12-16T19:06:31.513-0600][gc,heap      ] GC(0) Humongous regions: 0->0
[2019-12-16T19:06:31.513-0600][gc,metaspace ] GC(0) Metaspace: 17073K->17073K(1064960K)
[2019-12-16T19:06:31.513-0600][gc           ] GC(0) Pause Young (Normal) (G1 Evacuation Pause) 51M->6M(1024M) 12.266ms
[2019-12-16T19:06:31.513-0600][gc,cpu       ] GC(0) User=0.01s Sys=0.00s Real=0.01s
[2019-12-16T19:06:31.936-0600][gc,start     ] GC(1) Pause Young (Concurrent Start) (Metadata GC Threshold)
[2019-12-16T19:06:31.936-0600][gc,task      ] GC(1) Using 1 workers of 1 for evacuation
[2019-12-16T19:06:31.949-0600][gc,phases    ] GC(1)   Pre Evacuate Collection Set: 0.0ms
[2019-12-16T19:06:31.949-0600][gc,phases    ] GC(1)   Evacuate Collection Set: 12.8ms
[2019-12-16T19:06:31.949-0600][gc,phases    ] GC(1)   Post Evacuate Collection Set: 0.2ms
[2019-12-16T19:06:31.949-0600][gc,phases    ] GC(1)   Other: 0.1ms
[2019-12-16T19:06:31.949-0600][gc,heap      ] GC(1) Eden regions: 13->0(50)
[2019-12-16T19:06:31.949-0600][gc,heap      ] GC(1) Survivor regions: 7->1(7)
[2019-12-16T19:06:31.949-0600][gc,heap      ] GC(1) Old regions: 0->7
[2019-12-16T19:06:31.949-0600][gc,heap      ] GC(1) Humongous regions: 0->0
[2019-12-16T19:06:31.949-0600][gc,metaspace ] GC(1) Metaspace: 20407K->20407K(1067008K)
[2019-12-16T19:06:31.949-0600][gc           ] GC(1) Pause Young (Concurrent Start) (Metadata GC Threshold) 19M->7M(1024M) 13.219ms
[2019-12-16T19:06:31.949-0600][gc,cpu       ] GC(1) User=0.01s Sys=0.01s Real=0.01s
[2019-12-16T19:06:31.949-0600][gc           ] GC(2) Concurrent Cycle
[2019-12-16T19:06:31.949-0600][gc,marking   ] GC(2) Concurrent Clear Claimed Marks
[2019-12-16T19:06:31.949-0600][gc,marking   ] GC(2) Concurrent Clear Claimed Marks 0.030ms
[2019-12-16T19:06:31.949-0600][gc,marking   ] GC(2) Concurrent Scan Root Regions
[2019-12-16T19:06:31.950-0600][gc,marking   ] GC(2) Concurrent Scan Root Regions 0.632ms
[2019-12-16T19:06:31.950-0600][gc,marking   ] GC(2) Concurrent Mark (2.490s)
[2019-12-16T19:06:31.950-0600][gc,marking   ] GC(2) Concurrent Mark From Roots
[2019-12-16T19:06:31.950-0600][gc,task      ] GC(2) Using 1 workers of 1 for marking
[2019-12-16T19:06:31.967-0600][gc,marking   ] GC(2) Concurrent Mark From Roots 16.738ms
[2019-12-16T19:06:31.967-0600][gc,marking   ] GC(2) Concurrent Preclean
[2019-12-16T19:06:31.967-0600][gc,marking   ] GC(2) Concurrent Preclean 0.077ms
[2019-12-16T19:06:31.967-0600][gc,marking   ] GC(2) Concurrent Mark (2.490s, 2.507s) 16.848ms
[2019-12-16T19:06:31.967-0600][gc,start     ] GC(2) Pause Remark
[2019-12-16T19:06:31.970-0600][gc,stringtable] GC(2) Cleaned string and symbol table, strings: 8919 processed, 0 removed, symbols: 49553 processed, 52 removed
[2019-12-16T19:06:31.970-0600][gc            ] GC(2) Pause Remark 8M->8M(1024M) 3.366ms
[2019-12-16T19:06:31.970-0600][gc,cpu        ] GC(2) User=0.00s Sys=0.00s Real=0.00s
[2019-12-16T19:06:31.970-0600][gc,marking    ] GC(2) Concurrent Rebuild Remembered Sets
[2019-12-16T19:06:31.977-0600][gc,marking    ] GC(2) Concurrent Rebuild Remembered Sets 6.944ms
[2019-12-16T19:06:31.977-0600][gc,start      ] GC(2) Pause Cleanup
[2019-12-16T19:06:31.978-0600][gc            ] GC(2) Pause Cleanup 8M->8M(1024M) 0.253ms
[2019-12-16T19:06:31.978-0600][gc,cpu        ] GC(2) User=0.00s Sys=0.00s Real=0.00s
[2019-12-16T19:06:31.978-0600][gc,marking    ] GC(2) Concurrent Cleanup for Next Mark
[2019-12-16T19:06:31.991-0600][gc,marking    ] GC(2) Concurrent Cleanup for Next Mark 13.601ms
[2019-12-16T19:06:31.991-0600][gc            ] GC(2) Concurrent Cycle 41.926ms
[2019-12-16T19:06:33.890-0600][gc,start      ] GC(3) Pause Young (Normal) (G1 Evacuation Pause)
[2019-12-16T19:06:33.890-0600][gc,task       ] GC(3) Using 1 workers of 1 for evacuation
[2019-12-16T19:06:33.908-0600][gc,phases     ] GC(3)   Pre Evacuate Collection Set: 0.0ms
[2019-12-16T19:06:33.908-0600][gc,phases     ] GC(3)   Evacuate Collection Set: 18.1ms
[2019-12-16T19:06:33.908-0600][gc,phases     ] GC(3)   Post Evacuate Collection Set: 0.3ms
[2019-12-16T19:06:33.909-0600][gc,phases     ] GC(3)   Other: 0.1ms
[2019-12-16T19:06:33.909-0600][gc,heap       ] GC(3) Eden regions: 50->0(46)
[2019-12-16T19:06:33.909-0600][gc,heap       ] GC(3) Survivor regions: 1->5(7)
[2019-12-16T19:06:33.909-0600][gc,heap       ] GC(3) Old regions: 7->7
[2019-12-16T19:06:33.909-0600][gc,heap       ] GC(3) Humongous regions: 129->129
[2019-12-16T19:06:33.909-0600][gc,metaspace  ] GC(3) Metaspace: 29003K->29003K(1075200K)
[2019-12-16T19:06:33.909-0600][gc            ] GC(3) Pause Young (Normal) (G1 Evacuation Pause) 186M->140M(1024M) 18.641ms
[2019-12-16T19:06:33.909-0600][gc,cpu        ] GC(3) User=0.01s Sys=0.00s Real=0.02s
[2019-12-16T19:06:49.995-0600][gc,start      ] GC(4) Pause Young (Concurrent Start) (Metadata GC Threshold)
[2019-12-16T19:06:49.996-0600][gc,task       ] GC(4) Using 1 workers of 1 for evacuation
[2019-12-16T19:06:50.056-0600][gc,mmu        ] GC(4) MMU target violated: 21.0ms (20.0ms/21.0ms)
[2019-12-16T19:06:50.056-0600][gc,phases     ] GC(4)   Pre Evacuate Collection Set: 0.1ms
[2019-12-16T19:06:50.056-0600][gc,phases     ] GC(4)   Evacuate Collection Set: 59.7ms
[2019-12-16T19:06:50.056-0600][gc,phases     ] GC(4)   Post Evacuate Collection Set: 0.4ms
[2019-12-16T19:06:50.056-0600][gc,phases     ] GC(4)   Other: 0.2ms
[2019-12-16T19:06:50.056-0600][gc,heap       ] GC(4) Eden regions: 35->0(49)
[2019-12-16T19:06:50.056-0600][gc,heap       ] GC(4) Survivor regions: 5->2(7)
[2019-12-16T19:06:50.056-0600][gc,heap       ] GC(4) Old regions: 7->11
[2019-12-16T19:06:50.056-0600][gc,heap       ] GC(4) Humongous regions: 147->129
[2019-12-16T19:06:50.056-0600][gc,metaspace  ] GC(4) Metaspace: 33806K->33806K(1079296K)
[2019-12-16T19:06:50.056-0600][gc            ] GC(4) Pause Young (Concurrent Start) (Metadata GC Threshold) 192M->141M(1024M) 60.402ms
[2019-12-16T19:06:50.056-0600][gc,cpu        ] GC(4) User=0.03s Sys=0.00s Real=0.06s
[2019-12-16T19:06:50.056-0600][gc            ] GC(5) Concurrent Cycle
[2019-12-16T19:06:50.056-0600][gc,marking    ] GC(5) Concurrent Clear Claimed Marks
[2019-12-16T19:06:50.056-0600][gc,marking    ] GC(5) Concurrent Clear Claimed Marks 0.108ms
[2019-12-16T19:06:50.056-0600][gc,marking    ] GC(5) Concurrent Scan Root Regions
[2019-12-16T19:06:50.070-0600][gc,marking    ] GC(5) Concurrent Scan Root Regions 14.263ms
[2019-12-16T19:06:50.070-0600][gc,marking    ] GC(5) Concurrent Mark (20.610s)
[2019-12-16T19:06:50.070-0600][gc,marking    ] GC(5) Concurrent Mark From Roots
[2019-12-16T19:06:50.070-0600][gc,task       ] GC(5) Using 1 workers of 1 for marking
[2019-12-16T19:06:50.156-0600][gc,marking    ] GC(5) Concurrent Mark From Roots 86.042ms
[2019-12-16T19:06:50.156-0600][gc,marking    ] GC(5) Concurrent Preclean
[2019-12-16T19:06:50.157-0600][gc,marking    ] GC(5) Concurrent Preclean 0.077ms
[2019-12-16T19:06:50.157-0600][gc,marking    ] GC(5) Concurrent Mark (20.610s, 20.697s) 86.159ms
[2019-12-16T19:06:50.157-0600][gc,start      ] GC(5) Pause Remark
[2019-12-16T19:06:50.179-0600][gc,stringtable] GC(5) Cleaned string and symbol table, strings: 12914 processed, 22 removed, symbols: 72779 processed, 12 removed
[2019-12-16T19:06:50.180-0600][gc,mmu        ] GC(5) MMU target violated: 21.0ms (20.0ms/21.0ms)
[2019-12-16T19:06:50.180-0600][gc            ] GC(5) Pause Remark 142M->142M(1024M) 22.914ms
[2019-12-16T19:06:50.180-0600][gc,cpu        ] GC(5) User=0.00s Sys=0.00s Real=0.02s
[2019-12-16T19:06:50.180-0600][gc,marking    ] GC(5) Concurrent Rebuild Remembered Sets
[2019-12-16T19:06:50.204-0600][gc,marking    ] GC(5) Concurrent Rebuild Remembered Sets 24.838ms
[2019-12-16T19:06:50.205-0600][gc,start      ] GC(5) Pause Cleanup
[2019-12-16T19:06:50.205-0600][gc            ] GC(5) Pause Cleanup 142M->142M(1024M) 0.238ms
[2019-12-16T19:06:50.205-0600][gc,cpu        ] GC(5) User=0.00s Sys=0.00s Real=0.00s
[2019-12-16T19:06:50.205-0600][gc,marking    ] GC(5) Concurrent Cleanup for Next Mark
[2019-12-16T19:06:50.213-0600][gc,marking    ] GC(5) Concurrent Cleanup for Next Mark 8.599ms
[2019-12-16T19:06:50.214-0600][gc            ] GC(5) Concurrent Cycle 157.539ms
[2019-12-16T19:18:46.150-0600][gc,start      ] GC(6) Pause Young (Normal) (G1 Evacuation Pause)
[2019-12-16T19:18:46.150-0600][gc,task       ] GC(6) Using 1 workers of 1 for evacuation
[2019-12-16T19:18:46.194-0600][gc,mmu        ] GC(6) MMU target violated: 21.0ms (20.0ms/21.0ms)
[2019-12-16T19:18:46.194-0600][gc,phases     ] GC(6)   Pre Evacuate Collection Set: 0.0ms
[2019-12-16T19:18:46.194-0600][gc,phases     ] GC(6)   Evacuate Collection Set: 43.3ms
[2019-12-16T19:18:46.194-0600][gc,phases     ] GC(6)   Post Evacuate Collection Set: 0.4ms
[2019-12-16T19:18:46.194-0600][gc,phases     ] GC(6)   Other: 0.2ms
[2019-12-16T19:18:46.194-0600][gc,heap       ] GC(6) Eden regions: 49->0(48)
[2019-12-16T19:18:46.194-0600][gc,heap       ] GC(6) Survivor regions: 2->3(7)
[2019-12-16T19:18:46.194-0600][gc,heap       ] GC(6) Old regions: 11->11
[2019-12-16T19:18:46.194-0600][gc,heap       ] GC(6) Humongous regions: 129->129
[2019-12-16T19:18:46.194-0600][gc,metaspace  ] GC(6) Metaspace: 35695K->35695K(1081344K)
[2019-12-16T19:18:46.194-0600][gc            ] GC(6) Pause Young (Normal) (G1 Evacuation Pause) 190M->143M(1024M) 43.960ms
[2019-12-16T19:18:46.194-0600][gc,cpu        ] GC(6) User=0.02s Sys=0.00s Real=0.04s
[2019-12-16T19:19:07.074-0600][gc,heap,exit  ] Heap
[2019-12-16T19:19:07.074-0600][gc,heap,exit  ]  garbage-first heap   total 1048576K, used 164864K [0x00000000c0000000, 0x0000000100000000)
[2019-12-16T19:19:07.074-0600][gc,heap,exit  ]   region size 1024K, 23 young (23552K), 3 survivors (3072K)
[2019-12-16T19:19:07.074-0600][gc,heap,exit  ]  Metaspace       used 36551K, capacity 39081K, committed 39216K, reserved 1081344K
[2019-12-16T19:19:07.074-0600][gc,heap,exit  ]   class space    used 5322K, capacity 6519K, committed 6528K, reserved 1048576K
