[2019-12-16T18:59:47.318-0600][gc,heap] Heap region size: 1M
[2019-12-16T18:59:47.324-0600][gc     ] Using G1
[2019-12-16T18:59:47.324-0600][gc,heap,coops] Heap address: 0x00000000c0000000, size: 1024 MB, Compressed Oops mode: 32-bit
[2019-12-16T18:59:49.361-0600][gc,start     ] GC(0) Pause Young (Normal) (G1 Evacuation Pause)
[2019-12-16T18:59:49.361-0600][gc,task      ] GC(0) Using 1 workers of 1 for evacuation
[2019-12-16T18:59:49.373-0600][gc,phases    ] GC(0)   Pre Evacuate Collection Set: 0.0ms
[2019-12-16T18:59:49.373-0600][gc,phases    ] GC(0)   Evacuate Collection Set: 11.7ms
[2019-12-16T18:59:49.373-0600][gc,phases    ] GC(0)   Post Evacuate Collection Set: 0.3ms
[2019-12-16T18:59:49.373-0600][gc,phases    ] GC(0)   Other: 0.1ms
[2019-12-16T18:59:49.373-0600][gc,heap      ] GC(0) Eden regions: 51->0(44)
[2019-12-16T18:59:49.373-0600][gc,heap      ] GC(0) Survivor regions: 0->7(7)
[2019-12-16T18:59:49.373-0600][gc,heap      ] GC(0) Old regions: 0->0
[2019-12-16T18:59:49.373-0600][gc,heap      ] GC(0) Humongous regions: 0->0
[2019-12-16T18:59:49.373-0600][gc,metaspace ] GC(0) Metaspace: 17080K->17080K(1064960K)
[2019-12-16T18:59:49.373-0600][gc           ] GC(0) Pause Young (Normal) (G1 Evacuation Pause) 51M->6M(1024M) 12.190ms
[2019-12-16T18:59:49.373-0600][gc,cpu       ] GC(0) User=0.01s Sys=0.00s Real=0.01s
[2019-12-16T18:59:49.800-0600][gc,start     ] GC(1) Pause Young (Concurrent Start) (Metadata GC Threshold)
[2019-12-16T18:59:49.800-0600][gc,task      ] GC(1) Using 1 workers of 1 for evacuation
[2019-12-16T18:59:49.813-0600][gc,phases    ] GC(1)   Pre Evacuate Collection Set: 0.0ms
[2019-12-16T18:59:49.813-0600][gc,phases    ] GC(1)   Evacuate Collection Set: 12.6ms
[2019-12-16T18:59:49.813-0600][gc,phases    ] GC(1)   Post Evacuate Collection Set: 0.2ms
[2019-12-16T18:59:49.813-0600][gc,phases    ] GC(1)   Other: 0.1ms
[2019-12-16T18:59:49.813-0600][gc,heap      ] GC(1) Eden regions: 13->0(50)
[2019-12-16T18:59:49.813-0600][gc,heap      ] GC(1) Survivor regions: 7->1(7)
[2019-12-16T18:59:49.813-0600][gc,heap      ] GC(1) Old regions: 0->7
[2019-12-16T18:59:49.813-0600][gc,heap      ] GC(1) Humongous regions: 0->0
[2019-12-16T18:59:49.813-0600][gc,metaspace ] GC(1) Metaspace: 20411K->20411K(1067008K)
[2019-12-16T18:59:49.813-0600][gc           ] GC(1) Pause Young (Concurrent Start) (Metadata GC Threshold) 19M->6M(1024M) 13.015ms
[2019-12-16T18:59:49.813-0600][gc,cpu       ] GC(1) User=0.02s Sys=0.00s Real=0.01s
[2019-12-16T18:59:49.813-0600][gc           ] GC(2) Concurrent Cycle
[2019-12-16T18:59:49.813-0600][gc,marking   ] GC(2) Concurrent Clear Claimed Marks
[2019-12-16T18:59:49.813-0600][gc,marking   ] GC(2) Concurrent Clear Claimed Marks 0.024ms
[2019-12-16T18:59:49.813-0600][gc,marking   ] GC(2) Concurrent Scan Root Regions
[2019-12-16T18:59:49.814-0600][gc,marking   ] GC(2) Concurrent Scan Root Regions 0.576ms
[2019-12-16T18:59:49.814-0600][gc,marking   ] GC(2) Concurrent Mark (2.498s)
[2019-12-16T18:59:49.814-0600][gc,marking   ] GC(2) Concurrent Mark From Roots
[2019-12-16T18:59:49.814-0600][gc,task      ] GC(2) Using 1 workers of 1 for marking
[2019-12-16T18:59:49.831-0600][gc,marking   ] GC(2) Concurrent Mark From Roots 17.607ms
[2019-12-16T18:59:49.831-0600][gc,marking   ] GC(2) Concurrent Preclean
[2019-12-16T18:59:49.831-0600][gc,marking   ] GC(2) Concurrent Preclean 0.055ms
[2019-12-16T18:59:49.831-0600][gc,marking   ] GC(2) Concurrent Mark (2.498s, 2.516s) 17.690ms
[2019-12-16T18:59:49.831-0600][gc,start     ] GC(2) Pause Remark
[2019-12-16T18:59:49.835-0600][gc,stringtable] GC(2) Cleaned string and symbol table, strings: 8921 processed, 0 removed, symbols: 49556 processed, 52 removed
[2019-12-16T18:59:49.835-0600][gc            ] GC(2) Pause Remark 7M->7M(1024M) 3.283ms
[2019-12-16T18:59:49.835-0600][gc,cpu        ] GC(2) User=0.00s Sys=0.01s Real=0.00s
[2019-12-16T18:59:49.835-0600][gc,marking    ] GC(2) Concurrent Rebuild Remembered Sets
[2019-12-16T18:59:49.840-0600][gc,marking    ] GC(2) Concurrent Rebuild Remembered Sets 5.619ms
[2019-12-16T18:59:49.840-0600][gc,start      ] GC(2) Pause Cleanup
[2019-12-16T18:59:49.841-0600][gc            ] GC(2) Pause Cleanup 7M->7M(1024M) 0.257ms
[2019-12-16T18:59:49.841-0600][gc,cpu        ] GC(2) User=0.00s Sys=0.00s Real=0.00s
[2019-12-16T18:59:49.841-0600][gc,marking    ] GC(2) Concurrent Cleanup for Next Mark
[2019-12-16T18:59:49.854-0600][gc,marking    ] GC(2) Concurrent Cleanup for Next Mark 13.129ms
[2019-12-16T18:59:49.854-0600][gc            ] GC(2) Concurrent Cycle 40.857ms
[2019-12-16T18:59:51.328-0600][gc,start      ] GC(3) Pause Young (Normal) (G1 Evacuation Pause)
[2019-12-16T18:59:51.328-0600][gc,task       ] GC(3) Using 1 workers of 1 for evacuation
[2019-12-16T18:59:51.350-0600][gc,mmu        ] GC(3) MMU target violated: 21.0ms (20.0ms/21.0ms)
[2019-12-16T18:59:51.350-0600][gc,phases     ] GC(3)   Pre Evacuate Collection Set: 0.0ms
[2019-12-16T18:59:51.350-0600][gc,phases     ] GC(3)   Evacuate Collection Set: 21.5ms
[2019-12-16T18:59:51.350-0600][gc,phases     ] GC(3)   Post Evacuate Collection Set: 0.3ms
[2019-12-16T18:59:51.350-0600][gc,phases     ] GC(3)   Other: 0.1ms
[2019-12-16T18:59:51.350-0600][gc,heap       ] GC(3) Eden regions: 50->0(46)
[2019-12-16T18:59:51.350-0600][gc,heap       ] GC(3) Survivor regions: 1->5(7)
[2019-12-16T18:59:51.350-0600][gc,heap       ] GC(3) Old regions: 7->7
[2019-12-16T18:59:51.350-0600][gc,heap       ] GC(3) Humongous regions: 129->129
[2019-12-16T18:59:51.350-0600][gc,metaspace  ] GC(3) Metaspace: 30206K->30206K(1077248K)
[2019-12-16T18:59:51.350-0600][gc            ] GC(3) Pause Young (Normal) (G1 Evacuation Pause) 185M->139M(1024M) 22.028ms
[2019-12-16T18:59:51.350-0600][gc,cpu        ] GC(3) User=0.01s Sys=0.00s Real=0.02s
[2019-12-16T19:02:05.651-0600][gc,start      ] GC(4) Pause Young (Concurrent Start) (Metadata GC Threshold)
[2019-12-16T19:02:05.651-0600][gc,task       ] GC(4) Using 1 workers of 1 for evacuation
[2019-12-16T19:02:05.720-0600][gc,mmu        ] GC(4) MMU target violated: 21.0ms (20.0ms/21.0ms)
[2019-12-16T19:02:05.720-0600][gc,phases     ] GC(4)   Pre Evacuate Collection Set: 0.1ms
[2019-12-16T19:02:05.720-0600][gc,phases     ] GC(4)   Evacuate Collection Set: 67.9ms
[2019-12-16T19:02:05.720-0600][gc,phases     ] GC(4)   Post Evacuate Collection Set: 0.4ms
[2019-12-16T19:02:05.720-0600][gc,phases     ] GC(4)   Other: 0.2ms
[2019-12-16T19:02:05.720-0600][gc,heap       ] GC(4) Eden regions: 36->0(49)
[2019-12-16T19:02:05.720-0600][gc,heap       ] GC(4) Survivor regions: 5->2(7)
[2019-12-16T19:02:05.720-0600][gc,heap       ] GC(4) Old regions: 7->11
[2019-12-16T19:02:05.720-0600][gc,heap       ] GC(4) Humongous regions: 129->129
[2019-12-16T19:02:05.720-0600][gc,metaspace  ] GC(4) Metaspace: 33743K->33743K(1079296K)
[2019-12-16T19:02:05.720-0600][gc            ] GC(4) Pause Young (Concurrent Start) (Metadata GC Threshold) 175M->141M(1024M) 68.631ms
[2019-12-16T19:02:05.720-0600][gc,cpu        ] GC(4) User=0.02s Sys=0.00s Real=0.07s
[2019-12-16T19:02:05.720-0600][gc            ] GC(5) Concurrent Cycle
[2019-12-16T19:02:05.720-0600][gc,marking    ] GC(5) Concurrent Clear Claimed Marks
[2019-12-16T19:02:05.720-0600][gc,marking    ] GC(5) Concurrent Clear Claimed Marks 0.105ms
[2019-12-16T19:02:05.720-0600][gc,marking    ] GC(5) Concurrent Scan Root Regions
[2019-12-16T19:02:05.739-0600][gc,marking    ] GC(5) Concurrent Scan Root Regions 19.114ms
[2019-12-16T19:02:05.739-0600][gc,marking    ] GC(5) Concurrent Mark (138.424s)
[2019-12-16T19:02:05.739-0600][gc,marking    ] GC(5) Concurrent Mark From Roots
[2019-12-16T19:02:05.739-0600][gc,task       ] GC(5) Using 1 workers of 1 for marking
[2019-12-16T19:02:05.928-0600][gc,marking    ] GC(5) Concurrent Mark From Roots 188.684ms
[2019-12-16T19:02:05.928-0600][gc,marking    ] GC(5) Concurrent Preclean
[2019-12-16T19:02:05.928-0600][gc,marking    ] GC(5) Concurrent Preclean 0.052ms
[2019-12-16T19:02:05.928-0600][gc,marking    ] GC(5) Concurrent Mark (138.424s, 138.613s) 188.774ms
[2019-12-16T19:02:05.928-0600][gc,start      ] GC(5) Pause Remark
[2019-12-16T19:02:05.954-0600][gc,stringtable] GC(5) Cleaned string and symbol table, strings: 12952 processed, 21 removed, symbols: 72812 processed, 11 removed
[2019-12-16T19:02:05.956-0600][gc,mmu        ] GC(5) MMU target violated: 21.0ms (20.0ms/21.0ms)
[2019-12-16T19:02:05.956-0600][gc            ] GC(5) Pause Remark 144M->144M(1024M) 27.582ms
[2019-12-16T19:02:05.956-0600][gc,cpu        ] GC(5) User=0.01s Sys=0.00s Real=0.03s
[2019-12-16T19:02:05.958-0600][gc,marking    ] GC(5) Concurrent Rebuild Remembered Sets
[2019-12-16T19:02:06.004-0600][gc,marking    ] GC(5) Concurrent Rebuild Remembered Sets 45.689ms
[2019-12-16T19:02:06.004-0600][gc,start      ] GC(5) Pause Cleanup
[2019-12-16T19:02:06.004-0600][gc            ] GC(5) Pause Cleanup 145M->145M(1024M) 0.245ms
[2019-12-16T19:02:06.004-0600][gc,cpu        ] GC(5) User=0.00s Sys=0.00s Real=0.00s
[2019-12-16T19:02:06.004-0600][gc,marking    ] GC(5) Concurrent Cleanup for Next Mark
[2019-12-16T19:02:06.066-0600][gc,marking    ] GC(5) Concurrent Cleanup for Next Mark 62.421ms
[2019-12-16T19:02:06.067-0600][gc            ] GC(5) Concurrent Cycle 346.460ms
[2019-12-16T19:06:00.870-0600][gc,heap,exit  ] Heap
[2019-12-16T19:06:00.870-0600][gc,heap,exit  ]  garbage-first heap   total 1048576K, used 168802K [0x00000000c0000000, 0x0000000100000000)
[2019-12-16T19:06:00.870-0600][gc,heap,exit  ]   region size 1024K, 27 young (27648K), 2 survivors (2048K)
[2019-12-16T19:06:00.870-0600][gc,heap,exit  ]  Metaspace       used 35585K, capacity 38019K, committed 38172K, reserved 1081344K
[2019-12-16T19:06:00.870-0600][gc,heap,exit  ]   class space    used 5302K, capacity 6489K, committed 6508K, reserved 1048576K
