[2019-12-05T10:11:58.692-0600][gc,heap] Heap region size: 1M
[2019-12-05T10:11:58.695-0600][gc     ] Using G1
[2019-12-05T10:11:58.695-0600][gc,heap,coops] Heap address: 0x00000000e0000000, size: 512 MB, Compressed Oops mode: 32-bit
[2019-12-05T10:55:44.558-0600][gc,start     ] GC(0) Pause Young (Normal) (G1 Evacuation Pause)
[2019-12-05T10:55:44.559-0600][gc,task      ] GC(0) Using 1 workers of 1 for evacuation
[2019-12-05T10:55:44.584-0600][gc,mmu       ] GC(0) MMU target violated: 21.0ms (20.0ms/21.0ms)
[2019-12-05T10:55:44.584-0600][gc,phases    ] GC(0)   Pre Evacuate Collection Set: 0.0ms
[2019-12-05T10:55:44.584-0600][gc,phases    ] GC(0)   Evacuate Collection Set: 24.7ms
[2019-12-05T10:55:44.584-0600][gc,phases    ] GC(0)   Post Evacuate Collection Set: 0.5ms
[2019-12-05T10:55:44.584-0600][gc,phases    ] GC(0)   Other: 0.5ms
[2019-12-05T10:55:44.584-0600][gc,heap      ] GC(0) Eden regions: 25->0(21)
[2019-12-05T10:55:44.584-0600][gc,heap      ] GC(0) Survivor regions: 0->4(4)
[2019-12-05T10:55:44.584-0600][gc,heap      ] GC(0) Old regions: 0->2
[2019-12-05T10:55:44.584-0600][gc,heap      ] GC(0) Humongous regions: 0->0
[2019-12-05T10:55:44.584-0600][gc,metaspace ] GC(0) Metaspace: 7767K->7767K(1056768K)
[2019-12-05T10:55:44.584-0600][gc           ] GC(0) Pause Young (Normal) (G1 Evacuation Pause) 25M->5M(512M) 25.959ms
[2019-12-05T10:55:44.584-0600][gc,cpu       ] GC(0) User=0.02s Sys=0.01s Real=0.03s
[2019-12-06T10:56:39.747-0600][gc,heap,exit ] Heap
[2019-12-06T10:56:39.747-0600][gc,heap,exit ]  garbage-first heap   total 524288K, used 19897K [0x00000000e0000000, 0x0000000100000000)
[2019-12-06T10:56:39.747-0600][gc,heap,exit ]   region size 1024K, 19 young (19456K), 4 survivors (4096K)
[2019-12-06T10:56:39.747-0600][gc,heap,exit ]  Metaspace       used 7775K, capacity 8095K, committed 8192K, reserved 1056768K
[2019-12-06T10:56:39.747-0600][gc,heap,exit ]   class space    used 843K, capacity 962K, committed 1024K, reserved 1048576K
