[2019-12-04T20:50:45.148-0600][gc,heap] Heap region size: 1M
[2019-12-04T20:50:45.151-0600][gc     ] Using G1
[2019-12-04T20:50:45.151-0600][gc,heap,coops] Heap address: 0x00000000e0000000, size: 512 MB, Compressed Oops mode: 32-bit
[2019-12-04T21:21:17.022-0600][gc,start     ] GC(0) Pause Young (Normal) (G1 Evacuation Pause)
[2019-12-04T21:21:17.022-0600][gc,task      ] GC(0) Using 1 workers of 1 for evacuation
[2019-12-04T21:21:17.035-0600][gc,phases    ] GC(0)   Pre Evacuate Collection Set: 0.0ms
[2019-12-04T21:21:17.035-0600][gc,phases    ] GC(0)   Evacuate Collection Set: 12.7ms
[2019-12-04T21:21:17.035-0600][gc,phases    ] GC(0)   Post Evacuate Collection Set: 0.2ms
[2019-12-04T21:21:17.035-0600][gc,phases    ] GC(0)   Other: 0.3ms
[2019-12-04T21:21:17.035-0600][gc,heap      ] GC(0) Eden regions: 25->0(21)
[2019-12-04T21:21:17.035-0600][gc,heap      ] GC(0) Survivor regions: 0->4(4)
[2019-12-04T21:21:17.035-0600][gc,heap      ] GC(0) Old regions: 0->2
[2019-12-04T21:21:17.035-0600][gc,heap      ] GC(0) Humongous regions: 0->0
[2019-12-04T21:21:17.035-0600][gc,metaspace ] GC(0) Metaspace: 7774K->7774K(1056768K)
[2019-12-04T21:21:17.035-0600][gc           ] GC(0) Pause Young (Normal) (G1 Evacuation Pause) 25M->5M(512M) 13.327ms
[2019-12-04T21:21:17.035-0600][gc,cpu       ] GC(0) User=0.01s Sys=0.00s Real=0.01s
[2019-12-04T22:50:21.615-0600][gc,heap,exit ] Heap
[2019-12-04T22:50:21.615-0600][gc,heap,exit ]  garbage-first heap   total 524288K, used 21963K [0x00000000e0000000, 0x0000000100000000)
[2019-12-04T22:50:21.615-0600][gc,heap,exit ]   region size 1024K, 21 young (21504K), 4 survivors (4096K)
[2019-12-04T22:50:21.615-0600][gc,heap,exit ]  Metaspace       used 7840K, capacity 8159K, committed 8448K, reserved 1056768K
[2019-12-04T22:50:21.615-0600][gc,heap,exit ]   class space    used 843K, capacity 962K, committed 1024K, reserved 1048576K
