[2019-12-13T17:13:36.842-0600][gc,heap] Heap region size: 1M
[2019-12-13T17:13:36.845-0600][gc     ] Using G1
[2019-12-13T17:13:36.845-0600][gc,heap,coops] Heap address: 0x00000000e0000000, size: 512 MB, Compressed Oops mode: 32-bit
[2019-12-13T18:10:09.886-0600][gc,start     ] GC(0) Pause Young (Normal) (G1 Evacuation Pause)
[2019-12-13T18:10:09.887-0600][gc,task      ] GC(0) Using 1 workers of 1 for evacuation
[2019-12-13T18:10:09.900-0600][gc,phases    ] GC(0)   Pre Evacuate Collection Set: 0.0ms
[2019-12-13T18:10:09.900-0600][gc,phases    ] GC(0)   Evacuate Collection Set: 12.4ms
[2019-12-13T18:10:09.900-0600][gc,phases    ] GC(0)   Post Evacuate Collection Set: 0.3ms
[2019-12-13T18:10:09.900-0600][gc,phases    ] GC(0)   Other: 0.6ms
[2019-12-13T18:10:09.900-0600][gc,heap      ] GC(0) Eden regions: 25->0(21)
[2019-12-13T18:10:09.900-0600][gc,heap      ] GC(0) Survivor regions: 0->4(4)
[2019-12-13T18:10:09.900-0600][gc,heap      ] GC(0) Old regions: 0->2
[2019-12-13T18:10:09.900-0600][gc,heap      ] GC(0) Humongous regions: 0->0
[2019-12-13T18:10:09.900-0600][gc,metaspace ] GC(0) Metaspace: 7686K->7686K(1056768K)
[2019-12-13T18:10:09.900-0600][gc           ] GC(0) Pause Young (Normal) (G1 Evacuation Pause) 25M->5M(512M) 13.470ms
[2019-12-13T18:10:09.900-0600][gc,cpu       ] GC(0) User=0.01s Sys=0.00s Real=0.02s
[2019-12-13T22:08:40.422-0600][gc,start     ] GC(1) Pause Young (Normal) (G1 Evacuation Pause)
[2019-12-13T22:08:40.426-0600][gc,task      ] GC(1) Using 1 workers of 1 for evacuation
[2019-12-13T22:08:40.583-0600][gc,mmu       ] GC(1) MMU target violated: 21.0ms (20.0ms/21.0ms)
[2019-12-13T22:08:40.583-0600][gc,phases    ] GC(1)   Pre Evacuate Collection Set: 81.6ms
[2019-12-13T22:08:40.583-0600][gc,phases    ] GC(1)   Evacuate Collection Set: 72.2ms
[2019-12-13T22:08:40.583-0600][gc,phases    ] GC(1)   Post Evacuate Collection Set: 0.7ms
[2019-12-13T22:08:40.583-0600][gc,phases    ] GC(1)   Other: 9.4ms
[2019-12-13T22:08:40.583-0600][gc,heap      ] GC(1) Eden regions: 21->0(24)
[2019-12-13T22:08:40.583-0600][gc,heap      ] GC(1) Survivor regions: 4->1(4)
[2019-12-13T22:08:40.583-0600][gc,heap      ] GC(1) Old regions: 2->6
[2019-12-13T22:08:40.583-0600][gc,heap      ] GC(1) Humongous regions: 0->0
[2019-12-13T22:08:40.583-0600][gc,metaspace ] GC(1) Metaspace: 7715K->7715K(1056768K)
[2019-12-13T22:08:40.583-0600][gc           ] GC(1) Pause Young (Normal) (G1 Evacuation Pause) 26M->5M(512M) 161.129ms
[2019-12-13T22:08:40.583-0600][gc,cpu       ] GC(1) User=0.02s Sys=0.00s Real=0.16s
[2019-12-14T03:23:26.991-0600][gc,start     ] GC(2) Pause Young (Normal) (G1 Evacuation Pause)
[2019-12-14T03:23:26.996-0600][gc,task      ] GC(2) Using 1 workers of 1 for evacuation
[2019-12-14T03:23:27.000-0600][gc,phases    ] GC(2)   Pre Evacuate Collection Set: 0.0ms
[2019-12-14T03:23:27.000-0600][gc,phases    ] GC(2)   Evacuate Collection Set: 3.4ms
[2019-12-14T03:23:27.000-0600][gc,phases    ] GC(2)   Post Evacuate Collection Set: 0.4ms
[2019-12-14T03:23:27.000-0600][gc,phases    ] GC(2)   Other: 6.0ms
[2019-12-14T03:23:27.000-0600][gc,heap      ] GC(2) Eden regions: 24->0(24)
[2019-12-14T03:23:27.000-0600][gc,heap      ] GC(2) Survivor regions: 1->1(4)
[2019-12-14T03:23:27.001-0600][gc,heap      ] GC(2) Old regions: 6->6
[2019-12-14T03:23:27.001-0600][gc,heap      ] GC(2) Humongous regions: 0->0
[2019-12-14T03:23:27.001-0600][gc,metaspace ] GC(2) Metaspace: 7732K->7732K(1056768K)
[2019-12-14T03:23:27.001-0600][gc           ] GC(2) Pause Young (Normal) (G1 Evacuation Pause) 29M->5M(512M) 10.223ms
[2019-12-14T03:23:27.001-0600][gc,cpu       ] GC(2) User=0.00s Sys=0.00s Real=0.02s
[2019-12-14T08:39:19.462-0600][gc,start     ] GC(3) Pause Young (Normal) (G1 Evacuation Pause)
[2019-12-14T08:39:19.468-0600][gc,task      ] GC(3) Using 1 workers of 1 for evacuation
[2019-12-14T08:39:19.483-0600][gc,phases    ] GC(3)   Pre Evacuate Collection Set: 0.2ms
[2019-12-14T08:39:19.483-0600][gc,phases    ] GC(3)   Evacuate Collection Set: 11.1ms
[2019-12-14T08:39:19.483-0600][gc,phases    ] GC(3)   Post Evacuate Collection Set: 1.2ms
[2019-12-14T08:39:19.483-0600][gc,phases    ] GC(3)   Other: 14.4ms
[2019-12-14T08:39:19.483-0600][gc,heap      ] GC(3) Eden regions: 24->0(24)
[2019-12-14T08:39:19.483-0600][gc,heap      ] GC(3) Survivor regions: 1->1(4)
[2019-12-14T08:39:19.483-0600][gc,heap      ] GC(3) Old regions: 6->6
[2019-12-14T08:39:19.483-0600][gc,heap      ] GC(3) Humongous regions: 0->0
[2019-12-14T08:39:19.483-0600][gc,metaspace ] GC(3) Metaspace: 7732K->7732K(1056768K)
[2019-12-14T08:39:19.484-0600][gc           ] GC(3) Pause Young (Normal) (G1 Evacuation Pause) 29M->5M(512M) 23.235ms
[2019-12-14T08:39:19.484-0600][gc,cpu       ] GC(3) User=0.00s Sys=0.00s Real=0.02s
[2019-12-14T13:52:31.580-0600][gc,start     ] GC(4) Pause Young (Normal) (G1 Evacuation Pause)
[2019-12-14T13:52:31.586-0600][gc,task      ] GC(4) Using 1 workers of 1 for evacuation
[2019-12-14T13:52:31.614-0600][gc,mmu       ] GC(4) MMU target violated: 21.0ms (20.0ms/21.0ms)
[2019-12-14T13:52:31.614-0600][gc,phases    ] GC(4)   Pre Evacuate Collection Set: 18.2ms
[2019-12-14T13:52:31.614-0600][gc,phases    ] GC(4)   Evacuate Collection Set: 8.3ms
[2019-12-14T13:52:31.614-0600][gc,phases    ] GC(4)   Post Evacuate Collection Set: 0.3ms
[2019-12-14T13:52:31.614-0600][gc,phases    ] GC(4)   Other: 7.1ms
[2019-12-14T13:52:31.614-0600][gc,heap      ] GC(4) Eden regions: 24->0(24)
[2019-12-14T13:52:31.614-0600][gc,heap      ] GC(4) Survivor regions: 1->1(4)
[2019-12-14T13:52:31.614-0600][gc,heap      ] GC(4) Old regions: 6->6
[2019-12-14T13:52:31.614-0600][gc,heap      ] GC(4) Humongous regions: 0->0
[2019-12-14T13:52:31.614-0600][gc,metaspace ] GC(4) Metaspace: 7756K->7756K(1056768K)
[2019-12-14T13:52:31.614-0600][gc           ] GC(4) Pause Young (Normal) (G1 Evacuation Pause) 29M->5M(512M) 34.294ms
[2019-12-14T13:52:31.614-0600][gc,cpu       ] GC(4) User=0.01s Sys=0.00s Real=0.03s
[2019-12-14T19:09:03.576-0600][gc,start     ] GC(5) Pause Young (Normal) (G1 Evacuation Pause)
[2019-12-14T19:09:03.581-0600][gc,task      ] GC(5) Using 1 workers of 1 for evacuation
[2019-12-14T19:09:03.600-0600][gc,phases    ] GC(5)   Pre Evacuate Collection Set: 0.3ms
[2019-12-14T19:09:03.600-0600][gc,phases    ] GC(5)   Evacuate Collection Set: 17.0ms
[2019-12-14T19:09:03.600-0600][gc,phases    ] GC(5)   Post Evacuate Collection Set: 0.5ms
[2019-12-14T19:09:03.600-0600][gc,phases    ] GC(5)   Other: 6.6ms
[2019-12-14T19:09:03.600-0600][gc,heap      ] GC(5) Eden regions: 24->0(24)
[2019-12-14T19:09:03.600-0600][gc,heap      ] GC(5) Survivor regions: 1->1(4)
[2019-12-14T19:09:03.600-0600][gc,heap      ] GC(5) Old regions: 6->6
[2019-12-14T19:09:03.600-0600][gc,heap      ] GC(5) Humongous regions: 0->0
[2019-12-14T19:09:03.600-0600][gc,metaspace ] GC(5) Metaspace: 7762K->7762K(1056768K)
[2019-12-14T19:09:03.600-0600][gc           ] GC(5) Pause Young (Normal) (G1 Evacuation Pause) 29M->5M(512M) 24.388ms
[2019-12-14T19:09:03.600-0600][gc,cpu       ] GC(5) User=0.00s Sys=0.00s Real=0.03s
[2019-12-15T00:23:02.002-0600][gc,start     ] GC(6) Pause Young (Normal) (G1 Evacuation Pause)
[2019-12-15T00:23:02.003-0600][gc,task      ] GC(6) Using 1 workers of 1 for evacuation
[2019-12-15T00:23:02.005-0600][gc,phases    ] GC(6)   Pre Evacuate Collection Set: 0.0ms
[2019-12-15T00:23:02.005-0600][gc,phases    ] GC(6)   Evacuate Collection Set: 2.4ms
[2019-12-15T00:23:02.005-0600][gc,phases    ] GC(6)   Post Evacuate Collection Set: 0.1ms
[2019-12-15T00:23:02.005-0600][gc,phases    ] GC(6)   Other: 0.6ms
[2019-12-15T00:23:02.005-0600][gc,heap      ] GC(6) Eden regions: 24->0(24)
[2019-12-15T00:23:02.005-0600][gc,heap      ] GC(6) Survivor regions: 1->1(4)
[2019-12-15T00:23:02.005-0600][gc,heap      ] GC(6) Old regions: 6->6
[2019-12-15T00:23:02.005-0600][gc,heap      ] GC(6) Humongous regions: 0->0
[2019-12-15T00:23:02.005-0600][gc,metaspace ] GC(6) Metaspace: 7765K->7765K(1056768K)
[2019-12-15T00:23:02.005-0600][gc           ] GC(6) Pause Young (Normal) (G1 Evacuation Pause) 29M->5M(512M) 2.865ms
[2019-12-15T00:23:02.005-0600][gc,cpu       ] GC(6) User=0.01s Sys=0.00s Real=0.00s
[2019-12-15T00:23:02.016-0600][gc,heap,exit ] Heap
[2019-12-15T00:23:02.016-0600][gc,heap,exit ]  garbage-first heap   total 524288K, used 5597K [0x00000000e0000000, 0x0000000100000000)
[2019-12-15T00:23:02.016-0600][gc,heap,exit ]   region size 1024K, 2 young (2048K), 1 survivors (1024K)
[2019-12-15T00:23:02.016-0600][gc,heap,exit ]  Metaspace       used 7766K, capacity 8039K, committed 8192K, reserved 1056768K
[2019-12-15T00:23:02.016-0600][gc,heap,exit ]   class space    used 842K, capacity 962K, committed 1024K, reserved 1048576K
